Component: Arm Compiler for Embedded 6.19 Tool: armlink [5e73cb00]

==============================================================================

Section Cross References

    startup_stm32f030x6.o(RESET) refers to startup_stm32f030x6.o(STACK) for __initial_sp
    startup_stm32f030x6.o(RESET) refers to startup_stm32f030x6.o(.text) for Reset_Handler
    startup_stm32f030x6.o(RESET) refers to stm32f0xx_it.o(.text.NMI_Handler) for NMI_Handler
    startup_stm32f030x6.o(RESET) refers to stm32f0xx_it.o(.text.HardFault_Handler) for HardFault_Handler
    startup_stm32f030x6.o(RESET) refers to stm32f0xx_it.o(.text.SVC_Handler) for SVC_Handler
    startup_stm32f030x6.o(RESET) refers to stm32f0xx_it.o(.text.PendSV_Handler) for PendSV_Handler
    startup_stm32f030x6.o(RESET) refers to stm32f0xx_it.o(.text.SysTick_Handler) for SysTick_Handler
    startup_stm32f030x6.o(RESET) refers to stm32f0xx_it.o(.text.TIM16_IRQHandler) for TIM16_IRQHandler
    startup_stm32f030x6.o(RESET) refers to stm32f0xx_it.o(.text.TIM17_IRQHandler) for TIM17_IRQHandler
    startup_stm32f030x6.o(.text) refers to system_stm32f0xx.o(.text.SystemInit) for SystemInit
    startup_stm32f030x6.o(.text) refers to entry.o(.ARM.Collect$$$$00000000) for __main
    lcd_ch.o(.ARM.exidx.text.lcd_delay_us) refers to lcd_ch.o(.text.lcd_delay_us) for [Anonymous Symbol]
    lcd_ch.o(.text.toggle_EN_pin) refers to stm32f0xx_hal_gpio.o(.text.HAL_GPIO_WritePin) for HAL_GPIO_WritePin
    lcd_ch.o(.ARM.exidx.text.toggle_EN_pin) refers to lcd_ch.o(.text.toggle_EN_pin) for [Anonymous Symbol]
    lcd_ch.o(.text.LCD_4bit_send) refers to stm32f0xx_hal_gpio.o(.text.HAL_GPIO_WritePin) for HAL_GPIO_WritePin
    lcd_ch.o(.text.LCD_4bit_send) refers to lcd_ch.o(.text.toggle_EN_pin) for toggle_EN_pin
    lcd_ch.o(.ARM.exidx.text.LCD_4bit_send) refers to lcd_ch.o(.text.LCD_4bit_send) for [Anonymous Symbol]
    lcd_ch.o(.text.LCD_send) refers to stm32f0xx_hal_gpio.o(.text.HAL_GPIO_WritePin) for HAL_GPIO_WritePin
    lcd_ch.o(.text.LCD_send) refers to lcd_ch.o(.text.LCD_4bit_send) for LCD_4bit_send
    lcd_ch.o(.ARM.exidx.text.LCD_send) refers to lcd_ch.o(.text.LCD_send) for [Anonymous Symbol]
    lcd_ch.o(.text.LCD_clear_home) refers to stm32f0xx_hal_gpio.o(.text.HAL_GPIO_WritePin) for HAL_GPIO_WritePin
    lcd_ch.o(.text.LCD_clear_home) refers to lcd_ch.o(.text.LCD_4bit_send) for LCD_4bit_send
    lcd_ch.o(.ARM.exidx.text.LCD_clear_home) refers to lcd_ch.o(.text.LCD_clear_home) for [Anonymous Symbol]
    lcd_ch.o(.text.LCD_clearrow) refers to stm32f0xx_hal_gpio.o(.text.HAL_GPIO_WritePin) for HAL_GPIO_WritePin
    lcd_ch.o(.text.LCD_clearrow) refers to lcd_ch.o(.text.LCD_4bit_send) for LCD_4bit_send
    lcd_ch.o(.ARM.exidx.text.LCD_clearrow) refers to lcd_ch.o(.text.LCD_clearrow) for [Anonymous Symbol]
    lcd_ch.o(.text.LCD_gotoxy) refers to stm32f0xx_hal_gpio.o(.text.HAL_GPIO_WritePin) for HAL_GPIO_WritePin
    lcd_ch.o(.text.LCD_gotoxy) refers to lcd_ch.o(.text.LCD_4bit_send) for LCD_4bit_send
    lcd_ch.o(.ARM.exidx.text.LCD_gotoxy) refers to lcd_ch.o(.text.LCD_gotoxy) for [Anonymous Symbol]
    lcd_ch.o(.text.LCD_create_custom_char) refers to stm32f0xx_hal_gpio.o(.text.HAL_GPIO_WritePin) for HAL_GPIO_WritePin
    lcd_ch.o(.text.LCD_create_custom_char) refers to lcd_ch.o(.text.LCD_4bit_send) for LCD_4bit_send
    lcd_ch.o(.ARM.exidx.text.LCD_create_custom_char) refers to lcd_ch.o(.text.LCD_create_custom_char) for [Anonymous Symbol]
    lcd_ch.o(.text.LCD_init) refers to stm32f0xx_hal_gpio.o(.text.HAL_GPIO_WritePin) for HAL_GPIO_WritePin
    lcd_ch.o(.text.LCD_init) refers to stm32f0xx_hal.o(.text.HAL_Delay) for HAL_Delay
    lcd_ch.o(.text.LCD_init) refers to lcd_ch.o(.text.LCD_4bit_send) for LCD_4bit_send
    lcd_ch.o(.text.LCD_init) refers to lcd_ch.o(.text.LCD_clear_home) for LCD_clear_home
    lcd_ch.o(.ARM.exidx.text.LCD_init) refers to lcd_ch.o(.text.LCD_init) for [Anonymous Symbol]
    lcd_ch.o(.text.LCD_putstr) refers to stm32f0xx_hal_gpio.o(.text.HAL_GPIO_WritePin) for HAL_GPIO_WritePin
    lcd_ch.o(.text.LCD_putstr) refers to lcd_ch.o(.text.LCD_4bit_send) for LCD_4bit_send
    lcd_ch.o(.ARM.exidx.text.LCD_putstr) refers to lcd_ch.o(.text.LCD_putstr) for [Anonymous Symbol]
    lcd_ch.o(.text.LCD_putchar) refers to stm32f0xx_hal_gpio.o(.text.HAL_GPIO_WritePin) for HAL_GPIO_WritePin
    lcd_ch.o(.text.LCD_putchar) refers to lcd_ch.o(.text.LCD_4bit_send) for LCD_4bit_send
    lcd_ch.o(.ARM.exidx.text.LCD_putchar) refers to lcd_ch.o(.text.LCD_putchar) for [Anonymous Symbol]
    lcd_ch.o(.text.LCD_putstrpos) refers to stm32f0xx_hal_gpio.o(.text.HAL_GPIO_WritePin) for HAL_GPIO_WritePin
    lcd_ch.o(.text.LCD_putstrpos) refers to lcd_ch.o(.text.LCD_4bit_send) for LCD_4bit_send
    lcd_ch.o(.text.LCD_putstrpos) refers to lcd_ch.o(.text.LCD_putstr) for LCD_putstr
    lcd_ch.o(.ARM.exidx.text.LCD_putstrpos) refers to lcd_ch.o(.text.LCD_putstrpos) for [Anonymous Symbol]
[...]
    __arm_cp.2_2                             0x080016fc   Number         4  stm32f0xx_hal_rcc.o(.text.HAL_RCC_ClockConfig)
    __arm_cp.2_3                             0x08001700   Number         4  stm32f0xx_hal_rcc.o(.text.HAL_RCC_ClockConfig)
    __arm_cp.2_4                             0x08001704   Number         4  stm32f0xx_hal_rcc.o(.text.HAL_RCC_ClockConfig)
    [Anonymous Symbol]                       0x08001708   Section        0  stm32f0xx_hal_rcc.o(.text.HAL_RCC_GetSysClockFreq)
    __arm_cp.3_0                             0x08001740   Number         4  stm32f0xx_hal_rcc.o(.text.HAL_RCC_GetSysClockFreq)
    __arm_cp.3_1                             0x08001744   Number         4  stm32f0xx_hal_rcc.o(.text.HAL_RCC_GetSysClockFreq)
    __arm_cp.3_4                             0x08001768   Number         4  stm32f0xx_hal_rcc.o(.text.HAL_RCC_GetSysClockFreq)
    [Anonymous Symbol]                       0x0800176c   Section        0  stm32f0xx_hal_rcc.o(.text.HAL_RCC_OscConfig)
    __arm_cp.1_0                             0x08001b3c   Number         4  stm32f0xx_hal_rcc.o(.text.HAL_RCC_OscConfig)
    __arm_cp.1_1                             0x08001b40   Number         4  stm32f0xx_hal_rcc.o(.text.HAL_RCC_OscConfig)
    __arm_cp.1_2                             0x08001b44   Number         4  stm32f0xx_hal_rcc.o(.text.HAL_RCC_OscConfig)
    [Anonymous Symbol]                       0x08001b48   Section        0  stm32f0xx_hal_cortex.o(.text.HAL_SYSTICK_Config)
    __arm_cp.4_0                             0x08001b70   Number         4  stm32f0xx_hal_cortex.o(.text.HAL_SYSTICK_Config)
    __arm_cp.4_1                             0x08001b74   Number         4  stm32f0xx_hal_cortex.o(.text.HAL_SYSTICK_Config)
    __arm_cp.4_2                             0x08001b78   Number         4  stm32f0xx_hal_cortex.o(.text.HAL_SYSTICK_Config)
    [Anonymous Symbol]                       0x08001b7c   Section        0  stm32f0xx_hal_tim_ex.o(.text.HAL_TIMEx_BreakCallback)
    [Anonymous Symbol]                       0x08001b7e   Section        0  stm32f0xx_hal_tim_ex.o(.text.HAL_TIMEx_CommutCallback)
    [Anonymous Symbol]                       0x08001b80   Section        0  stm32f0xx_hal_tim_ex.o(.text.HAL_TIMEx_ConfigBreakDeadTime)
    [Anonymous Symbol]                       0x08001bdc   Section        0  stm32f0xx_hal_tim_ex.o(.text.HAL_TIMEx_MasterConfigSynchronization)
    [Anonymous Symbol]                       0x08001c24   Section        0  stm32f0xx_hal_tim.o(.text.HAL_TIM_Base_Init)
    [Anonymous Symbol]                       0x08001c70   Section        0  tim.o(.text.HAL_TIM_Base_MspInit)
    __arm_cp.4_0                             0x08001ce4   Number         4  tim.o(.text.HAL_TIM_Base_MspInit)
    __arm_cp.4_1                             0x08001ce8   Number         4  tim.o(.text.HAL_TIM_Base_MspInit)
    __arm_cp.4_3                             0x08001cec   Number         4  tim.o(.text.HAL_TIM_Base_MspInit)
    [Anonymous Symbol]                       0x08001cf0   Section        0  stm32f0xx_hal_tim.o(.text.HAL_TIM_Base_Start_IT)
    __arm_cp.7_0                             0x08001d30   Number         4  stm32f0xx_hal_tim.o(.text.HAL_TIM_Base_Start_IT)
    __arm_cp.7_1                             0x08001d34   Number         4  stm32f0xx_hal_tim.o(.text.HAL_TIM_Base_Start_IT)
    [Anonymous Symbol]                       0x08001d38   Section        0  stm32f0xx_hal_tim.o(.text.HAL_TIM_ConfigClockSource)
    __arm_cp.93_0                            0x08001e80   Number         4  stm32f0xx_hal_tim.o(.text.HAL_TIM_ConfigClockSource)
    [Anonymous Symbol]                       0x08001e84   Section        0  stm32f0xx_hal_tim.o(.text.HAL_TIM_IC_CaptureCallback)
    [Anonymous Symbol]                       0x08001e86   Section        0  stm32f0xx_hal_tim.o(.text.HAL_TIM_IRQHandler)
    [Anonymous Symbol]                       0x08001fd0   Section        0  tim.o(.text.HAL_TIM_MspPostInit)
    __arm_cp.1_0                             0x08002010   Number         4  tim.o(.text.HAL_TIM_MspPostInit)
    __arm_cp.1_1                             0x08002014   Number         4  tim.o(.text.HAL_TIM_MspPostInit)
    [Anonymous Symbol]                       0x08002018   Section        0  stm32f0xx_hal_tim.o(.text.HAL_TIM_OC_DelayElapsedCallback)
    [Anonymous Symbol]                       0x0800201c   Section        0  stm32f0xx_hal_tim.o(.text.HAL_TIM_PWM_ConfigChannel)
    [Anonymous Symbol]                       0x080020dc   Section        0  stm32f0xx_hal_tim.o(.text.HAL_TIM_PWM_Init)
    [Anonymous Symbol]                       0x08002126   Section        0  stm32f0xx_hal_tim.o(.text.HAL_TIM_PWM_MspInit)
    [Anonymous Symbol]                       0x08002128   Section        0  stm32f0xx_hal_tim.o(.text.HAL_TIM_PWM_PulseFinishedCallback)
    [Anonymous Symbol]                       0x0800212c   Section        0  stm32f0xx_hal_tim.o(.text.HAL_TIM_PWM_Start)
    __arm_cp.31_0                            0x080021c8   Number         4  stm32f0xx_hal_tim.o(.text.HAL_TIM_PWM_Start)
    __arm_cp.31_3                            0x080021cc   Number         4  stm32f0xx_hal_tim.o(.text.HAL_TIM_PWM_Start)
    __arm_cp.31_4                            0x080021d0   Number         4  stm32f0xx_hal_tim.o(.text.HAL_TIM_PWM_Start)
    [Anonymous Symbol]                       0x080021d4   Section        0  main.o(.text.HAL_TIM_PeriodElapsedCallback)
    __arm_cp.0_0                             0x08002308   Number         4  main.o(.text.HAL_TIM_PeriodElapsedCallback)
    __arm_cp.0_1                             0x0800230c   Number         4  main.o(.text.HAL_TIM_PeriodElapsedCallback)
    __arm_cp.0_2                             0x08002310   Number         4  main.o(.text.HAL_TIM_PeriodElapsedCallback)
    __arm_cp.0_3                             0x08002314   Number         4  main.o(.text.HAL_TIM_PeriodElapsedCallback)
    __arm_cp.0_4                             0x08002318   Number         4  main.o(.text.HAL_TIM_PeriodElapsedCallback)
    __arm_cp.0_5                             0x0800231c   Number         4  main.o(.text.HAL_TIM_PeriodElapsedCallback)
    __arm_cp.0_6                             0x08002320   Number         4  main.o(.text.HAL_TIM_PeriodElapsedCallback)
    __arm_cp.0_7                             0x08002324   Number         4  main.o(.text.HAL_TIM_PeriodElapsedCallback)
    __arm_cp.0_8                             0x08002328   Number         4  main.o(.text.HAL_TIM_PeriodElapsedCallback)
    [Anonymous Symbol]                       0x0800232c   Section        0  stm32f0xx_hal_tim.o(.text.HAL_TIM_TriggerCallback)
    [Anonymous Symbol]                       0x0800232e   Section        0  stm32f0xx_it.o(.text.HardFault_Handler)
    [Anonymous Symbol]                       0x08002330   Section        0  heater_fan.o(.text.HeaterCheck)
    __arm_cp.9_0                             0x0800238c   Number         4  heater_fan.o(.text.HeaterCheck)
    [Anonymous Symbol]                       0x08002390   Section        0  heater_fan.o(.text.HeaterInit)
    [Anonymous Symbol]                       0x080023c8   Section        0  heater_fan.o(.text.HeaterSave)
    [Anonymous Symbol]                       0x08002400   Section        0  heater_fan.o(.text.HeaterSetPercent)
    __arm_cp.8_0                             0x08002428   Number         4  heater_fan.o(.text.HeaterSetPercent)
    __arm_cp.8_1                             0x0800242c   Number         4  heater_fan.o(.text.HeaterSetPercent)
    I2C_IsAcknowledgeFailed                  0x08002431   Thumb Code   136  stm32f0xx_hal_i2c.o(.text.I2C_IsAcknowledgeFailed)
    [Anonymous Symbol]                       0x08002430   Section        0  stm32f0xx_hal_i2c.o(.text.I2C_IsAcknowledgeFailed)
    __arm_cp.73_0                            0x080024b8   Number         4  stm32f0xx_hal_i2c.o(.text.I2C_IsAcknowledgeFailed)
    I2C_RequestMemoryRead                    0x080024bd   Thumb Code   132  stm32f0xx_hal_i2c.o(.text.I2C_RequestMemoryRead)
    [Anonymous Symbol]                       0x080024bc   Section        0  stm32f0xx_hal_i2c.o(.text.I2C_RequestMemoryRead)
    __arm_cp.32_2                            0x08002540   Number         4  stm32f0xx_hal_i2c.o(.text.I2C_RequestMemoryRead)
    I2C_RequestMemoryWrite                   0x08002545   Thumb Code   132  stm32f0xx_hal_i2c.o(.text.I2C_RequestMemoryWrite)
    [Anonymous Symbol]                       0x08002544   Section        0  stm32f0xx_hal_i2c.o(.text.I2C_RequestMemoryWrite)
    __arm_cp.30_0                            0x080025c8   Number         4  stm32f0xx_hal_i2c.o(.text.I2C_RequestMemoryWrite)
    __arm_cp.30_1                            0x080025cc   Number         4  stm32f0xx_hal_i2c.o(.text.I2C_RequestMemoryWrite)
    __arm_cp.30_2                            0x080025d0   Number         4  stm32f0xx_hal_i2c.o(.text.I2C_RequestMemoryWrite)
    I2C_WaitOnFlagUntilTimeout               0x080025d5   Thumb Code   106  stm32f0xx_hal_i2c.o(.text.I2C_WaitOnFlagUntilTimeout)
    [Anonymous Symbol]                       0x080025d4   Section        0  stm32f0xx_hal_i2c.o(.text.I2C_WaitOnFlagUntilTimeout)
    I2C_WaitOnSTOPFlagUntilTimeout           0x0800263f   Thumb Code    80  stm32f0xx_hal_i2c.o(.text.I2C_WaitOnSTOPFlagUntilTimeout)
    [Anonymous Symbol]                       0x0800263e   Section        0  stm32f0xx_hal_i2c.o(.text.I2C_WaitOnSTOPFlagUntilTimeout)
    I2C_WaitOnTXISFlagUntilTimeout           0x0800268f   Thumb Code    98  stm32f0xx_hal_i2c.o(.text.I2C_WaitOnTXISFlagUntilTimeout)
    [Anonymous Symbol]                       0x0800268e   Section        0  stm32f0xx_hal_i2c.o(.text.I2C_WaitOnTXISFlagUntilTimeout)
    [Anonymous Symbol]                       0x080026f0   Section        0  i2c_hal.o(.text.I2c_ReadByte)
    [Anonymous Symbol]                       0x080027b0   Section        0  i2c_hal.o(.text.I2c_StartCondition)
    __arm_cp.6_0                             0x08002800   Number         4  i2c_hal.o(.text.I2c_StartCondition)
    [Anonymous Symbol]                       0x08002804   Section        0  i2c_hal.o(.text.I2c_StopCondition)
    [Anonymous Symbol]                       0x08002854   Section        0  i2c_hal.o(.text.I2c_WriteByte)
    [Anonymous Symbol]                       0x08002904   Section        0  user_time.o(.text.IncTime)
    [Anonymous Symbol]                       0x0800294a   Section        0  user_time.o(.text.IncTimesec)
    [Anonymous Symbol]                       0x08002958   Section        0  main.o(.text.IsHatcher)
    [Anonymous Symbol]                       0x080029a0   Section        0  keys.o(.text.KeysInit)
    __arm_cp.0_0                             0x080029d8   Number         4  keys.o(.text.KeysInit)
    __arm_cp.0_1                             0x080029dc   Number         4  keys.o(.text.KeysInit)
    [Anonymous Symbol]                       0x080029e0   Section        0  lcd_ch.o(.text.LCD_4bit_send)
    [Anonymous Symbol]                       0x08002a32   Section        0  lcd_ch.o(.text.LCD_clear_home)
    [Anonymous Symbol]                       0x08002a5e   Section        0  lcd_ch.o(.text.LCD_clear_size)
    [Anonymous Symbol]                       0x08002aa8   Section        0  lcd_ch.o(.text.LCD_clearrow)
    [Anonymous Symbol]                       0x08002ae4   Section        0  lcd_ch.o(.text.LCD_create_custom_char)
    [Anonymous Symbol]                       0x08002b22   Section        0  lcd_ch.o(.text.LCD_cursor_off)
    [Anonymous Symbol]                       0x08002b38   Section        0  lcd_ch.o(.text.LCD_cursor_on)
    [Anonymous Symbol]                       0x08002b4e   Section        0  lcd_ch.o(.text.LCD_gotoxy)
    [Anonymous Symbol]                       0x08002b72   Section        0  lcd_ch.o(.text.LCD_init)
    [Anonymous Symbol]                       0x08002be4   Section        0  lcd_ch.o(.text.LCD_putpersian)
    __arm_cp.30_0                            0x08002d54   Number         4  lcd_ch.o(.text.LCD_putpersian)
    __arm_cp.30_1                            0x08002d58   Number         4  lcd_ch.o(.text.LCD_putpersian)
    __arm_cp.30_2                            0x08002d5c   Number         4  lcd_ch.o(.text.LCD_putpersian)
    __arm_cp.30_3                            0x08002d60   Number         4  lcd_ch.o(.text.LCD_putpersian)
    __arm_cp.30_4                            0x08002d64   Number         4  lcd_ch.o(.text.LCD_putpersian)
    __arm_cp.30_5                            0x08002d68   Number         4  lcd_ch.o(.text.LCD_putpersian)
    __arm_cp.30_6                            0x08002d6c   Number         4  lcd_ch.o(.text.LCD_putpersian)
    __arm_cp.30_7                            0x08002d70   Number         4  lcd_ch.o(.text.LCD_putpersian)
    __arm_cp.30_8                            0x08002d74   Number         4  lcd_ch.o(.text.LCD_putpersian)
    __arm_cp.30_9                            0x08002d78   Number         4  lcd_ch.o(.text.LCD_putpersian)
    __arm_cp.30_10                           0x08002d7c   Number         4  lcd_ch.o(.text.LCD_putpersian)
    __arm_cp.30_11                           0x08002d80   Number         4  lcd_ch.o(.text.LCD_putpersian)
    __arm_cp.30_12                           0x08002d84   Number         4  lcd_ch.o(.text.LCD_putpersian)
    __arm_cp.30_13                           0x08002d88   Number         4  lcd_ch.o(.text.LCD_putpersian)
    __arm_cp.30_14                           0x08002d8c   Number         4  lcd_ch.o(.text.LCD_putpersian)
    __arm_cp.30_15                           0x08002d90   Number         4  lcd_ch.o(.text.LCD_putpersian)
    __arm_cp.30_16                           0x08002d94   Number         4  lcd_ch.o(.text.LCD_putpersian)
    __arm_cp.30_17                           0x08002d98   Number         4  lcd_ch.o(.text.LCD_putpersian)
    __arm_cp.30_18                           0x08002d9c   Number         4  lcd_ch.o(.text.LCD_putpersian)
    __arm_cp.30_19                           0x08002da0   Number         4  lcd_ch.o(.text.LCD_putpersian)
    [Anonymous Symbol]                       0x08002da4   Section        0  lcd_ch.o(.text.LCD_putstr)
    [Anonymous Symbol]                       0x08002dc8   Section        0  lcd_ch.o(.text.LCD_putstralign)
    [Anonymous Symbol]                       0x08002e02   Section        0  lcd_ch.o(.text.LCD_putstrpos)
    [Anonymous Symbol]                       0x08002e30   Section        0  gpio.o(.text.MX_GPIO_Init)
    __arm_cp.0_0                             0x08002f20   Number         4  gpio.o(.text.MX_GPIO_Init)
    __arm_cp.0_1                             0x08002f24   Number         4  gpio.o(.text.MX_GPIO_Init)
    __arm_cp.0_2                             0x08002f28   Number         4  gpio.o(.text.MX_GPIO_Init)
    __arm_cp.0_4                             0x08002f2c   Number         4  gpio.o(.text.MX_GPIO_Init)
    __arm_cp.0_5                             0x08002f30   Number         4  gpio.o(.text.MX_GPIO_Init)
    [Anonymous Symbol]                       0x08002f34   Section        0  i2c.o(.text.MX_I2C1_Init)
    __arm_cp.0_0                             0x08002f84   Number         4  i2c.o(.text.MX_I2C1_Init)
    __arm_cp.0_1                             0x08002f88   Number         4  i2c.o(.text.MX_I2C1_Init)
    __arm_cp.0_2                             0x08002f8c   Number         4  i2c.o(.text.MX_I2C1_Init)
    [Anonymous Symbol]                       0x08002f90   Section        0  iwdg.o(.text.MX_IWDG_Init)
    __arm_cp.0_0                             0x08002fb0   Number         4  iwdg.o(.text.MX_IWDG_Init)
    __arm_cp.0_1                             0x08002fb4   Number         4  iwdg.o(.text.MX_IWDG_Init)
    __arm_cp.0_2                             0x08002fb8   Number         4  iwdg.o(.text.MX_IWDG_Init)
    [Anonymous Symbol]                       0x08002fbc   Section        0  tim.o(.text.MX_TIM16_Init)
    __arm_cp.2_0                             0x08002fe8   Number         4  tim.o(.text.MX_TIM16_Init)
    __arm_cp.2_2                             0x08002fec   Number         4  tim.o(.text.MX_TIM16_Init)
    [Anonymous Symbol]                       0x08002ff0   Section        0  tim.o(.text.MX_TIM17_Init)
    __arm_cp.3_0                             0x08003018   Number         4  tim.o(.text.MX_TIM17_Init)
    __arm_cp.3_1                             0x0800301c   Number         4  tim.o(.text.MX_TIM17_Init)
    __arm_cp.3_2                             0x08003020   Number         4  tim.o(.text.MX_TIM17_Init)
    __arm_cp.3_3                             0x08003024   Number         4  tim.o(.text.MX_TIM17_Init)
    [Anonymous Symbol]                       0x08003028   Section        0  tim.o(.text.MX_TIM1_Init)
    __arm_cp.0_0                             0x080030f4   Number         4  tim.o(.text.MX_TIM1_Init)
    __arm_cp.0_2                             0x080030f8   Number         4  tim.o(.text.MX_TIM1_Init)
    __arm_cp.0_3                             0x080030fc   Number         4  tim.o(.text.MX_TIM1_Init)
    [Anonymous Symbol]                       0x08003100   Section        0  motor.o(.text.MotorCheck)
    [Anonymous Symbol]                       0x0800319c   Section        0  motor.o(.text.MotorInit)
    [Anonymous Symbol]                       0x080031c4   Section        0  motor.o(.text.MotorSetState)
    [Anonymous Symbol]                       0x080031dc   Section        0  stm32f0xx_it.o(.text.NMI_Handler)
    [Anonymous Symbol]                       0x080031de   Section        0  stm32f0xx_it.o(.text.PendSV_Handler)
    [Anonymous Symbol]                       0x080031e0   Section        0  i2c_hal.o(.text.SCL_CONF)
    [Anonymous Symbol]                       0x08003200   Section        0  i2c_hal.o(.text.SCL_OUTPUT)
    [Anonymous Symbol]                       0x08003230   Section        0  i2c_hal.o(.text.SDA_OUTPUT)
    __arm_cp.2_0                             0x08003260   Number         4  i2c_hal.o(.text.SDA_OUTPUT)
    [Anonymous Symbol]                       0x08003264   Section        0  sht2x_bb.o(.text.SHT2x_MeasureHM)
    __arm_cp.4_0                             0x08003380   Number         4  sht2x_bb.o(.text.SHT2x_MeasureHM)
    __arm_cp.4_1                             0x08003384   Number         4  sht2x_bb.o(.text.SHT2x_MeasureHM)
    __arm_cp.4_2                             0x08003388   Number         4  sht2x_bb.o(.text.SHT2x_MeasureHM)
    __arm_cp.4_3                             0x0800338c   Number         4  sht2x_bb.o(.text.SHT2x_MeasureHM)
    __arm_cp.4_4                             0x08003390   Number         4  sht2x_bb.o(.text.SHT2x_MeasureHM)
    __arm_cp.4_5                             0x08003394   Number         4  sht2x_bb.o(.text.SHT2x_MeasureHM)
    __arm_cp.4_6                             0x08003398   Number         4  sht2x_bb.o(.text.SHT2x_MeasureHM)
    __arm_cp.4_7                             0x0800339c   Number         4  sht2x_bb.o(.text.SHT2x_MeasureHM)
    [Anonymous Symbol]                       0x080033a0   Section        0  stm32f0xx_it.o(.text.SVC_Handler)
    [Anonymous Symbol]                       0x080033a2   Section        0  user_sht.o(.text.ShtInit)
    [Anonymous Symbol]                       0x080033c4   Section        0  user_sht.o(.text.ShtReadSensor)
    __arm_cp.1_0                             0x08003428   Number         4  user_sht.o(.text.ShtReadSensor)
    [Anonymous Symbol]                       0x0800342c   Section        0  user_sht.o(.text.ShtSave)
    [Anonymous Symbol]                       0x08003454   Section        0  stm32f0xx_it.o(.text.SysTick_Handler)
    [Anonymous Symbol]                       0x0800345c   Section        0  main.o(.text.SystemClock_Config)
    [Anonymous Symbol]                       0x080034d8   Section        0  system_stm32f0xx.o(.text.SystemInit)
    [Anonymous Symbol]                       0x080034dc   Section        0  stm32f0xx_it.o(.text.TIM16_IRQHandler)
    __arm_cp.5_0                             0x080034e8   Number         4  stm32f0xx_it.o(.text.TIM16_IRQHandler)
    [Anonymous Symbol]                       0x080034ec   Section        0  stm32f0xx_it.o(.text.TIM17_IRQHandler)
    __arm_cp.6_0                             0x080034f8   Number         4  stm32f0xx_it.o(.text.TIM17_IRQHandler)
    [Anonymous Symbol]                       0x080034fc   Section        0  stm32f0xx_hal_tim.o(.text.TIM_Base_SetConfig)
    __arm_cp.2_1                             0x08003574   Number         4  stm32f0xx_hal_tim.o(.text.TIM_Base_SetConfig)
    __arm_cp.2_2                             0x08003578   Number         4  stm32f0xx_hal_tim.o(.text.TIM_Base_SetConfig)
    __arm_cp.2_5                             0x0800357c   Number         4  stm32f0xx_hal_tim.o(.text.TIM_Base_SetConfig)
    TIM_OC1_SetConfig                        0x08003581   Thumb Code   120  stm32f0xx_hal_tim.o(.text.TIM_OC1_SetConfig)
    [Anonymous Symbol]                       0x08003580   Section        0  stm32f0xx_hal_tim.o(.text.TIM_OC1_SetConfig)
    [Anonymous Symbol]                       0x080035f8   Section        0  stm32f0xx_hal_tim.o(.text.TIM_OC2_SetConfig)
    TIM_OC3_SetConfig                        0x08003671   Thumb Code   120  stm32f0xx_hal_tim.o(.text.TIM_OC3_SetConfig)
    [Anonymous Symbol]                       0x08003670   Section        0  stm32f0xx_hal_tim.o(.text.TIM_OC3_SetConfig)
    __arm_cp.76_1                            0x080036e8   Number         4  stm32f0xx_hal_tim.o(.text.TIM_OC3_SetConfig)
    TIM_OC4_SetConfig                        0x080036ed   Thumb Code    92  stm32f0xx_hal_tim.o(.text.TIM_OC4_SetConfig)
    [Anonymous Symbol]                       0x080036ec   Section        0  stm32f0xx_hal_tim.o(.text.TIM_OC4_SetConfig)
    __arm_cp.77_0                            0x08003748   Number         4  stm32f0xx_hal_tim.o(.text.TIM_OC4_SetConfig)
    __arm_cp.77_1                            0x0800374c   Number         4  stm32f0xx_hal_tim.o(.text.TIM_OC4_SetConfig)
    __arm_cp.77_2                            0x08003750   Number         4  stm32f0xx_hal_tim.o(.text.TIM_OC4_SetConfig)
    [Anonymous Symbol]                       0x08003754   Section        0  user_time.o(.text.TimeInit)
    [Anonymous Symbol]                       0x08003760   Section        0  user_time.o(.text.TimeSave)
    [Anonymous Symbol]                       0x08003776   Section        0  user_time.o(.text.compareTime)
    [Anonymous Symbol]                       0x080037c8   Section        0  main.o(.text.main)
    __arm_cp.4_66                            0x08003b24   Number         4  main.o(.text.main)
    __arm_cp.4_67                            0x08003b28   Number         4  main.o(.text.main)
    __arm_cp.4_69                            0x08003b30   Number         4  main.o(.text.main)
    __arm_cp.4_74                            0x08003b58   Number         4  main.o(.text.main)
    __arm_cp.4_75                            0x08003b5c   Number         4  main.o(.text.main)
    __arm_cp.4_76                            0x08003b60   Number         4  main.o(.text.main)
    __arm_cp.4_77                            0x08003b64   Number         4  main.o(.text.main)
    __arm_cp.4_79                            0x08003b74   Number         4  main.o(.text.main)
    __arm_cp.4_80                            0x08003b78   Number         4  main.o(.text.main)
    __arm_cp.4_104                           0x080044e8   Number         4  main.o(.text.main)
    __arm_cp.4_112                           0x08004888   Number         4  main.o(.text.main)
    __arm_cp.4_115                           0x08004894   Number         4  main.o(.text.main)
    __arm_cp.4_164                           0x08004df8   Number         4  main.o(.text.main)
    __arm_cp.4_165                           0x08004dfc   Number         4  main.o(.text.main)
    __arm_cp.4_129                           0x08004e44   Number         4  main.o(.text.main)
    __arm_cp.4_130                           0x08004e48   Number         4  main.o(.text.main)
    __arm_cp.4_132                           0x08004e50   Number         4  main.o(.text.main)
    __arm_cp.4_133                           0x08004e54   Number         4  main.o(.text.main)
    __arm_cp.4_136                           0x08004e60   Number         4  main.o(.text.main)
    __arm_cp.4_139                           0x08004e6c   Number         4  main.o(.text.main)
    __arm_cp.4_140                           0x08005164   Number         4  main.o(.text.main)
    __arm_cp.4_142                           0x08005174   Number         4  main.o(.text.main)
    __arm_cp.4_144                           0x0800517c   Number         4  main.o(.text.main)
    __arm_cp.4_148                           0x0800519c   Number         4  main.o(.text.main)
    __arm_cp.4_149                           0x080051a0   Number         4  main.o(.text.main)
    __arm_cp.4_151                           0x080051b0   Number         4  main.o(.text.main)
    __arm_cp.4_155                           0x080051d8   Number         4  main.o(.text.main)
    __arm_cp.4_159                           0x08005664   Number         4  main.o(.text.main)
    __arm_cp.4_2                             0x080056f8   Number         4  main.o(.text.main)
    __arm_cp.4_5                             0x080056fc   Number         4  main.o(.text.main)
    __arm_cp.4_18                            0x08005700   Number         4  main.o(.text.main)
    __arm_cp.4_23                            0x08005704   Number         4  main.o(.text.main)
    __arm_cp.4_26                            0x08005708   Number         4  main.o(.text.main)
    __arm_cp.4_47                            0x0800570c   Number         4  main.o(.text.main)
    __arm_cp.4_48                            0x08005710   Number         4  main.o(.text.main)
    __arm_cp.4_49                            0x08005714   Number         4  main.o(.text.main)
    __arm_cp.4_50                            0x08005718   Number         4  main.o(.text.main)
    __arm_cp.4_51                            0x0800571c   Number         4  main.o(.text.main)
    __arm_cp.4_52                            0x08005720   Number         4  main.o(.text.main)
    __arm_cp.4_53                            0x08005724   Number         4  main.o(.text.main)
    __arm_cp.4_54                            0x08005728   Number         4  main.o(.text.main)
    __arm_cp.4_55                            0x0800572c   Number         4  main.o(.text.main)
    __arm_cp.4_56                            0x08005730   Number         4  main.o(.text.main)
    __arm_cp.4_57                            0x08005734   Number         4  main.o(.text.main)
    __arm_cp.4_58                            0x08005738   Number         4  main.o(.text.main)
    __arm_cp.4_59                            0x0800573c   Number         4  main.o(.text.main)
    __arm_cp.4_60                            0x08005740   Number         4  main.o(.text.main)
    [Anonymous Symbol]                       0x08005744   Section        0  main.o(.text.negativStr)
    __arm_cp.3_0                             0x0800578c   Number         4  main.o(.text.negativStr)
    __arm_cp.3_1                             0x08005790   Number         4  main.o(.text.negativStr)
    [Anonymous Symbol]                       0x080057b8   Section        0  lcd_ch.o(.text.toggle_EN_pin)
    i.__0sprintf$8                           0x080057e8   Section        0  printf8.o(i.__0sprintf$8)
    i.__ARM_clz                              0x08005810   Section        0  depilogue.o(i.__ARM_clz)
    i.__scatterload_copy                     0x0800583e   Section       14  handlers.o(i.__scatterload_copy)
    i.__scatterload_null                     0x0800584c   Section        2  handlers.o(i.__scatterload_null)
    i.__scatterload_zeroinit                 0x0800584e   Section       14  handlers.o(i.__scatterload_zeroinit)
    _printf_core                             0x0800585d   Thumb Code  1020  printf8.o(i._printf_core)
    i._printf_core                           0x0800585c   Section        0  printf8.o(i._printf_core)
    _printf_post_padding                     0x08005c85   Thumb Code    32  printf8.o(i._printf_post_padding)
    i._printf_post_padding                   0x08005c84   Section        0  printf8.o(i._printf_post_padding)
    _printf_pre_padding                      0x08005ca5   Thumb Code    44  printf8.o(i._printf_pre_padding)
    i._printf_pre_padding                    0x08005ca4   Section        0  printf8.o(i._printf_pre_padding)
    _sputc                                   0x08005cd1   Thumb Code    10  printf8.o(i._sputc)
    i._sputc                                 0x08005cd0   Section        0  printf8.o(i._sputc)
    [Anonymous Symbol]                       0x08005cea   Section        0  main.o(.rodata.str1.1)
    [Anonymous Symbol]                       0x08005dd8   Section        0  main.o(.rodata.str1.4)
    FanStateHum.flag_hum                     0x20000450   Data           1  heater_fan.o(.bss.FanStateHum.flag_hum)
    [Anonymous Symbol]                       0x20000450   Section        0  heater_fan.o(.bss.FanStateHum.flag_hum)
    FanStateTemp.flag_temp                   0x20000451   Data           1  heater_fan.o(.bss.FanStateTemp.flag_temp)
    [Anonymous Symbol]                       0x20000451   Section        0  heater_fan.o(.bss.FanStateTemp.flag_temp)
    STACK                                    0x200005f0   Section     1024  startup_stm32f030x6.o(STACK)

    Global Symbols

    Symbol Name                              Value     Ov Type        Size  Object(Section)

    BuildAttributes$$THM_ISAv3M$S$PE$A:L22$X:L11$S22$IEEE1$IW$~IW$USESV6$~STKCKD$USESV7$~SHL$OTIME$ROPI$EBA8$MICROLIB$REQ8$PRES8$EABIv2 0x00000000   Number         0  anon$$obj.o ABSOLUTE
    _printf_a                                0x00000000   Number         0  printfstubs.o ABSOLUTE
    _printf_c                                0x00000000   Number         0  printfstubs.o ABSOLUTE
    _printf_charcount                        0x00000000   Number         0  printfstubs.o ABSOLUTE
    _printf_d                                0x00000000   Number         0  printfstubs.o ABSOLUTE
    _printf_e                                0x00000000   Number         0  printfstubs.o ABSOLUTE
    _printf_f                                0x00000000   Number         0  printfstubs.o ABSOLUTE
    _printf_flags                            0x00000000   Number         0  printfstubs.o ABSOLUTE
    _printf_fp_dec                           0x00000000   Number         0  printfstubs.o ABSOLUTE
    _printf_fp_hex                           0x00000000   Number         0  printfstubs.o ABSOLUTE
    _printf_g                                0x00000000   Number         0  printfstubs.o ABSOLUTE
    _printf_i                                0x00000000   Number         0  printfstubs.o ABSOLUTE
    _printf_int_dec                          0x00000000   Number         0  printfstubs.o ABSOLUTE
    _printf_l                                0x00000000   Number         0  printfstubs.o ABSOLUTE
    _printf_lc                               0x00000000   Number         0  printfstubs.o ABSOLUTE
    _printf_ll                               0x00000000   Number         0  printfstubs.o ABSOLUTE
    _printf_lld                              0x00000000   Number         0  printfstubs.o ABSOLUTE
    _printf_lli                              0x00000000   Number         0  printfstubs.o ABSOLUTE
    _printf_llo                              0x00000000   Number         0  printfstubs.o ABSOLUTE
    _printf_llu                              0x00000000   Number         0  printfstubs.o ABSOLUTE
    _printf_llx                              0x00000000   Number         0  printfstubs.o ABSOLUTE
    _printf_longlong_dec                     0x00000000   Number         0  printfstubs.o ABSOLUTE
    _printf_longlong_hex                     0x00000000   Number         0  printfstubs.o ABSOLUTE
    _printf_longlong_oct                     0x00000000   Number         0  printfstubs.o ABSOLUTE
    _printf_ls                               0x00000000   Number         0  printfstubs.o ABSOLUTE
    _printf_mbtowc                           0x00000000   Number         0  printfstubs.o ABSOLUTE
    _printf_n                                0x00000000   Number         0  printfstubs.o ABSOLUTE
    _printf_o                                0x00000000   Number         0  printfstubs.o ABSOLUTE
    _printf_p                                0x00000000   Number         0  printfstubs.o ABSOLUTE
    _printf_percent                          0x00000000   Number         0  printfstubs.o ABSOLUTE
    _printf_pre_padding                      0x00000000   Number         0  printfstubs.o ABSOLUTE
    _printf_return_value                     0x00000000   Number         0  printfstubs.o ABSOLUTE
    _printf_s                                0x00000000   Number         0  printfstubs.o ABSOLUTE
    _printf_sizespec                         0x00000000   Number         0  printfstubs.o ABSOLUTE
    _printf_str                              0x00000000   Number         0  printfstubs.o ABSOLUTE
    _printf_truncate_signed                  0x00000000   Number         0  printfstubs.o ABSOLUTE
    _printf_truncate_unsigned                0x00000000   Number         0  printfstubs.o ABSOLUTE
    _printf_u                                0x00000000   Number         0  printfstubs.o ABSOLUTE
    _printf_wc                               0x00000000   Number         0  printfstubs.o ABSOLUTE
    _printf_wctomb                           0x00000000   Number         0  printfstubs.o ABSOLUTE
    _printf_widthprec                        0x00000000   Number         0  printfstubs.o ABSOLUTE
    _printf_x                                0x00000000   Number         0  printfstubs.o ABSOLUTE
    __cpp_initialize__aeabi_                  - Undefined Weak Reference
    __cxa_finalize                            - Undefined Weak Reference
    _clock_init                               - Undefined Weak Reference
    _microlib_exit                            - Undefined Weak Reference
    __Vectors_Size                           0x000000b0   Number         0  startup_stm32f030x6.o ABSOLUTE
    __Vectors                                0x08000000   Data           4  startup_stm32f030x6.o(RESET)
    __Vectors_End                            0x080000b0   Data           0  startup_stm32f030x6.o(RESET)
    __main                                   0x080000b1   Thumb Code     0  entry.o(.ARM.Collect$$$$00000000)
    _main_stk                                0x080000b1   Thumb Code     0  entry2.o(.ARM.Collect$$$$00000001)
    _main_scatterload                        0x080000b5   Thumb Code     0  entry5.o(.ARM.Collect$$$$00000004)
    __main_after_scatterload                 0x080000b9   Thumb Code     0  entry5.o(.ARM.Collect$$$$00000004)
    _main_clock                              0x080000b9   Thumb Code     0  entry7b.o(.ARM.Collect$$$$00000008)
    _main_cpp_init                           0x080000b9   Thumb Code     0  entry8b.o(.ARM.Collect$$$$0000000A)
    _main_init                               0x080000b9   Thumb Code     0  entry9a.o(.ARM.Collect$$$$0000000B)
    __rt_final_cpp                           0x080000c1   Thumb Code     0  entry10a.o(.ARM.Collect$$$$0000000D)
    __rt_final_exit                          0x080000c1   Thumb Code     0  entry11a.o(.ARM.Collect$$$$0000000F)
    Reset_Handler                            0x080000c5   Thumb Code     8  startup_stm32f030x6.o(.text)
    ADC1_IRQHandler                          0x080000d7   Thumb Code     0  startup_stm32f030x6.o(.text)
    DMA1_Channel1_IRQHandler                 0x080000d7   Thumb Code     0  startup_stm32f030x6.o(.text)
    DMA1_Channel2_3_IRQHandler               0x080000d7   Thumb Code     0  startup_stm32f030x6.o(.text)
    DMA1_Channel4_5_IRQHandler               0x080000d7   Thumb Code     0  startup_stm32f030x6.o(.text)
    EXTI0_1_IRQHandler                       0x080000d7   Thumb Code     0  startup_stm32f030x6.o(.text)
    EXTI2_3_IRQHandler                       0x080000d7   Thumb Code     0  startup_stm32f030x6.o(.text)
    EXTI4_15_IRQHandler                      0x080000d7   Thumb Code     0  startup_stm32f030x6.o(.text)
    FLASH_IRQHandler                         0x080000d7   Thumb Code     0  startup_stm32f030x6.o(.text)
    I2C1_IRQHandler                          0x080000d7   Thumb Code     0  startup_stm32f030x6.o(.text)
    RCC_IRQHandler                           0x080000d7   Thumb Code     0  startup_stm32f030x6.o(.text)
    RTC_IRQHandler                           0x080000d7   Thumb Code     0  startup_stm32f030x6.o(.text)
    SPI1_IRQHandler                          0x080000d7   Thumb Code     0  startup_stm32f030x6.o(.text)
    TIM14_IRQHandler                         0x080000d7   Thumb Code     0  startup_stm32f030x6.o(.text)
    TIM1_BRK_UP_TRG_COM_IRQHandler           0x080000d7   Thumb Code     0  startup_stm32f030x6.o(.text)
    TIM1_CC_IRQHandler                       0x080000d7   Thumb Code     0  startup_stm32f030x6.o(.text)
    TIM3_IRQHandler                          0x080000d7   Thumb Code     0  startup_stm32f030x6.o(.text)
    USART1_IRQHandler                        0x080000d7   Thumb Code     0  startup_stm32f030x6.o(.text)
    WWDG_IRQHandler                          0x080000d7   Thumb Code     0  startup_stm32f030x6.o(.text)
    __aeabi_llsr                             0x080000e1   Thumb Code    34  llushr.o(.text)
    _ll_ushift_r                             0x080000e1   Thumb Code     0  llushr.o(.text)
    __aeabi_memcpy                           0x08000103   Thumb Code    36  memcpya.o(.text)
    __aeabi_memcpy4                          0x08000103   Thumb Code     0  memcpya.o(.text)
    __aeabi_memcpy8                          0x08000103   Thumb Code     0  memcpya.o(.text)
    __aeabi_memset                           0x08000127   Thumb Code    14  memseta.o(.text)
    __aeabi_memset4                          0x08000127   Thumb Code     0  memseta.o(.text)
    __aeabi_memset8                          0x08000127   Thumb Code     0  memseta.o(.text)
    __aeabi_memclr                           0x08000135   Thumb Code     4  memseta.o(.text)
    __aeabi_memclr4                          0x08000135   Thumb Code     0  memseta.o(.text)
    __aeabi_memclr8                          0x08000135   Thumb Code     0  memseta.o(.text)
    _memset$wrapper                          0x08000139   Thumb Code    18  memseta.o(.text)
    strlen                                   0x0800014b   Thumb Code    14  strlen.o(.text)
    memcmp                                   0x08000159   Thumb Code    26  memcmp.o(.text)
    __aeabi_dadd                             0x08000175   Thumb Code   328  dadd.o(.text)
    __aeabi_dsub                             0x080002bd   Thumb Code    12  dadd.o(.text)
    __aeabi_drsub                            0x080002c9   Thumb Code    12  dadd.o(.text)
    __aeabi_dmul                             0x080002d9   Thumb Code   202  dmul.o(.text)
    __aeabi_ui2d                             0x080003a9   Thumb Code    24  dfltui.o(.text)
    __aeabi_d2iz                             0x080003c5   Thumb Code    62  dfixi.o(.text)
    __aeabi_f2d                              0x0800040d   Thumb Code    40  f2d.o(.text)
    __aeabi_d2f                              0x08000435   Thumb Code    56  d2f.o(.text)
    __aeabi_uidiv                            0x0800046d   Thumb Code     0  uidiv_div0.o(.text)
    __aeabi_uidivmod                         0x0800046d   Thumb Code    62  uidiv_div0.o(.text)
    __aeabi_uldivmod                         0x080004ab   Thumb Code    96  uldiv.o(.text)
    __aeabi_llsl                             0x0800050b   Thumb Code    32  llshl.o(.text)
    _ll_shift_l                              0x0800050b   Thumb Code     0  llshl.o(.text)
    __aeabi_lasr                             0x0800052b   Thumb Code    38  llsshr.o(.text)
    _ll_sshift_r                             0x0800052b   Thumb Code     0  llsshr.o(.text)
    __I$use$fp                               0x08000551   Thumb Code     0  iusefp.o(.text)
    _float_round                             0x08000551   Thumb Code    16  fepilogue.o(.text)
    _float_epilogue                          0x08000561   Thumb Code   114  fepilogue.o(.text)
    _double_round                            0x080005d3   Thumb Code    26  depilogue.o(.text)
    _double_epilogue                         0x080005ed   Thumb Code   164  depilogue.o(.text)
    __scatterload                            0x08000691   Thumb Code    28  init.o(.text)
    __scatterload_rt2                        0x08000691   Thumb Code     0  init.o(.text)
    __decompress                             0x080006b5   Thumb Code     0  __dczerorl2.o(.text)
    __decompress1                            0x080006b5   Thumb Code    86  __dczerorl2.o(.text)
    BirdInit                                 0x0800070d   Thumb Code    96  bird.o(.text.BirdInit)
    BirdLoadDefault                          0x0800076d   Thumb Code   176  bird.o(.text.BirdLoadDefault)
    BirdReadManual                           0x08000849   Thumb Code   106  bird.o(.text.BirdReadManual)
    BirdSaveManual                           0x080008b3   Thumb Code   130  bird.o(.text.BirdSaveManual)
    BuzzerInit                               0x08000935   Thumb Code    24  buzzer.o(.text.BuzzerInit)
    BuzzerSetRhythm                          0x08000951   Thumb Code    48  buzzer.o(.text.BuzzerSetRhythm)
    DelayMicroSeconds                        0x08000999   Thumb Code    26  i2c_hal.o(.text.DelayMicroSeconds)
    EEReadByte                               0x080009b5   Thumb Code    60  eeprom.o(.text.EEReadByte)
    EEWriteByte                              0x080009f1   Thumb Code   124  eeprom.o(.text.EEWriteByte)
    Error_Handler                            0x08000a71   Thumb Code     8  main.o(.text.Error_Handler)
    FanCheckTempHum                          0x08000a79   Thumb Code   144  heater_fan.o(.text.FanCheckTempHum)
    FanInit                                  0x08000b15   Thumb Code    30  heater_fan.o(.text.FanInit)
    FanSave                                  0x08000b33   Thumb Code    36  heater_fan.o(.text.FanSave)
    FanSetState                              0x08000b59   Thumb Code    36  heater_fan.o(.text.FanSetState)
    FindProgNum                              0x08000b7d   Thumb Code    94  main.o(.text.FindProgNum)
    HAL_Delay                                0x08000bdd   Thumb Code    32  stm32f0xx_hal.o(.text.HAL_Delay)
    HAL_GPIO_Init                            0x08000c01   Thumb Code   388  stm32f0xx_hal_gpio.o(.text.HAL_GPIO_Init)
    HAL_GPIO_ReadPin                         0x08000d9d   Thumb Code    10  stm32f0xx_hal_gpio.o(.text.HAL_GPIO_ReadPin)
    HAL_GPIO_TogglePin                       0x08000da7   Thumb Code    16  stm32f0xx_hal_gpio.o(.text.HAL_GPIO_TogglePin)
    HAL_GPIO_WritePin                        0x08000db7   Thumb Code    14  stm32f0xx_hal_gpio.o(.text.HAL_GPIO_WritePin)
    HAL_GetTick                              0x08000dc5   Thumb Code     8  stm32f0xx_hal.o(.text.HAL_GetTick)
    HAL_I2CEx_ConfigAnalogFilter             0x08000dd1   Thumb Code    66  stm32f0xx_hal_i2c_ex.o(.text.HAL_I2CEx_ConfigAnalogFilter)
    HAL_I2CEx_ConfigDigitalFilter            0x08000e13   Thumb Code    66  stm32f0xx_hal_i2c_ex.o(.text.HAL_I2CEx_ConfigDigitalFilter)
    HAL_I2C_Init                             0x08000e55   Thumb Code   156  stm32f0xx_hal_i2c.o(.text.HAL_I2C_Init)
    HAL_I2C_IsDeviceReady                    0x08000ef9   Thumb Code   304  stm32f0xx_hal_i2c.o(.text.HAL_I2C_IsDeviceReady)
    HAL_I2C_Mem_Read                         0x0800102d   Thumb Code   384  stm32f0xx_hal_i2c.o(.text.HAL_I2C_Mem_Read)
    HAL_I2C_Mem_Write                        0x080011bd   Thumb Code   384  stm32f0xx_hal_i2c.o(.text.HAL_I2C_Mem_Write)
    HAL_I2C_MspInit                          0x0800134d   Thumb Code    76  i2c.o(.text.HAL_I2C_MspInit)
    HAL_IWDG_Init                            0x080013a5   Thumb Code    88  stm32f0xx_hal_iwdg.o(.text.HAL_IWDG_Init)
    HAL_IWDG_Refresh                         0x08001405   Thumb Code    12  stm32f0xx_hal_iwdg.o(.text.HAL_IWDG_Refresh)
    HAL_IncTick                              0x08001415   Thumb Code    16  stm32f0xx_hal.o(.text.HAL_IncTick)
    HAL_Init                                 0x08001429   Thumb Code    28  stm32f0xx_hal.o(.text.HAL_Init)
    HAL_InitTick                             0x08001445   Thumb Code    60  stm32f0xx_hal.o(.text.HAL_InitTick)
    HAL_MspInit                              0x08001489   Thumb Code    40  stm32f0xx_hal_msp.o(.text.HAL_MspInit)
    HAL_NVIC_EnableIRQ                       0x080014b5   Thumb Code    20  stm32f0xx_hal_cortex.o(.text.HAL_NVIC_EnableIRQ)
    HAL_NVIC_SetPriority                     0x080014cd   Thumb Code    48  stm32f0xx_hal_cortex.o(.text.HAL_NVIC_SetPriority)
    HAL_RCCEx_PeriphCLKConfig                0x08001505   Thumb Code   236  stm32f0xx_hal_rcc_ex.o(.text.HAL_RCCEx_PeriphCLKConfig)
    HAL_RCC_ClockConfig                      0x080015fd   Thumb Code   252  stm32f0xx_hal_rcc.o(.text.HAL_RCC_ClockConfig)
    HAL_RCC_GetSysClockFreq                  0x08001709   Thumb Code    56  stm32f0xx_hal_rcc.o(.text.HAL_RCC_GetSysClockFreq)
    HAL_RCC_OscConfig                        0x0800176d   Thumb Code   976  stm32f0xx_hal_rcc.o(.text.HAL_RCC_OscConfig)
    HAL_SYSTICK_Config                       0x08001b49   Thumb Code    40  stm32f0xx_hal_cortex.o(.text.HAL_SYSTICK_Config)
    HAL_TIMEx_BreakCallback                  0x08001b7d   Thumb Code     2  stm32f0xx_hal_tim_ex.o(.text.HAL_TIMEx_BreakCallback)
    HAL_TIMEx_CommutCallback                 0x08001b7f   Thumb Code     2  stm32f0xx_hal_tim_ex.o(.text.HAL_TIMEx_CommutCallback)
    HAL_TIMEx_ConfigBreakDeadTime            0x08001b81   Thumb Code    90  stm32f0xx_hal_tim_ex.o(.text.HAL_TIMEx_ConfigBreakDeadTime)
    HAL_TIMEx_MasterConfigSynchronization    0x08001bdd   Thumb Code    72  stm32f0xx_hal_tim_ex.o(.text.HAL_TIMEx_MasterConfigSynchronization)
    HAL_TIM_Base_Init                        0x08001c25   Thumb Code    74  stm32f0xx_hal_tim.o(.text.HAL_TIM_Base_Init)
    HAL_TIM_Base_MspInit                     0x08001c71   Thumb Code   116  tim.o(.text.HAL_TIM_Base_MspInit)
    HAL_TIM_Base_Start_IT                    0x08001cf1   Thumb Code    64  stm32f0xx_hal_tim.o(.text.HAL_TIM_Base_Start_IT)
    HAL_TIM_ConfigClockSource                0x08001d39   Thumb Code   328  stm32f0xx_hal_tim.o(.text.HAL_TIM_ConfigClockSource)
    HAL_TIM_IC_CaptureCallback               0x08001e85   Thumb Code     2  stm32f0xx_hal_tim.o(.text.HAL_TIM_IC_CaptureCallback)
    HAL_TIM_IRQHandler                       0x08001e87   Thumb Code   328  stm32f0xx_hal_tim.o(.text.HAL_TIM_IRQHandler)
    HAL_TIM_MspPostInit                      0x08001fd1   Thumb Code    64  tim.o(.text.HAL_TIM_MspPostInit)
    HAL_TIM_OC_DelayElapsedCallback          0x08002019   Thumb Code     2  stm32f0xx_hal_tim.o(.text.HAL_TIM_OC_DelayElapsedCallback)
    HAL_TIM_PWM_ConfigChannel                0x0800201d   Thumb Code   192  stm32f0xx_hal_tim.o(.text.HAL_TIM_PWM_ConfigChannel)
    HAL_TIM_PWM_Init                         0x080020dd   Thumb Code    74  stm32f0xx_hal_tim.o(.text.HAL_TIM_PWM_Init)
    HAL_TIM_PWM_MspInit                      0x08002127   Thumb Code     2  stm32f0xx_hal_tim.o(.text.HAL_TIM_PWM_MspInit)
    HAL_TIM_PWM_PulseFinishedCallback        0x08002129   Thumb Code     2  stm32f0xx_hal_tim.o(.text.HAL_TIM_PWM_PulseFinishedCallback)
    HAL_TIM_PWM_Start                        0x0800212d   Thumb Code   156  stm32f0xx_hal_tim.o(.text.HAL_TIM_PWM_Start)
    HAL_TIM_PeriodElapsedCallback            0x080021d5   Thumb Code   308  main.o(.text.HAL_TIM_PeriodElapsedCallback)
    HAL_TIM_TriggerCallback                  0x0800232d   Thumb Code     2  stm32f0xx_hal_tim.o(.text.HAL_TIM_TriggerCallback)
    HardFault_Handler                        0x0800232f   Thumb Code     2  stm32f0xx_it.o(.text.HardFault_Handler)
    HeaterCheck                              0x08002331   Thumb Code    92  heater_fan.o(.text.HeaterCheck)
    HeaterInit                               0x08002391   Thumb Code    56  heater_fan.o(.text.HeaterInit)
    HeaterSave                               0x080023c9   Thumb Code    56  heater_fan.o(.text.HeaterSave)
    HeaterSetPercent                         0x08002401   Thumb Code    40  heater_fan.o(.text.HeaterSetPercent)
    I2c_ReadByte                             0x080026f1   Thumb Code   192  i2c_hal.o(.text.I2c_ReadByte)
    I2c_StartCondition                       0x080027b1   Thumb Code    80  i2c_hal.o(.text.I2c_StartCondition)
    I2c_StopCondition                        0x08002805   Thumb Code    80  i2c_hal.o(.text.I2c_StopCondition)
    I2c_WriteByte                            0x08002855   Thumb Code   176  i2c_hal.o(.text.I2c_WriteByte)
    IncTime                                  0x08002905   Thumb Code    70  user_time.o(.text.IncTime)
    IncTimesec                               0x0800294b   Thumb Code    14  user_time.o(.text.IncTimesec)
    IsHatcher                                0x08002959   Thumb Code    72  main.o(.text.IsHatcher)
    KeysInit                                 0x080029a1   Thumb Code    56  keys.o(.text.KeysInit)
    LCD_4bit_send                            0x080029e1   Thumb Code    82  lcd_ch.o(.text.LCD_4bit_send)
    LCD_clear_home                           0x08002a33   Thumb Code    44  lcd_ch.o(.text.LCD_clear_home)
    LCD_clear_size                           0x08002a5f   Thumb Code    74  lcd_ch.o(.text.LCD_clear_size)
    LCD_clearrow                             0x08002aa9   Thumb Code    60  lcd_ch.o(.text.LCD_clearrow)
    LCD_create_custom_char                   0x08002ae5   Thumb Code    62  lcd_ch.o(.text.LCD_create_custom_char)
    LCD_cursor_off                           0x08002b23   Thumb Code    22  lcd_ch.o(.text.LCD_cursor_off)
    LCD_cursor_on                            0x08002b39   Thumb Code    22  lcd_ch.o(.text.LCD_cursor_on)
    LCD_gotoxy                               0x08002b4f   Thumb Code    36  lcd_ch.o(.text.LCD_gotoxy)
    LCD_init                                 0x08002b73   Thumb Code   112  lcd_ch.o(.text.LCD_init)
    LCD_putpersian                           0x08002be5   Thumb Code   368  lcd_ch.o(.text.LCD_putpersian)
    LCD_putstr                               0x08002da5   Thumb Code    36  lcd_ch.o(.text.LCD_putstr)
    LCD_putstralign                          0x08002dc9   Thumb Code    58  lcd_ch.o(.text.LCD_putstralign)
    LCD_putstrpos                            0x08002e03   Thumb Code    44  lcd_ch.o(.text.LCD_putstrpos)
    MX_GPIO_Init                             0x08002e31   Thumb Code   240  gpio.o(.text.MX_GPIO_Init)
    MX_I2C1_Init                             0x08002f35   Thumb Code    80  i2c.o(.text.MX_I2C1_Init)
    MX_IWDG_Init                             0x08002f91   Thumb Code    32  iwdg.o(.text.MX_IWDG_Init)
    MX_TIM16_Init                            0x08002fbd   Thumb Code    44  tim.o(.text.MX_TIM16_Init)
    MX_TIM17_Init                            0x08002ff1   Thumb Code    40  tim.o(.text.MX_TIM17_Init)
    MX_TIM1_Init                             0x08003029   Thumb Code   204  tim.o(.text.MX_TIM1_Init)
    MotorCheck                               0x08003101   Thumb Code   156  motor.o(.text.MotorCheck)
    MotorInit                                0x0800319d   Thumb Code    38  motor.o(.text.MotorInit)
    MotorSetState                            0x080031c5   Thumb Code    24  motor.o(.text.MotorSetState)
    NMI_Handler                              0x080031dd   Thumb Code     2  stm32f0xx_it.o(.text.NMI_Handler)
    PendSV_Handler                           0x080031df   Thumb Code     2  stm32f0xx_it.o(.text.PendSV_Handler)
    SCL_CONF                                 0x080031e1   Thumb Code    32  i2c_hal.o(.text.SCL_CONF)
    SCL_OUTPUT                               0x08003201   Thumb Code    48  i2c_hal.o(.text.SCL_OUTPUT)
    SDA_OUTPUT                               0x08003231   Thumb Code    48  i2c_hal.o(.text.SDA_OUTPUT)
    SHT2x_MeasureHM                          0x08003265   Thumb Code   284  sht2x_bb.o(.text.SHT2x_MeasureHM)
    SVC_Handler                              0x080033a1   Thumb Code     2  stm32f0xx_it.o(.text.SVC_Handler)
    ShtInit                                  0x080033a3   Thumb Code    34  user_sht.o(.text.ShtInit)
    ShtReadSensor                            0x080033c5   Thumb Code   100  user_sht.o(.text.ShtReadSensor)
    ShtSave                                  0x0800342d   Thumb Code    40  user_sht.o(.text.ShtSave)
    SysTick_Handler                          0x08003455   Thumb Code     8  stm32f0xx_it.o(.text.SysTick_Handler)
    SystemClock_Config                       0x0800345d   Thumb Code   124  main.o(.text.SystemClock_Config)
    SystemInit                               0x080034d9   Thumb Code     2  system_stm32f0xx.o(.text.SystemInit)
    TIM16_IRQHandler                         0x080034dd   Thumb Code    12  stm32f0xx_it.o(.text.TIM16_IRQHandler)
    TIM17_IRQHandler                         0x080034ed   Thumb Code    12  stm32f0xx_it.o(.text.TIM17_IRQHandler)
    TIM_Base_SetConfig                       0x080034fd   Thumb Code   120  stm32f0xx_hal_tim.o(.text.TIM_Base_SetConfig)
    TIM_OC2_SetConfig                        0x080035f9   Thumb Code   120  stm32f0xx_hal_tim.o(.text.TIM_OC2_SetConfig)
    TimeInit                                 0x08003755   Thumb Code    12  user_time.o(.text.TimeInit)
    TimeSave                                 0x08003761   Thumb Code    22  user_time.o(.text.TimeSave)
    compareTime                              0x08003777   Thumb Code    80  user_time.o(.text.compareTime)
    main                                     0x080037c9   Thumb Code  7984  main.o(.text.main)
    negativStr                               0x08005745   Thumb Code    72  main.o(.text.negativStr)
    toggle_EN_pin                            0x080057b9   Thumb Code    48  lcd_ch.o(.text.toggle_EN_pin)
    __0sprintf$8                             0x080057e9   Thumb Code    36  printf8.o(i.__0sprintf$8)
    __1sprintf$8                             0x080057e9   Thumb Code     0  printf8.o(i.__0sprintf$8)
    __2sprintf                               0x080057e9   Thumb Code     0  printf8.o(i.__0sprintf$8)
    __ARM_clz                                0x08005811   Thumb Code    46  depilogue.o(i.__ARM_clz)
    __scatterload_copy                       0x0800583f   Thumb Code    14  handlers.o(i.__scatterload_copy)
    __scatterload_null                       0x0800584d   Thumb Code     2  handlers.o(i.__scatterload_null)
    __scatterload_zeroinit                   0x0800584f   Thumb Code    14  handlers.o(i.__scatterload_zeroinit)
    AHBPrescTable                            0x08005cda   Data          16  system_stm32f0xx.o(.rodata.AHBPrescTable)
    Region$$Table$$Base                      0x08005de8   Number         0  anon$$obj.o(Region$$Table)
    Region$$Table$$Limit                     0x08005e08   Number         0  anon$$obj.o(Region$$Table)
    Belderchin_Pos_ch                        0x20000000   Data           4  lcd_ch.o(.data.Belderchin_Pos_ch)
    Belderchin_prog                          0x20000004   Data          12  bird.o(.data.Belderchin_prog)
    Boghalamoon_Pos_ch                       0x20000010   Data           5  lcd_ch.o(.data.Boghalamoon_Pos_ch)
    Boghalamoon_prog                         0x20000018   Data          24  bird.o(.data.Boghalamoon_prog)
    Charkhsh_Pos_ch                          0x20000030   Data           9  lcd_ch.o(.data.Charkhsh_Pos_ch)
    DELAY_SWITCHMAINDISPLAY                  0x20000039   Data           3  main.o(.data.DELAY_SWITCHMAINDISPLAY)
    Dama_Pos_ch                              0x2000003c   Data           4  lcd_ch.o(.data.Dama_Pos_ch)
    Dasti_Pos_ch                             0x20000040   Data           7  lcd_ch.o(.data.Dasti_Pos_ch)
    Dooreh_Pos_ch                            0x20000047   Data           5  lcd_ch.o(.data.Dooreh_Pos_ch)
    Gharghavol_Pos_ch                        0x2000004c   Data           4  lcd_ch.o(.data.Gharghavol_Pos_ch)
    Gharghavol_prog                          0x20000050   Data          12  bird.o(.data.Gharghavol_prog)
    Ghaz_Pos_ch                              0x2000005c   Data           5  lcd_ch.o(.data.Ghaz_Pos_ch)
    Ghaz_prog                                0x20000064   Data          24  bird.o(.data.Ghaz_prog)
    Hatcher_Pos_ch                           0x2000007c   Data           4  lcd_ch.o(.data.Hatcher_Pos_ch)
    Kabk_Pos_ch                              0x20000080   Data           7  lcd_ch.o(.data.Kabk_Pos_ch)
    Kabk_prog                                0x20000088   Data          12  bird.o(.data.Kabk_prog)
    Manual_prog                              0x20000094   Data          12  bird.o(.data.Manual_prog)
    MorghShakhdar_Pos_ch                     0x200000a0   Data           9  lcd_ch.o(.data.MorghShakhdar_Pos_ch)
    MorghShakhdar_prog                       0x200000ac   Data          12  bird.o(.data.MorghShakhdar_prog)
    Morgh_Pos_ch                             0x200000b8   Data           5  lcd_ch.o(.data.Morgh_Pos_ch)
    Morgh_prog                               0x200000c0   Data          12  bird.o(.data.Morgh_prog)
    Ordak_Pos_ch                             0x200000cc   Data           3  lcd_ch.o(.data.Ordak_Pos_ch)
    Ordak_prog                               0x200000d0   Data          12  bird.o(.data.Ordak_prog)
    Rhythm1Prog                              0x200000dc   Data           4  buzzer.o(.data.Rhythm1Prog)
    Rhythm2Prog                              0x200000e0   Data          12  buzzer.o(.data.Rhythm2Prog)
    Rhythm3Prog                              0x200000ec   Data           4  buzzer.o(.data.Rhythm3Prog)
    Rooz_Pos_ch                              0x200000f0   Data           4  lcd_ch.o(.data.Rooz_Pos_ch)
    Rotobat_Pos_ch                           0x200000f4   Data           5  lcd_ch.o(.data.Rotobat_Pos_ch)
    Setter_Pos_ch                            0x200000f9   Data           4  lcd_ch.o(.data.Setter_Pos_ch)
    ShotorMorgh_prog                         0x20000100   Data          12  bird.o(.data.ShotorMorgh_prog)
    Shotormorgh_Pos_ch                       0x2000010c   Data           5  lcd_ch.o(.data.Shotormorgh_Pos_ch)
    SilentRhythmProg                         0x20000112   Data           4  buzzer.o(.data.SilentRhythmProg)
    SystemCoreClock                          0x20000118   Data           4  system_stm32f0xx.o(.data.SystemCoreClock)
    Timer_Pos_ch                             0x2000011c   Data           5  lcd_ch.o(.data.Timer_Pos_ch)
    Zaman_Pos_ch                             0x20000121   Data           5  lcd_ch.o(.data.Zaman_Pos_ch)
    custom_character                         0x20000126   Data         368  lcd_ch.o(.data.custom_character)
    defaultBirds                             0x20000298   Data         380  bird.o(.data.defaultBirds)
    defaultFan                               0x20000414   Data           6  heater_fan.o(.data.defaultFan)
    defaultHeater                            0x2000041a   Data           8  heater_fan.o(.data.defaultHeater)
    defaultMotor                             0x20000422   Data          20  motor.o(.data.defaultMotor)
    uwTickFreq                               0x20000436   Data           1  stm32f0xx_hal.o(.data.uwTickFreq)
    uwTickPrio                               0x20000438   Data           4  stm32f0xx_hal.o(.data.uwTickPrio)
    Buzzer                                   0x20000440   Data          16  buzzer.o(.bss.Buzzer)
    Keys                                     0x20000454   Data          64  keys.o(.bss.Keys)
    TimerGoMainMenu                          0x20000494   Data           1  main.o(.bss.TimerGoMainMenu)
    cnt_tik3s                                0x20000495   Data           1  main.o(.bss.cnt_tik3s)
    defaultSht                               0x20000496   Data          10  user_sht.o(.bss.defaultSht)
    hi2c1                                    0x200004a0   Data          76  i2c.o(.bss.hi2c1)
    hiwdg                                    0x200004ec   Data          16  iwdg.o(.bss.hiwdg)
    htim1                                    0x200004fc   Data          72  tim.o(.bss.htim1)
    htim16                                   0x20000544   Data          72  tim.o(.bss.htim16)
    htim17                                   0x2000058c   Data          72  tim.o(.bss.htim17)
    negstr                                   0x200005d4   Data          16  main.o(.bss.negstr)
    tik_1s                                   0x200005e4   Data           1  main.o(.bss.tik_1s)
    tik_3s                                   0x200005e5   Data           1  main.o(.bss.tik_3s)
    uwTick                                   0x200005e8   Data           4  stm32f0xx_hal.o(.bss.uwTick)
    __initial_sp                             0x200009f0   Data           0  startup_stm32f030x6.o(STACK)



==============================================================================

Memory Map of the image

  Image Entry point : 0x080000b1

  Load Region LR_IROM1 (Base: 0x08000000, Size: 0x00006248, Max: 0x00008000, ABSOLUTE, COMPRESSED[0x00006018])

    Execution Region ER_IROM1 (Exec base: 0x08000000, Load base: 0x08000000, Size: 0x00005e08, Max: 0x00008000, ABSOLUTE)

    Exec Addr    Load Addr    Size         Type   Attr      Idx    E Section Name        Object

    0x08000000   0x08000000   0x000000b0   Data   RO            3    RESET               startup_stm32f030x6.o
    0x080000b0   0x080000b0   0x00000000   Code   RO         1277  * .ARM.Collect$$$$00000000  mc_p.l(entry.o)
    0x080000b0   0x080000b0   0x00000004   Code   RO         1575    .ARM.Collect$$$$00000001  mc_p.l(entry2.o)
    0x080000b4   0x080000b4   0x00000004   Code   RO         1578    .ARM.Collect$$$$00000004  mc_p.l(entry5.o)
    0x080000b8   0x080000b8   0x00000000   Code   RO         1580    .ARM.Collect$$$$00000008  mc_p.l(entry7b.o)
    0x080000b8   0x080000b8   0x00000000   Code   RO         1582    .ARM.Collect$$$$0000000A  mc_p.l(entry8b.o)
    0x080000b8   0x080000b8   0x00000008   Code   RO         1583    .ARM.Collect$$$$0000000B  mc_p.l(entry9a.o)
    0x080000c0   0x080000c0   0x00000000   Code   RO         1585    .ARM.Collect$$$$0000000D  mc_p.l(entry10a.o)
    0x080000c0   0x080000c0   0x00000000   Code   RO         1587    .ARM.Collect$$$$0000000F  mc_p.l(entry11a.o)
    0x080000c0   0x080000c0   0x00000004   Code   RO         1576    .ARM.Collect$$$$00002712  mc_p.l(entry2.o)
    0x080000c4   0x080000c4   0x0000001c   Code   RO            4    .text               startup_stm32f030x6.o
    0x080000e0   0x080000e0   0x00000022   Code   RO         1284    .text               mc_p.l(llushr.o)
    0x08000102   0x08000102   0x00000024   Code   RO         1286    .text               mc_p.l(memcpya.o)
    0x08000126   0x08000126   0x00000024   Code   RO         1288    .text               mc_p.l(memseta.o)
    0x0800014a   0x0800014a   0x0000000e   Code   RO         1290    .text               mc_p.l(strlen.o)
    0x08000158   0x08000158   0x0000001a   Code   RO         1292    .text               mc_p.l(memcmp.o)
    0x08000172   0x08000172   0x00000002   PAD
    0x08000174   0x08000174   0x00000164   Code   RO         1557    .text               mf_p.l(dadd.o)
    0x080002d8   0x080002d8   0x000000d0   Code   RO         1559    .text               mf_p.l(dmul.o)
    0x080003a8   0x080003a8   0x0000001c   Code   RO         1565    .text               mf_p.l(dfltui.o)
    0x080003c4   0x080003c4   0x00000048   Code   RO         1569    .text               mf_p.l(dfixi.o)
    0x0800040c   0x0800040c   0x00000028   Code   RO         1571    .text               mf_p.l(f2d.o)
    0x08000434   0x08000434   0x00000038   Code   RO         1573    .text               mf_p.l(d2f.o)
    0x0800046c   0x0800046c   0x0000003e   Code   RO         1596    .text               mc_p.l(uidiv_div0.o)
    0x080004aa   0x080004aa   0x00000060   Code   RO         1602    .text               mc_p.l(uldiv.o)
    0x0800050a   0x0800050a   0x00000020   Code   RO         1604    .text               mc_p.l(llshl.o)
    0x0800052a   0x0800052a   0x00000026   Code   RO         1606    .text               mc_p.l(llsshr.o)
    0x08000550   0x08000550   0x00000000   Code   RO         1608    .text               mc_p.l(iusefp.o)
    0x08000550   0x08000550   0x00000082   Code   RO         1609    .text               mf_p.l(fepilogue.o)
    0x080005d2   0x080005d2   0x000000be   Code   RO         1611    .text               mf_p.l(depilogue.o)
    0x08000690   0x08000690   0x00000024   Code   RO         1619    .text               mc_p.l(init.o)
    0x080006b4   0x080006b4   0x00000056   Code   RO         1631    .text               mc_p.l(__dczerorl2.o)
    0x0800070a   0x0800070a   0x00000002   PAD
    0x0800070c   0x0800070c   0x00000060   Code   RO          227    .text.BirdInit      bird.o
    0x0800076c   0x0800076c   0x000000dc   Code   RO          221    .text.BirdLoadDefault  bird.o
    0x08000848   0x08000848   0x0000006a   Code   RO          223    .text.BirdReadManual  bird.o
    0x080008b2   0x080008b2   0x00000082   Code   RO          225    .text.BirdSaveManual  bird.o
    0x08000934   0x08000934   0x0000001c   Code   RO          177    .text.BuzzerInit    buzzer.o
    0x08000950   0x08000950   0x00000048   Code   RO          175    .text.BuzzerSetRhythm  buzzer.o
    0x08000998   0x08000998   0x0000001a   Code   RO          115    .text.DelayMicroSeconds  i2c_hal.o
    0x080009b2   0x080009b2   0x00000002   PAD
    0x080009b4   0x080009b4   0x0000003c   Code   RO          203    .text.EEReadByte    eeprom.o
    0x080009f0   0x080009f0   0x00000080   Code   RO          201    .text.EEWriteByte   eeprom.o
    0x08000a70   0x08000a70   0x00000008   Code   RO          340    .text.Error_Handler  main.o
    0x08000a78   0x08000a78   0x0000009c   Code   RO          306    .text.FanCheckTempHum  heater_fan.o
    0x08000b14   0x08000b14   0x0000001e   Code   RO          298    .text.FanInit       heater_fan.o
    0x08000b32   0x08000b32   0x00000024   Code   RO          296    .text.FanSave       heater_fan.o
    0x08000b56   0x08000b56   0x00000002   PAD
    0x08000b58   0x08000b58   0x00000024   Code   RO          300    .text.FanSetState   heater_fan.o
    0x08000b7c   0x08000b7c   0x0000005e   Code   RO          330    .text.FindProgNum   main.o
    0x08000bda   0x08000bda   0x00000002   PAD
    0x08000bdc   0x08000bdc   0x00000024   Code   RO          683    .text.HAL_Delay     stm32f0xx_hal.o
    0x08000c00   0x08000c00   0x0000019c   Code   RO          720    .text.HAL_GPIO_Init  stm32f0xx_hal_gpio.o
    0x08000d9c   0x08000d9c   0x0000000a   Code   RO          724    .text.HAL_GPIO_ReadPin  stm32f0xx_hal_gpio.o
    0x08000da6   0x08000da6   0x00000010   Code   RO          728    .text.HAL_GPIO_TogglePin  stm32f0xx_hal_gpio.o
    0x08000db6   0x08000db6   0x0000000e   Code   RO          726    .text.HAL_GPIO_WritePin  stm32f0xx_hal_gpio.o
    0x08000dc4   0x08000dc4   0x0000000c   Code   RO          675    .text.HAL_GetTick   stm32f0xx_hal.o
    0x08000dd0   0x08000dd0   0x00000042   Code   RO          599    .text.HAL_I2CEx_ConfigAnalogFilter  stm32f0xx_hal_i2c_ex.o
    0x08000e12   0x08000e12   0x00000042   Code   RO          601    .text.HAL_I2CEx_ConfigDigitalFilter  stm32f0xx_hal_i2c_ex.o
    0x08000e54   0x08000e54   0x000000a4   Code   RO          443    .text.HAL_I2C_Init  stm32f0xx_hal_i2c.o
    0x08000ef8   0x08000ef8   0x00000134   Code   RO          517    .text.HAL_I2C_IsDeviceReady  stm32f0xx_hal_i2c.o
    0x0800102c   0x0800102c   0x00000190   Code   RO          505    .text.HAL_I2C_Mem_Read  stm32f0xx_hal_i2c.o
    0x080011bc   0x080011bc   0x00000190   Code   RO          501    .text.HAL_I2C_Mem_Write  stm32f0xx_hal_i2c.o
    0x0800134c   0x0800134c   0x00000058   Code   RO          369    .text.HAL_I2C_MspInit  i2c.o
    0x080013a4   0x080013a4   0x00000060   Code   RO          926    .text.HAL_IWDG_Init  stm32f0xx_hal_iwdg.o
    0x08001404   0x08001404   0x00000010   Code   RO          928    .text.HAL_IWDG_Refresh  stm32f0xx_hal_iwdg.o
    0x08001414   0x08001414   0x00000014   Code   RO          673    .text.HAL_IncTick   stm32f0xx_hal.o
    0x08001428   0x08001428   0x0000001c   Code   RO          663    .text.HAL_Init      stm32f0xx_hal.o
    0x08001444   0x08001444   0x00000044   Code   RO          665    .text.HAL_InitTick  stm32f0xx_hal.o
    0x08001488   0x08001488   0x0000002c   Code   RO          435    .text.HAL_MspInit   stm32f0xx_hal_msp.o
    0x080014b4   0x080014b4   0x00000018   Code   RO          778    .text.HAL_NVIC_EnableIRQ  stm32f0xx_hal_cortex.o
    0x080014cc   0x080014cc   0x00000038   Code   RO          776    .text.HAL_NVIC_SetPriority  stm32f0xx_hal_cortex.o
    0x08001504   0x08001504   0x000000f8   Code   RO          649    .text.HAL_RCCEx_PeriphCLKConfig  stm32f0xx_hal_rcc_ex.o
    0x080015fc   0x080015fc   0x0000010c   Code   RO          619    .text.HAL_RCC_ClockConfig  stm32f0xx_hal_rcc.o
    0x08001708   0x08001708   0x00000064   Code   RO          621    .text.HAL_RCC_GetSysClockFreq  stm32f0xx_hal_rcc.o
    0x0800176c   0x0800176c   0x000003dc   Code   RO          617    .text.HAL_RCC_OscConfig  stm32f0xx_hal_rcc.o
    0x08001b48   0x08001b48   0x00000034   Code   RO          784    .text.HAL_SYSTICK_Config  stm32f0xx_hal_cortex.o
    0x08001b7c   0x08001b7c   0x00000002   Code   RO         1249    .text.HAL_TIMEx_BreakCallback  stm32f0xx_hal_tim_ex.o
    0x08001b7e   0x08001b7e   0x00000002   Code   RO         1245    .text.HAL_TIMEx_CommutCallback  stm32f0xx_hal_tim_ex.o
    0x08001b80   0x08001b80   0x0000005a   Code   RO         1241    .text.HAL_TIMEx_ConfigBreakDeadTime  stm32f0xx_hal_tim_ex.o
    0x08001bda   0x08001bda   0x00000002   PAD
    0x08001bdc   0x08001bdc   0x00000048   Code   RO         1239    .text.HAL_TIMEx_MasterConfigSynchronization  stm32f0xx_hal_tim_ex.o
    0x08001c24   0x08001c24   0x0000004a   Code   RO          938    .text.HAL_TIM_Base_Init  stm32f0xx_hal_tim.o
    0x08001c6e   0x08001c6e   0x00000002   PAD
    0x08001c70   0x08001c70   0x00000080   Code   RO          399    .text.HAL_TIM_Base_MspInit  tim.o
    0x08001cf0   0x08001cf0   0x00000048   Code   RO          952    .text.HAL_TIM_Base_Start_IT  stm32f0xx_hal_tim.o
    0x08001d38   0x08001d38   0x0000014c   Code   RO         1124    .text.HAL_TIM_ConfigClockSource  stm32f0xx_hal_tim.o
    0x08001e84   0x08001e84   0x00000002   Code   RO         1074    .text.HAL_TIM_IC_CaptureCallback  stm32f0xx_hal_tim.o
    0x08001e86   0x08001e86   0x00000148   Code   RO         1072    .text.HAL_TIM_IRQHandler  stm32f0xx_hal_tim.o
    0x08001fce   0x08001fce   0x00000002   PAD
    0x08001fd0   0x08001fd0   0x00000048   Code   RO          393    .text.HAL_TIM_MspPostInit  tim.o
    0x08002018   0x08002018   0x00000002   Code   RO         1076    .text.HAL_TIM_OC_DelayElapsedCallback  stm32f0xx_hal_tim.o
    0x0800201a   0x0800201a   0x00000002   PAD
    0x0800201c   0x0800201c   0x000000c0   Code   RO         1098    .text.HAL_TIM_PWM_ConfigChannel  stm32f0xx_hal_tim.o
    0x080020dc   0x080020dc   0x0000004a   Code   RO          992    .text.HAL_TIM_PWM_Init  stm32f0xx_hal_tim.o
    0x08002126   0x08002126   0x00000002   Code   RO          994    .text.HAL_TIM_PWM_MspInit  stm32f0xx_hal_tim.o
    0x08002128   0x08002128   0x00000002   Code   RO         1078    .text.HAL_TIM_PWM_PulseFinishedCallback  stm32f0xx_hal_tim.o
    0x0800212a   0x0800212a   0x00000002   PAD
    0x0800212c   0x0800212c   0x000000a8   Code   RO         1000    .text.HAL_TIM_PWM_Start  stm32f0xx_hal_tim.o
    0x080021d4   0x080021d4   0x00000158   Code   RO          328    .text.HAL_TIM_PeriodElapsedCallback  main.o
    0x0800232c   0x0800232c   0x00000002   Code   RO         1082    .text.HAL_TIM_TriggerCallback  stm32f0xx_hal_tim.o
    0x0800232e   0x0800232e   0x00000002   Code   RO          416    .text.HardFault_Handler  stm32f0xx_it.o
    0x08002330   0x08002330   0x00000060   Code   RO          314    .text.HeaterCheck   heater_fan.o
    0x08002390   0x08002390   0x00000038   Code   RO          310    .text.HeaterInit    heater_fan.o
    0x080023c8   0x080023c8   0x00000038   Code   RO          308    .text.HeaterSave    heater_fan.o
    0x08002400   0x08002400   0x00000030   Code   RO          312    .text.HeaterSetPercent  heater_fan.o
    0x08002430   0x08002430   0x0000008c   Code   RO          589    .text.I2C_IsAcknowledgeFailed  stm32f0xx_hal_i2c.o
    0x080024bc   0x080024bc   0x00000088   Code   RO          507    .text.I2C_RequestMemoryRead  stm32f0xx_hal_i2c.o
    0x08002544   0x08002544   0x00000090   Code   RO          503    .text.I2C_RequestMemoryWrite  stm32f0xx_hal_i2c.o
    0x080025d4   0x080025d4   0x0000006a   Code   RO          453    .text.I2C_WaitOnFlagUntilTimeout  stm32f0xx_hal_i2c.o
    0x0800263e   0x0800263e   0x00000050   Code   RO          457    .text.I2C_WaitOnSTOPFlagUntilTimeout  stm32f0xx_hal_i2c.o
    0x0800268e   0x0800268e   0x00000062   Code   RO          455    .text.I2C_WaitOnTXISFlagUntilTimeout  stm32f0xx_hal_i2c.o
    0x080026f0   0x080026f0   0x000000c0   Code   RO          133    .text.I2c_ReadByte  i2c_hal.o
    0x080027b0   0x080027b0   0x00000054   Code   RO          127    .text.I2c_StartCondition  i2c_hal.o
    0x08002804   0x08002804   0x00000050   Code   RO          129    .text.I2c_StopCondition  i2c_hal.o
    0x08002854   0x08002854   0x000000b0   Code   RO          131    .text.I2c_WriteByte  i2c_hal.o
    0x08002904   0x08002904   0x00000046   Code   RO          250    .text.IncTime       user_time.o
    0x0800294a   0x0800294a   0x0000000e   Code   RO          252    .text.IncTimesec    user_time.o
    0x08002958   0x08002958   0x00000048   Code   RO          332    .text.IsHatcher     main.o
    0x080029a0   0x080029a0   0x00000040   Code   RO          192    .text.KeysInit      keys.o
    0x080029e0   0x080029e0   0x00000052   Code   RO           15    .text.LCD_4bit_send  lcd_ch.o
    0x08002a32   0x08002a32   0x0000002c   Code   RO           19    .text.LCD_clear_home  lcd_ch.o
    0x08002a5e   0x08002a5e   0x0000004a   Code   RO           75    .text.LCD_clear_size  lcd_ch.o
    0x08002aa8   0x08002aa8   0x0000003c   Code   RO           21    .text.LCD_clearrow  lcd_ch.o
    0x08002ae4   0x08002ae4   0x0000003e   Code   RO           25    .text.LCD_create_custom_char  lcd_ch.o
    0x08002b22   0x08002b22   0x00000016   Code   RO           49    .text.LCD_cursor_off  lcd_ch.o
    0x08002b38   0x08002b38   0x00000016   Code   RO           47    .text.LCD_cursor_on  lcd_ch.o
    0x08002b4e   0x08002b4e   0x00000024   Code   RO           23    .text.LCD_gotoxy    lcd_ch.o
    0x08002b72   0x08002b72   0x00000070   Code   RO           27    .text.LCD_init      lcd_ch.o
    0x08002be2   0x08002be2   0x00000002   PAD
    0x08002be4   0x08002be4   0x000001c0   Code   RO           71    .text.LCD_putpersian  lcd_ch.o
    0x08002da4   0x08002da4   0x00000024   Code   RO           29    .text.LCD_putstr    lcd_ch.o
    0x08002dc8   0x08002dc8   0x0000003a   Code   RO           73    .text.LCD_putstralign  lcd_ch.o
    0x08002e02   0x08002e02   0x0000002c   Code   RO           33    .text.LCD_putstrpos  lcd_ch.o
    0x08002e2e   0x08002e2e   0x00000002   PAD
    0x08002e30   0x08002e30   0x00000104   Code   RO          359    .text.MX_GPIO_Init  gpio.o
    0x08002f34   0x08002f34   0x0000005c   Code   RO          367    .text.MX_I2C1_Init  i2c.o
    0x08002f90   0x08002f90   0x0000002c   Code   RO          382    .text.MX_IWDG_Init  iwdg.o
    0x08002fbc   0x08002fbc   0x00000034   Code   RO          395    .text.MX_TIM16_Init  tim.o
    0x08002ff0   0x08002ff0   0x00000038   Code   RO          397    .text.MX_TIM17_Init  tim.o
    0x08003028   0x08003028   0x000000d8   Code   RO          391    .text.MX_TIM1_Init  tim.o
    0x08003100   0x08003100   0x0000009c   Code   RO          270    .text.MotorCheck    motor.o
    0x0800319c   0x0800319c   0x00000026   Code   RO          266    .text.MotorInit     motor.o
    0x080031c2   0x080031c2   0x00000002   PAD
    0x080031c4   0x080031c4   0x00000018   Code   RO          268    .text.MotorSetState  motor.o
    0x080031dc   0x080031dc   0x00000002   Code   RO          414    .text.NMI_Handler   stm32f0xx_it.o
    0x080031de   0x080031de   0x00000002   Code   RO          420    .text.PendSV_Handler  stm32f0xx_it.o
    0x080031e0   0x080031e0   0x00000020   Code   RO          123    .text.SCL_CONF      i2c_hal.o
    0x08003200   0x08003200   0x00000030   Code   RO          117    .text.SCL_OUTPUT    i2c_hal.o
    0x08003230   0x08003230   0x00000034   Code   RO          119    .text.SDA_OUTPUT    i2c_hal.o
    0x08003264   0x08003264   0x0000013c   Code   RO          151    .text.SHT2x_MeasureHM  sht2x_bb.o
    0x080033a0   0x080033a0   0x00000002   Code   RO          418    .text.SVC_Handler   stm32f0xx_it.o
    0x080033a2   0x080033a2   0x00000022   Code   RO          281    .text.ShtInit       user_sht.o
    0x080033c4   0x080033c4   0x00000068   Code   RO          283    .text.ShtReadSensor  user_sht.o
    0x0800342c   0x0800342c   0x00000028   Code   RO          285    .text.ShtSave       user_sht.o
    0x08003454   0x08003454   0x00000008   Code   RO          422    .text.SysTick_Handler  stm32f0xx_it.o
    0x0800345c   0x0800345c   0x0000007c   Code   RO          338    .text.SystemClock_Config  main.o
    0x080034d8   0x080034d8   0x00000002   Code   RO         1263    .text.SystemInit    system_stm32f0xx.o
    0x080034da   0x080034da   0x00000002   PAD
    0x080034dc   0x080034dc   0x00000010   Code   RO          424    .text.TIM16_IRQHandler  stm32f0xx_it.o
    0x080034ec   0x080034ec   0x00000010   Code   RO          426    .text.TIM17_IRQHandler  stm32f0xx_it.o
    0x080034fc   0x080034fc   0x00000084   Code   RO          942    .text.TIM_Base_SetConfig  stm32f0xx_hal_tim.o
    0x08003580   0x08003580   0x00000078   Code   RO         1086    .text.TIM_OC1_SetConfig  stm32f0xx_hal_tim.o
    0x080035f8   0x080035f8   0x00000078   Code   RO         1088    .text.TIM_OC2_SetConfig  stm32f0xx_hal_tim.o
    0x08003670   0x08003670   0x0000007c   Code   RO         1090    .text.TIM_OC3_SetConfig  stm32f0xx_hal_tim.o
    0x080036ec   0x080036ec   0x00000068   Code   RO         1092    .text.TIM_OC4_SetConfig  stm32f0xx_hal_tim.o
    0x08003754   0x08003754   0x0000000c   Code   RO          256    .text.TimeInit      user_time.o
    0x08003760   0x08003760   0x00000016   Code   RO          254    .text.TimeSave      user_time.o
    0x08003776   0x08003776   0x00000050   Code   RO          248    .text.compareTime   user_time.o
    0x080037c6   0x080037c6   0x00000002   PAD
    0x080037c8   0x080037c8   0x00001f7c   Code   RO          336    .text.main          main.o
    0x08005744   0x08005744   0x00000074   Code   RO          334    .text.negativStr    main.o
    0x080057b8   0x080057b8   0x00000030   Code   RO           13    .text.toggle_EN_pin  lcd_ch.o
    0x080057e8   0x080057e8   0x00000028   Code   RO         1505    i.__0sprintf$8      mc_p.l(printf8.o)
    0x08005810   0x08005810   0x0000002e   Code   RO         1613    i.__ARM_clz         mf_p.l(depilogue.o)
    0x0800583e   0x0800583e   0x0000000e   Code   RO         1625    i.__scatterload_copy  mc_p.l(handlers.o)
    0x0800584c   0x0800584c   0x00000002   Code   RO         1626    i.__scatterload_null  mc_p.l(handlers.o)
    0x0800584e   0x0800584e   0x0000000e   Code   RO         1627    i.__scatterload_zeroinit  mc_p.l(handlers.o)
    0x0800585c   0x0800585c   0x00000428   Code   RO         1510    i._printf_core      mc_p.l(printf8.o)
    0x08005c84   0x08005c84   0x00000020   Code   RO         1511    i._printf_post_padding  mc_p.l(printf8.o)
    0x08005ca4   0x08005ca4   0x0000002c   Code   RO         1512    i._printf_pre_padding  mc_p.l(printf8.o)
    0x08005cd0   0x08005cd0   0x0000000a   Code   RO         1514    i._sputc            mc_p.l(printf8.o)
    0x08005cda   0x08005cda   0x00000010   Data   RO         1268    .rodata.AHBPrescTable  system_stm32f0xx.o
    0x08005cea   0x08005cea   0x000000ec   Data   RO          348    .rodata.str1.1      main.o
    0x08005dd6   0x08005dd6   0x00000002   PAD
    0x08005dd8   0x08005dd8   0x0000000f   Data   RO          349    .rodata.str1.4      main.o
    0x08005de7   0x08005de7   0x00000001   PAD
    0x08005de8   0x08005de8   0x00000020   Data   RO         1624    Region$$Table       anon$$obj.o


    Execution Region RW_IRAM1 (Exec base: 0x20000000, Load base: 0x08005e08, Size: 0x000009f0, Max: 0x00001000, ABSOLUTE, COMPRESSED[0x00000210])

    Exec Addr    Load Addr    Size         Type   Attr      Idx    E Section Name        Object

    0x20000000   COMPRESSED   0x00000004   Data   RW           81    .data.Belderchin_Pos_ch  lcd_ch.o
    0x20000004   COMPRESSED   0x0000000c   Data   RW          233    .data.Belderchin_prog  bird.o
    0x20000010   COMPRESSED   0x00000005   Data   RW           80    .data.Boghalamoon_Pos_ch  lcd_ch.o
    0x20000015   COMPRESSED   0x00000003   PAD
    0x20000018   COMPRESSED   0x00000018   Data   RW          232    .data.Boghalamoon_prog  bird.o
    0x20000030   COMPRESSED   0x00000009   Data   RW           88    .data.Charkhsh_Pos_ch  lcd_ch.o
    0x20000039   COMPRESSED   0x00000003   Data   RW          342    .data.DELAY_SWITCHMAINDISPLAY  main.o
    0x2000003c   COMPRESSED   0x00000004   Data   RW           89    .data.Dama_Pos_ch   lcd_ch.o
    0x20000040   COMPRESSED   0x00000007   Data   RW           77    .data.Dasti_Pos_ch  lcd_ch.o
    0x20000047   COMPRESSED   0x00000005   Data   RW           93    .data.Dooreh_Pos_ch  lcd_ch.o
    0x2000004c   COMPRESSED   0x00000004   Data   RW           82    .data.Gharghavol_Pos_ch  lcd_ch.o
    0x20000050   COMPRESSED   0x0000000c   Data   RW          234    .data.Gharghavol_prog  bird.o
    0x2000005c   COMPRESSED   0x00000005   Data   RW           85    .data.Ghaz_Pos_ch   lcd_ch.o
    0x20000061   COMPRESSED   0x00000003   PAD
    0x20000064   COMPRESSED   0x00000018   Data   RW          237    .data.Ghaz_prog     bird.o
    0x2000007c   COMPRESSED   0x00000004   Data   RW           95    .data.Hatcher_Pos_ch  lcd_ch.o
    0x20000080   COMPRESSED   0x00000007   Data   RW           83    .data.Kabk_Pos_ch   lcd_ch.o
    0x20000087   COMPRESSED   0x00000001   PAD
    0x20000088   COMPRESSED   0x0000000c   Data   RW          235    .data.Kabk_prog     bird.o
    0x20000094   COMPRESSED   0x0000000c   Data   RW          229    .data.Manual_prog   bird.o
    0x200000a0   COMPRESSED   0x00000009   Data   RW           79    .data.MorghShakhdar_Pos_ch  lcd_ch.o
    0x200000a9   COMPRESSED   0x00000003   PAD
    0x200000ac   COMPRESSED   0x0000000c   Data   RW          231    .data.MorghShakhdar_prog  bird.o
    0x200000b8   COMPRESSED   0x00000005   Data   RW           78    .data.Morgh_Pos_ch  lcd_ch.o
    0x200000bd   COMPRESSED   0x00000003   PAD
    0x200000c0   COMPRESSED   0x0000000c   Data   RW          230    .data.Morgh_prog    bird.o
    0x200000cc   COMPRESSED   0x00000003   Data   RW           84    .data.Ordak_Pos_ch  lcd_ch.o
    0x200000cf   COMPRESSED   0x00000001   PAD
    0x200000d0   COMPRESSED   0x0000000c   Data   RW          236    .data.Ordak_prog    bird.o
    0x200000dc   COMPRESSED   0x00000004   Data   RW          180    .data.Rhythm1Prog   buzzer.o
    0x200000e0   COMPRESSED   0x0000000c   Data   RW          181    .data.Rhythm2Prog   buzzer.o
    0x200000ec   COMPRESSED   0x00000004   Data   RW          182    .data.Rhythm3Prog   buzzer.o
    0x200000f0   COMPRESSED   0x00000004   Data   RW           92    .data.Rooz_Pos_ch   lcd_ch.o
    0x200000f4   COMPRESSED   0x00000005   Data   RW           90    .data.Rotobat_Pos_ch  lcd_ch.o
    0x200000f9   COMPRESSED   0x00000004   Data   RW           94    .data.Setter_Pos_ch  lcd_ch.o
    0x200000fd   COMPRESSED   0x00000003   PAD
    0x20000100   COMPRESSED   0x0000000c   Data   RW          238    .data.ShotorMorgh_prog  bird.o
    0x2000010c   COMPRESSED   0x00000005   Data   RW           86    .data.Shotormorgh_Pos_ch  lcd_ch.o
    0x20000111   COMPRESSED   0x00000001   PAD
    0x20000112   COMPRESSED   0x00000004   Data   RW          179    .data.SilentRhythmProg  buzzer.o
    0x20000116   COMPRESSED   0x00000002   PAD
    0x20000118   COMPRESSED   0x00000004   Data   RW         1267    .data.SystemCoreClock  system_stm32f0xx.o
    0x2000011c   COMPRESSED   0x00000005   Data   RW           87    .data.Timer_Pos_ch  lcd_ch.o
    0x20000121   COMPRESSED   0x00000005   Data   RW           91    .data.Zaman_Pos_ch  lcd_ch.o
    0x20000126   COMPRESSED   0x00000170   Data   RW           96    .data.custom_character  lcd_ch.o
    0x20000296   COMPRESSED   0x00000002   PAD
    0x20000298   COMPRESSED   0x0000017c   Data   RW          239    .data.defaultBirds  bird.o
    0x20000414   COMPRESSED   0x00000006   Data   RW          316    .data.defaultFan    heater_fan.o
    0x2000041a   COMPRESSED   0x00000008   Data   RW          317    .data.defaultHeater  heater_fan.o
    0x20000422   COMPRESSED   0x00000014   Data   RW          272    .data.defaultMotor  motor.o
    0x20000436   COMPRESSED   0x00000001   Data   RW          710    .data.uwTickFreq    stm32f0xx_hal.o
    0x20000437   COMPRESSED   0x00000001   PAD
    0x20000438   COMPRESSED   0x00000004   Data   RW          709    .data.uwTickPrio    stm32f0xx_hal.o
    0x2000043c   COMPRESSED   0x00000004   PAD
    0x20000440        -       0x00000010   Zero   RW          183    .bss.Buzzer         buzzer.o
    0x20000450        -       0x00000001   Zero   RW          319    .bss.FanStateHum.flag_hum  heater_fan.o
    0x20000451        -       0x00000001   Zero   RW          318    .bss.FanStateTemp.flag_temp  heater_fan.o
    0x20000452   COMPRESSED   0x00000002   PAD
    0x20000454        -       0x00000040   Zero   RW          194    .bss.Keys           keys.o
    0x20000494        -       0x00000001   Zero   RW          346    .bss.TimerGoMainMenu  main.o
    0x20000495        -       0x00000001   Zero   RW          345    .bss.cnt_tik3s      main.o
    0x20000496        -       0x0000000a   Zero   RW          287    .bss.defaultSht     user_sht.o
    0x200004a0        -       0x0000004c   Zero   RW          373    .bss.hi2c1          i2c.o
    0x200004ec        -       0x00000010   Zero   RW          384    .bss.hiwdg          iwdg.o
    0x200004fc        -       0x00000048   Zero   RW          403    .bss.htim1          tim.o
    0x20000544        -       0x00000048   Zero   RW          404    .bss.htim16         tim.o
    0x2000058c        -       0x00000048   Zero   RW          405    .bss.htim17         tim.o
    0x200005d4        -       0x00000010   Zero   RW          347    .bss.negstr         main.o
    0x200005e4        -       0x00000001   Zero   RW          343    .bss.tik_1s         main.o
    0x200005e5        -       0x00000001   Zero   RW          344    .bss.tik_3s         main.o
    0x200005e6   COMPRESSED   0x00000002   PAD
    0x200005e8        -       0x00000004   Zero   RW          711    .bss.uwTick         stm32f0xx_hal.o
    0x200005ec   COMPRESSED   0x00000004   PAD
    0x200005f0        -       0x00000400   Zero   RW            1    STACK               startup_stm32f030x6.o


==============================================================================

Image component sizes


      Code (inc. data)   RO Data    RW Data    ZI Data      Debug   Object Name

       552         44          0        524          0       2989   bird.o
       100         28          0         24         16       1733   buzzer.o
       188          4          0          0          0       4571   eeprom.o
       260         20          0          0          0       1887   gpio.o
       514         24          0         14          2       6334   heater_fan.o
       180         24          0          0         76       4772   i2c.o
       690          8          0          0          0       6047   i2c_hal.o
        44         12          0          0         16       1256   iwdg.o
        64          8          0          0         64       1417   keys.o
      1148        156          0        467          0      10453   lcd_ch.o
      8818        788        251          3         20      21926   main.o
       218          0          0         20          0       2318   motor.o
       316         32          0          0          0       6315   sht2x_bb.o
        28          8        176          0       1024        696   startup_stm32f030x6.o
       164         20          0          5          4       5235   stm32f0xx_hal.o
       132         24          0          0          0       5449   stm32f0xx_hal_cortex.o
       452         24          0          0          0       4895   stm32f0xx_hal_gpio.o
      1976         64          0          0          0      48587   stm32f0xx_hal_i2c.o
       132          0          0          0          0       4918   stm32f0xx_hal_i2c_ex.o
       112         12          0          0          0       1856   stm32f0xx_hal_iwdg.o
        44          4          0          0          0       1100   stm32f0xx_hal_msp.o
      1356         72          0          0          0       7199   stm32f0xx_hal_rcc.o
       248         12          0          0          0       3167   stm32f0xx_hal_rcc_ex.o
      1850         56          0          0          0      52310   stm32f0xx_hal_tim.o
       166          0          0          0          0      21812   stm32f0xx_hal_tim_ex.o
        48          8          0          0          0       1847   stm32f0xx_it.o
         2          0         16          4          0       1885   system_stm32f0xx.o
       524         56          0          0        216       6970   tim.o
       178          4          0          0         10       1475   user_sht.o
       198          0          0          0          0       2134   user_time.o

    ----------------------------------------------------------------------
     20728       1512        478       1084       1460     243553   Object Totals
         0          0         32          0          0          0   (incl. Generated)
        26          0          3         23         12          0   (incl. Padding)

    ----------------------------------------------------------------------

      Code (inc. data)   RO Data    RW Data    ZI Data      Debug   Library Member Name

        86          0          0          0          0          0   __dczerorl2.o
         0          0          0          0          0          0   entry.o
         0          0          0          0          0          0   entry10a.o
         0          0          0          0          0          0   entry11a.o
         8          4          0          0          0          0   entry2.o
         4          0          0          0          0          0   entry5.o
         0          0          0          0          0          0   entry7b.o
         0          0          0          0          0          0   entry8b.o
         8          4          0          0          0          0   entry9a.o
        30          0          0          0          0          0   handlers.o
        36          8          0          0          0         68   init.o
         0          0          0          0          0          0   iusefp.o
        32          0          0          0          0         68   llshl.o
        38          0          0          0          0         68   llsshr.o
        34          0          0          0          0         68   llushr.o
        26          0          0          0          0         72   memcmp.o
        36          0          0          0          0         60   memcpya.o
        36          0          0          0          0        100   memseta.o
      1190         48          0          0          0        384   printf8.o
        14          0          0          0          0         60   strlen.o
        62          0          0          0          0         72   uidiv_div0.o
        96          0          0          0          0         84   uldiv.o
        56          0          0          0          0         68   d2f.o
       356          4          0          0          0        140   dadd.o
       236          0          0          0          0        216   depilogue.o
        72         10          0          0          0         72   dfixi.o
        28          4          0          0          0         68   dfltui.o
       208          6          0          0          0         88   dmul.o
        40          0          0          0          0         60   f2d.o
       130          0          0          0          0        144   fepilogue.o

    ----------------------------------------------------------------------
      2866         88          0          0          0       1960   Library Totals
         4          0          0          0          0          0   (incl. Padding)

    ----------------------------------------------------------------------

      Code (inc. data)   RO Data    RW Data    ZI Data      Debug   Library Name

      1736         64          0          0          0       1104   mc_p.l
      1126         24          0          0          0        856   mf_p.l

    ----------------------------------------------------------------------
      2866         88          0          0          0       1960   Library Totals

    ----------------------------------------------------------------------

==============================================================================


      Code (inc. data)   RO Data    RW Data    ZI Data      Debug   

     23594       1600        478       1084       1460     244253   Grand Totals
     23594       1600        478        528       1460     244253   ELF Image Totals (compressed)
     23594       1600        478        528          0          0   ROM Totals

==============================================================================

    Total RO  Size (Code + RO Data)                24072 (  23.51kB)
    Total RW  Size (RW Data + ZI Data)              2544 (   2.48kB)
    Total ROM Size (Code + RO Data + RW Data)      24600 (  24.02kB)

==============================================================================

