Component: ARM Compiler 6.15 Tool: armlink [5dd79300]

==============================================================================

Section Cross References

    startup_stm32f030x6.o(RESET) refers to startup_stm32f030x6.o(STACK) for __initial_sp
    startup_stm32f030x6.o(RESET) refers to startup_stm32f030x6.o(.text) for Reset_Handler
    startup_stm32f030x6.o(RESET) refers to stm32f0xx_it.o(.text.NMI_Handler) for NMI_Handler
    startup_stm32f030x6.o(RESET) refers to stm32f0xx_it.o(.text.HardFault_Handler) for HardFault_Handler
    startup_stm32f030x6.o(RESET) refers to stm32f0xx_it.o(.text.SVC_Handler) for SVC_Handler
    startup_stm32f030x6.o(RESET) refers to stm32f0xx_it.o(.text.PendSV_Handler) for PendSV_Handler
    startup_stm32f030x6.o(RESET) refers to stm32f0xx_it.o(.text.SysTick_Handler) for SysTick_Handler
    startup_stm32f030x6.o(RESET) refers to stm32f0xx_it.o(.text.TIM16_IRQHandler) for TIM16_IRQHandler
    startup_stm32f030x6.o(RESET) refers to stm32f0xx_it.o(.text.TIM17_IRQHandler) for TIM17_IRQHandler
    startup_stm32f030x6.o(.text) refers to system_stm32f0xx.o(.text.SystemInit) for SystemInit
    startup_stm32f030x6.o(.text) refers to entry.o(.ARM.Collect$$$$00000000) for __main
    lcd_ch.o(.ARM.exidx.text.lcd_delay_us) refers to lcd_ch.o(.text.lcd_delay_us) for [Anonymous Symbol]
    lcd_ch.o(.text.toggle_EN_pin) refers to stm32f0xx_hal_gpio.o(.text.HAL_GPIO_WritePin) for HAL_GPIO_WritePin
    lcd_ch.o(.text.toggle_EN_pin) refers to lcd_ch.o(.text.lcd_delay_us) for lcd_delay_us
    lcd_ch.o(.ARM.exidx.text.toggle_EN_pin) refers to lcd_ch.o(.text.toggle_EN_pin) for [Anonymous Symbol]
    lcd_ch.o(.text.LCD_4bit_send) refers to lcd_ch.o(.text.toggle_EN_pin) for toggle_EN_pin
    lcd_ch.o(.text.LCD_4bit_send) refers to stm32f0xx_hal_gpio.o(.text.HAL_GPIO_WritePin) for HAL_GPIO_WritePin
    lcd_ch.o(.ARM.exidx.text.LCD_4bit_send) refers to lcd_ch.o(.text.LCD_4bit_send) for [Anonymous Symbol]
    lcd_ch.o(.text.LCD_send) refers to stm32f0xx_hal_gpio.o(.text.HAL_GPIO_WritePin) for HAL_GPIO_WritePin
    lcd_ch.o(.text.LCD_send) refers to lcd_ch.o(.text.LCD_4bit_send) for LCD_4bit_send
    lcd_ch.o(.ARM.exidx.text.LCD_send) refers to lcd_ch.o(.text.LCD_send) for [Anonymous Symbol]
    lcd_ch.o(.text.LCD_clear_home) refers to lcd_ch.o(.text.LCD_send) for LCD_send
    lcd_ch.o(.ARM.exidx.text.LCD_clear_home) refers to lcd_ch.o(.text.LCD_clear_home) for [Anonymous Symbol]
    lcd_ch.o(.text.LCD_clearrow) refers to lcd_ch.o(.text.LCD_gotoxy) for LCD_gotoxy
    lcd_ch.o(.text.LCD_clearrow) refers to lcd_ch.o(.text.LCD_send) for LCD_send
    lcd_ch.o(.ARM.exidx.text.LCD_clearrow) refers to lcd_ch.o(.text.LCD_clearrow) for [Anonymous Symbol]
    lcd_ch.o(.text.LCD_gotoxy) refers to lcd_ch.o(.text.LCD_send) for LCD_send
    lcd_ch.o(.ARM.exidx.text.LCD_gotoxy) refers to lcd_ch.o(.text.LCD_gotoxy) for [Anonymous Symbol]
    lcd_ch.o(.text.LCD_create_custom_char) refers to lcd_ch.o(.text.LCD_send) for LCD_send
    lcd_ch.o(.ARM.exidx.text.LCD_create_custom_char) refers to lcd_ch.o(.text.LCD_create_custom_char) for [Anonymous Symbol]
    lcd_ch.o(.text.LCD_init) refers to stm32f0xx_hal_gpio.o(.text.HAL_GPIO_WritePin) for HAL_GPIO_WritePin
    lcd_ch.o(.text.LCD_init) refers to stm32f0xx_hal.o(.text.HAL_Delay) for HAL_Delay
    lcd_ch.o(.text.LCD_init) refers to lcd_ch.o(.text.LCD_clear_home) for LCD_clear_home
    lcd_ch.o(.text.LCD_init) refers to lcd_ch.o(.text.LCD_send) for LCD_send
    lcd_ch.o(.ARM.exidx.text.LCD_init) refers to lcd_ch.o(.text.LCD_init) for [Anonymous Symbol]
    lcd_ch.o(.text.LCD_putstr) refers to lcd_ch.o(.text.LCD_send) for LCD_send
    lcd_ch.o(.ARM.exidx.text.LCD_putstr) refers to lcd_ch.o(.text.LCD_putstr) for [Anonymous Symbol]
    lcd_ch.o(.text.LCD_putchar) refers to lcd_ch.o(.text.LCD_send) for LCD_send
    lcd_ch.o(.ARM.exidx.text.LCD_putchar) refers to lcd_ch.o(.text.LCD_putchar) for [Anonymous Symbol]
    lcd_ch.o(.text.LCD_putstrpos) refers to lcd_ch.o(.text.LCD_gotoxy) for LCD_gotoxy
    lcd_ch.o(.text.LCD_putstrpos) refers to lcd_ch.o(.text.LCD_putstr) for LCD_putstr
    lcd_ch.o(.ARM.exidx.text.LCD_putstrpos) refers to lcd_ch.o(.text.LCD_putstrpos) for [Anonymous Symbol]
    lcd_ch.o(.text.LCD_entry_inc) refers to lcd_ch.o(.text.LCD_send) for LCD_send
    lcd_ch.o(.ARM.exidx.text.LCD_entry_inc) refers to lcd_ch.o(.text.LCD_entry_inc) for [Anonymous Symbol]
    lcd_ch.o(.text.LCD_entry_dec) refers to lcd_ch.o(.text.LCD_send) for LCD_send
    lcd_ch.o(.ARM.exidx.text.LCD_entry_dec) refers to lcd_ch.o(.text.LCD_entry_dec) for [Anonymous Symbol]
    lcd_ch.o(.text.LCD_entry_inc_shift) refers to lcd_ch.o(.text.LCD_send) for LCD_send
    lcd_ch.o(.ARM.exidx.text.LCD_entry_inc_shift) refers to lcd_ch.o(.text.LCD_entry_inc_shift) for [Anonymous Symbol]
    lcd_ch.o(.text.LCD_entry_dec_shift) refers to lcd_ch.o(.text.LCD_send) for LCD_send
    lcd_ch.o(.ARM.exidx.text.LCD_entry_dec_shift) refers to lcd_ch.o(.text.LCD_entry_dec_shift) for [Anonymous Symbol]
[...]
    [Anonymous Symbol]                       0x08001bba   Section        0  stm32f0xx_hal_tim.o(.text.HAL_TIM_IRQHandler)
    [Anonymous Symbol]                       0x08001d04   Section        0  tim.o(.text.HAL_TIM_MspPostInit)
    __arm_cp.1_0                             0x08001d4c   Number         4  tim.o(.text.HAL_TIM_MspPostInit)
    __arm_cp.1_1                             0x08001d50   Number         4  tim.o(.text.HAL_TIM_MspPostInit)
    [Anonymous Symbol]                       0x08001d54   Section        0  stm32f0xx_hal_tim.o(.text.HAL_TIM_OC_DelayElapsedCallback)
    [Anonymous Symbol]                       0x08001d58   Section        0  stm32f0xx_hal_tim.o(.text.HAL_TIM_PWM_ConfigChannel)
    [Anonymous Symbol]                       0x08001e10   Section        0  stm32f0xx_hal_tim.o(.text.HAL_TIM_PWM_Init)
    [Anonymous Symbol]                       0x08001e52   Section        0  stm32f0xx_hal_tim.o(.text.HAL_TIM_PWM_MspInit)
    [Anonymous Symbol]                       0x08001e54   Section        0  stm32f0xx_hal_tim.o(.text.HAL_TIM_PWM_PulseFinishedCallback)
    [Anonymous Symbol]                       0x08001e58   Section        0  stm32f0xx_hal_tim.o(.text.HAL_TIM_PWM_Start)
    __arm_cp.31_0                            0x08001ef4   Number         4  stm32f0xx_hal_tim.o(.text.HAL_TIM_PWM_Start)
    __arm_cp.31_1                            0x08001ef8   Number         4  stm32f0xx_hal_tim.o(.text.HAL_TIM_PWM_Start)
    [Anonymous Symbol]                       0x08001efc   Section        0  main.o(.text.HAL_TIM_PeriodElapsedCallback)
    __arm_cp.0_0                             0x08002014   Number         4  main.o(.text.HAL_TIM_PeriodElapsedCallback)
    __arm_cp.0_1                             0x08002018   Number         4  main.o(.text.HAL_TIM_PeriodElapsedCallback)
    __arm_cp.0_2                             0x0800201c   Number         4  main.o(.text.HAL_TIM_PeriodElapsedCallback)
    __arm_cp.0_3                             0x08002020   Number         4  main.o(.text.HAL_TIM_PeriodElapsedCallback)
    __arm_cp.0_4                             0x08002024   Number         4  main.o(.text.HAL_TIM_PeriodElapsedCallback)
    __arm_cp.0_5                             0x08002028   Number         4  main.o(.text.HAL_TIM_PeriodElapsedCallback)
    [Anonymous Symbol]                       0x0800202c   Section        0  stm32f0xx_hal_tim.o(.text.HAL_TIM_TriggerCallback)
    [Anonymous Symbol]                       0x0800202e   Section        0  stm32f0xx_it.o(.text.HardFault_Handler)
    [Anonymous Symbol]                       0x08002030   Section        0  heater_fan.o(.text.HeaterCheck)
    __arm_cp.9_0                             0x08002070   Number         4  heater_fan.o(.text.HeaterCheck)
    [Anonymous Symbol]                       0x08002074   Section        0  heater_fan.o(.text.HeaterInit)
    __arm_cp.7_0                             0x080020a4   Number         4  heater_fan.o(.text.HeaterInit)
    [Anonymous Symbol]                       0x080020a8   Section        0  heater_fan.o(.text.HeaterSave)
    __arm_cp.6_0                             0x080020d8   Number         4  heater_fan.o(.text.HeaterSave)
    [Anonymous Symbol]                       0x080020dc   Section        0  heater_fan.o(.text.HeaterSetPercent)
    __arm_cp.8_0                             0x080020fc   Number         4  heater_fan.o(.text.HeaterSetPercent)
    I2C_Flush_TXDR                           0x08002101   Thumb Code    28  stm32f0xx_hal_i2c.o(.text.I2C_Flush_TXDR)
    [Anonymous Symbol]                       0x08002100   Section        0  stm32f0xx_hal_i2c.o(.text.I2C_Flush_TXDR)
    I2C_IsAcknowledgeFailed                  0x0800211d   Thumb Code   116  stm32f0xx_hal_i2c.o(.text.I2C_IsAcknowledgeFailed)
    [Anonymous Symbol]                       0x0800211c   Section        0  stm32f0xx_hal_i2c.o(.text.I2C_IsAcknowledgeFailed)
    __arm_cp.78_0                            0x0800218c   Number         4  stm32f0xx_hal_i2c.o(.text.I2C_IsAcknowledgeFailed)
    I2C_RequestMemoryRead                    0x08002191   Thumb Code   100  stm32f0xx_hal_i2c.o(.text.I2C_RequestMemoryRead)
    [Anonymous Symbol]                       0x08002190   Section        0  stm32f0xx_hal_i2c.o(.text.I2C_RequestMemoryRead)
    I2C_RequestMemoryWrite                   0x080021f5   Thumb Code   104  stm32f0xx_hal_i2c.o(.text.I2C_RequestMemoryWrite)
    [Anonymous Symbol]                       0x080021f4   Section        0  stm32f0xx_hal_i2c.o(.text.I2C_RequestMemoryWrite)
    __arm_cp.32_0                            0x08002258   Number         4  stm32f0xx_hal_i2c.o(.text.I2C_RequestMemoryWrite)
    I2C_TransferConfig                       0x0800225d   Thumb Code    44  stm32f0xx_hal_i2c.o(.text.I2C_TransferConfig)
    [Anonymous Symbol]                       0x0800225c   Section        0  stm32f0xx_hal_i2c.o(.text.I2C_TransferConfig)
    __arm_cp.6_0                             0x08002280   Number         4  stm32f0xx_hal_i2c.o(.text.I2C_TransferConfig)
    __arm_cp.6_1                             0x08002284   Number         4  stm32f0xx_hal_i2c.o(.text.I2C_TransferConfig)
    I2C_WaitOnFlagUntilTimeout               0x08002289   Thumb Code    74  stm32f0xx_hal_i2c.o(.text.I2C_WaitOnFlagUntilTimeout)
    [Anonymous Symbol]                       0x08002288   Section        0  stm32f0xx_hal_i2c.o(.text.I2C_WaitOnFlagUntilTimeout)
    I2C_WaitOnSTOPFlagUntilTimeout           0x080022d3   Thumb Code    70  stm32f0xx_hal_i2c.o(.text.I2C_WaitOnSTOPFlagUntilTimeout)
    [Anonymous Symbol]                       0x080022d2   Section        0  stm32f0xx_hal_i2c.o(.text.I2C_WaitOnSTOPFlagUntilTimeout)
    I2C_WaitOnTXISFlagUntilTimeout           0x08002319   Thumb Code    74  stm32f0xx_hal_i2c.o(.text.I2C_WaitOnTXISFlagUntilTimeout)
    [Anonymous Symbol]                       0x08002318   Section        0  stm32f0xx_hal_i2c.o(.text.I2C_WaitOnTXISFlagUntilTimeout)
    [Anonymous Symbol]                       0x08002364   Section        0  i2c_hal.o(.text.I2c_ReadByte)
    __arm_cp.9_0                             0x0800240c   Number         4  i2c_hal.o(.text.I2c_ReadByte)
    [Anonymous Symbol]                       0x08002410   Section        0  i2c_hal.o(.text.I2c_StartCondition)
    [Anonymous Symbol]                       0x08002438   Section        0  i2c_hal.o(.text.I2c_StopCondition)
    [Anonymous Symbol]                       0x08002460   Section        0  i2c_hal.o(.text.I2c_WriteByte)
    __arm_cp.8_2                             0x080024f4   Number         4  i2c_hal.o(.text.I2c_WriteByte)
    [Anonymous Symbol]                       0x080024f8   Section        0  user_time.o(.text.IncTime)
    [Anonymous Symbol]                       0x0800253e   Section        0  user_time.o(.text.IncTimesec)
    [Anonymous Symbol]                       0x0800254c   Section        0  main.o(.text.IsHatcher)
    [Anonymous Symbol]                       0x08002574   Section        0  keys.o(.text.KeysInit)
    __arm_cp.0_0                             0x080025b4   Number         4  keys.o(.text.KeysInit)
    __arm_cp.0_1                             0x080025b8   Number         4  keys.o(.text.KeysInit)
    [Anonymous Symbol]                       0x080025bc   Section        0  lcd_ch.o(.text.LCD_4bit_send)
    __arm_cp.2_0                             0x0800260c   Number         4  lcd_ch.o(.text.LCD_4bit_send)
    [Anonymous Symbol]                       0x08002610   Section        0  lcd_ch.o(.text.LCD_clear_home)
    [Anonymous Symbol]                       0x08002626   Section        0  lcd_ch.o(.text.LCD_clear_size)
    [Anonymous Symbol]                       0x08002642   Section        0  lcd_ch.o(.text.LCD_clearrow)
    [Anonymous Symbol]                       0x08002660   Section        0  lcd_ch.o(.text.LCD_create_custom_char)
    [Anonymous Symbol]                       0x08002684   Section        0  lcd_ch.o(.text.LCD_cursor_off)
    [Anonymous Symbol]                       0x08002690   Section        0  lcd_ch.o(.text.LCD_cursor_on)
    [Anonymous Symbol]                       0x0800269c   Section        0  lcd_ch.o(.text.LCD_gotoxy)
    [Anonymous Symbol]                       0x080026b4   Section        0  lcd_ch.o(.text.LCD_init)
    __arm_cp.8_0                             0x080026f0   Number         4  lcd_ch.o(.text.LCD_init)
    [Anonymous Symbol]                       0x080026f4   Section        0  lcd_ch.o(.text.LCD_putpersian)
    __arm_cp.30_0                            0x08002774   Number         4  lcd_ch.o(.text.LCD_putpersian)
    __arm_cp.30_1                            0x08002778   Number         4  lcd_ch.o(.text.LCD_putpersian)
    __arm_cp.30_2                            0x0800277c   Number         4  lcd_ch.o(.text.LCD_putpersian)
    __arm_cp.30_3                            0x08002780   Number         4  lcd_ch.o(.text.LCD_putpersian)
    [Anonymous Symbol]                       0x08002784   Section        0  lcd_ch.o(.text.LCD_putstr)
    [Anonymous Symbol]                       0x0800279e   Section        0  lcd_ch.o(.text.LCD_putstralign)
    [Anonymous Symbol]                       0x080027d8   Section        0  lcd_ch.o(.text.LCD_putstrpos)
    [Anonymous Symbol]                       0x080027ec   Section        0  lcd_ch.o(.text.LCD_send)
    [Anonymous Symbol]                       0x08002810   Section        0  gpio.o(.text.MX_GPIO_Init)
    __arm_cp.0_0                             0x080028f0   Number         4  gpio.o(.text.MX_GPIO_Init)
    __arm_cp.0_1                             0x080028f4   Number         4  gpio.o(.text.MX_GPIO_Init)
    __arm_cp.0_2                             0x080028f8   Number         4  gpio.o(.text.MX_GPIO_Init)
    __arm_cp.0_3                             0x080028fc   Number         4  gpio.o(.text.MX_GPIO_Init)
    __arm_cp.0_4                             0x08002900   Number         4  gpio.o(.text.MX_GPIO_Init)
    __arm_cp.0_5                             0x08002904   Number         4  gpio.o(.text.MX_GPIO_Init)
    __arm_cp.0_6                             0x08002908   Number         4  gpio.o(.text.MX_GPIO_Init)
    __arm_cp.0_7                             0x0800290c   Number         4  gpio.o(.text.MX_GPIO_Init)
    [Anonymous Symbol]                       0x08002910   Section        0  i2c.o(.text.MX_I2C1_Init)
    __arm_cp.0_0                             0x08002960   Number         4  i2c.o(.text.MX_I2C1_Init)
    __arm_cp.0_1                             0x08002964   Number         4  i2c.o(.text.MX_I2C1_Init)
    __arm_cp.0_2                             0x08002968   Number         4  i2c.o(.text.MX_I2C1_Init)
    [Anonymous Symbol]                       0x0800296c   Section        0  tim.o(.text.MX_TIM16_Init)
    __arm_cp.2_0                             0x08002998   Number         4  tim.o(.text.MX_TIM16_Init)
    __arm_cp.2_2                             0x0800299c   Number         4  tim.o(.text.MX_TIM16_Init)
    [Anonymous Symbol]                       0x080029a0   Section        0  tim.o(.text.MX_TIM17_Init)
    __arm_cp.3_0                             0x080029c8   Number         4  tim.o(.text.MX_TIM17_Init)
    __arm_cp.3_1                             0x080029cc   Number         4  tim.o(.text.MX_TIM17_Init)
    __arm_cp.3_2                             0x080029d0   Number         4  tim.o(.text.MX_TIM17_Init)
    __arm_cp.3_3                             0x080029d4   Number         4  tim.o(.text.MX_TIM17_Init)
    [Anonymous Symbol]                       0x080029d8   Section        0  tim.o(.text.MX_TIM1_Init)
    __arm_cp.0_0                             0x08002aa8   Number         4  tim.o(.text.MX_TIM1_Init)
    __arm_cp.0_1                             0x08002aac   Number         4  tim.o(.text.MX_TIM1_Init)
    __arm_cp.0_2                             0x08002ab0   Number         4  tim.o(.text.MX_TIM1_Init)
    __arm_cp.0_3                             0x08002ab4   Number         4  tim.o(.text.MX_TIM1_Init)
    [Anonymous Symbol]                       0x08002ab8   Section        0  motor.o(.text.MotorCheck)
    [Anonymous Symbol]                       0x08002b38   Section        0  motor.o(.text.MotorInit)
    [Anonymous Symbol]                       0x08002b60   Section        0  motor.o(.text.MotorSetState)
    [Anonymous Symbol]                       0x08002b78   Section        0  stm32f0xx_it.o(.text.NMI_Handler)
    [Anonymous Symbol]                       0x08002b7a   Section        0  stm32f0xx_it.o(.text.PendSV_Handler)
    [Anonymous Symbol]                       0x08002b7c   Section        0  i2c_hal.o(.text.SCL_CONF)
    [Anonymous Symbol]                       0x08002b98   Section        0  i2c_hal.o(.text.SCL_OUTPUT)
    [Anonymous Symbol]                       0x08002bc8   Section        0  i2c_hal.o(.text.SDA_CONF)
    [Anonymous Symbol]                       0x08002be4   Section        0  i2c_hal.o(.text.SDA_OUTPUT)
    __arm_cp.2_0                             0x08002c14   Number         4  i2c_hal.o(.text.SDA_OUTPUT)
    [Anonymous Symbol]                       0x08002c18   Section        0  sht2x_bb.o(.text.SHT2x_CalcRH)
    __arm_cp.5_0                             0x08002c3c   Number         4  sht2x_bb.o(.text.SHT2x_CalcRH)
    __arm_cp.5_1                             0x08002c40   Number         4  sht2x_bb.o(.text.SHT2x_CalcRH)
    [Anonymous Symbol]                       0x08002c44   Section        0  sht2x_bb.o(.text.SHT2x_CalcTemperatureC)
    __arm_cp.6_0                             0x08002c64   Number         4  sht2x_bb.o(.text.SHT2x_CalcTemperatureC)
    __arm_cp.6_1                             0x08002c68   Number         4  sht2x_bb.o(.text.SHT2x_CalcTemperatureC)
    __arm_cp.6_2                             0x08002c6c   Number         4  sht2x_bb.o(.text.SHT2x_CalcTemperatureC)
    __arm_cp.6_3                             0x08002c70   Number         4  sht2x_bb.o(.text.SHT2x_CalcTemperatureC)
    [Anonymous Symbol]                       0x08002c74   Section        0  sht2x_bb.o(.text.SHT2x_CheckCrc)
    [Anonymous Symbol]                       0x08002cac   Section        0  sht2x_bb.o(.text.SHT2x_MeasureHM)
    __arm_cp.4_0                             0x08002d7c   Number         4  sht2x_bb.o(.text.SHT2x_MeasureHM)
    __arm_cp.4_1                             0x08002d80   Number         4  sht2x_bb.o(.text.SHT2x_MeasureHM)
    [Anonymous Symbol]                       0x08002d84   Section        0  stm32f0xx_it.o(.text.SVC_Handler)
    [Anonymous Symbol]                       0x08002d86   Section        0  user_sht.o(.text.ShtInit)
    [Anonymous Symbol]                       0x08002da8   Section        0  user_sht.o(.text.ShtReadSensor)
    __arm_cp.1_0                             0x08002e08   Number         4  user_sht.o(.text.ShtReadSensor)
    [Anonymous Symbol]                       0x08002e0c   Section        0  user_sht.o(.text.ShtSave)
    [Anonymous Symbol]                       0x08002e30   Section        0  stm32f0xx_it.o(.text.SysTick_Handler)
    [Anonymous Symbol]                       0x08002e38   Section        0  main.o(.text.SystemClock_Config)
    [Anonymous Symbol]                       0x08002ec0   Section        0  system_stm32f0xx.o(.text.SystemInit)
    [Anonymous Symbol]                       0x08002ec4   Section        0  stm32f0xx_it.o(.text.TIM16_IRQHandler)
    __arm_cp.5_0                             0x08002ed0   Number         4  stm32f0xx_it.o(.text.TIM16_IRQHandler)
    [Anonymous Symbol]                       0x08002ed4   Section        0  stm32f0xx_it.o(.text.TIM17_IRQHandler)
    __arm_cp.6_0                             0x08002ee0   Number         4  stm32f0xx_it.o(.text.TIM17_IRQHandler)
    [Anonymous Symbol]                       0x08002ee4   Section        0  stm32f0xx_hal_tim.o(.text.TIM_Base_SetConfig)
    __arm_cp.2_1                             0x08002f54   Number         4  stm32f0xx_hal_tim.o(.text.TIM_Base_SetConfig)
    __arm_cp.2_2                             0x08002f58   Number         4  stm32f0xx_hal_tim.o(.text.TIM_Base_SetConfig)
    [Anonymous Symbol]                       0x08002f5c   Section        0  stm32f0xx_hal_tim.o(.text.TIM_CCxChannelCmd)
    TIM_OC1_SetConfig                        0x08002f79   Thumb Code   116  stm32f0xx_hal_tim.o(.text.TIM_OC1_SetConfig)
    [Anonymous Symbol]                       0x08002f78   Section        0  stm32f0xx_hal_tim.o(.text.TIM_OC1_SetConfig)
    [Anonymous Symbol]                       0x08002fec   Section        0  stm32f0xx_hal_tim.o(.text.TIM_OC2_SetConfig)
    TIM_OC3_SetConfig                        0x08003055   Thumb Code   108  stm32f0xx_hal_tim.o(.text.TIM_OC3_SetConfig)
    [Anonymous Symbol]                       0x08003054   Section        0  stm32f0xx_hal_tim.o(.text.TIM_OC3_SetConfig)
    __arm_cp.76_3                            0x080030bc   Number         4  stm32f0xx_hal_tim.o(.text.TIM_OC3_SetConfig)
    TIM_OC4_SetConfig                        0x080030c1   Thumb Code   100  stm32f0xx_hal_tim.o(.text.TIM_OC4_SetConfig)
    [Anonymous Symbol]                       0x080030c0   Section        0  stm32f0xx_hal_tim.o(.text.TIM_OC4_SetConfig)
    __arm_cp.77_0                            0x08003118   Number         4  stm32f0xx_hal_tim.o(.text.TIM_OC4_SetConfig)
    __arm_cp.77_1                            0x0800311c   Number         4  stm32f0xx_hal_tim.o(.text.TIM_OC4_SetConfig)
    __arm_cp.77_2                            0x08003120   Number         4  stm32f0xx_hal_tim.o(.text.TIM_OC4_SetConfig)
    TIM_TI1_ConfigInputStage                 0x08003125   Thumb Code    34  stm32f0xx_hal_tim.o(.text.TIM_TI1_ConfigInputStage)
    [Anonymous Symbol]                       0x08003124   Section        0  stm32f0xx_hal_tim.o(.text.TIM_TI1_ConfigInputStage)
    TIM_TI2_ConfigInputStage                 0x08003147   Thumb Code    38  stm32f0xx_hal_tim.o(.text.TIM_TI2_ConfigInputStage)
    [Anonymous Symbol]                       0x08003146   Section        0  stm32f0xx_hal_tim.o(.text.TIM_TI2_ConfigInputStage)
    [Anonymous Symbol]                       0x0800316c   Section        0  user_time.o(.text.TimeInit)
    [Anonymous Symbol]                       0x08003178   Section        0  user_time.o(.text.TimeSave)
    __NVIC_SetPriority                       0x0800318d   Thumb Code    64  stm32f0xx_hal_cortex.o(.text.__NVIC_SetPriority)
    [Anonymous Symbol]                       0x0800318c   Section        0  stm32f0xx_hal_cortex.o(.text.__NVIC_SetPriority)
    __arm_cp.1_0                             0x080031c4   Number         4  stm32f0xx_hal_cortex.o(.text.__NVIC_SetPriority)
    __arm_cp.1_1                             0x080031c8   Number         4  stm32f0xx_hal_cortex.o(.text.__NVIC_SetPriority)
    [Anonymous Symbol]                       0x080031cc   Section        0  user_time.o(.text.compareTime)
    [Anonymous Symbol]                       0x08003218   Section        0  lcd_ch.o(.text.lcd_delay_us)
    [Anonymous Symbol]                       0x08003230   Section        0  main.o(.text.main)
    __arm_cp.4_62                            0x0800343c   Number         4  main.o(.text.main)
    __arm_cp.4_63                            0x08003440   Number         4  main.o(.text.main)
    __arm_cp.4_66                            0x0800344c   Number         4  main.o(.text.main)
    __arm_cp.4_70                            0x08003470   Number         4  main.o(.text.main)
    __arm_cp.4_72                            0x08003478   Number         4  main.o(.text.main)
    __arm_cp.4_73                            0x0800347c   Number         4  main.o(.text.main)
    __arm_cp.4_74                            0x08003480   Number         4  main.o(.text.main)
    __arm_cp.4_75                            0x08003484   Number         4  main.o(.text.main)
    __arm_cp.4_77                            0x08003494   Number         4  main.o(.text.main)
    __arm_cp.4_94                            0x08003c64   Number         4  main.o(.text.main)
    __arm_cp.4_111                           0x08004088   Number         4  main.o(.text.main)
    __arm_cp.4_112                           0x0800408c   Number         4  main.o(.text.main)
    __arm_cp.4_113                           0x08004090   Number         4  main.o(.text.main)
    __arm_cp.4_118                           0x08004430   Number         4  main.o(.text.main)
    __arm_cp.4_120                           0x08004438   Number         4  main.o(.text.main)
    __arm_cp.4_121                           0x0800443c   Number         4  main.o(.text.main)
    __arm_cp.4_123                           0x08004444   Number         4  main.o(.text.main)
    __arm_cp.4_125                           0x0800444c   Number         4  main.o(.text.main)
    __arm_cp.4_130                           0x08004468   Number         4  main.o(.text.main)
    __arm_cp.4_133                           0x080048e0   Number         4  main.o(.text.main)
    __arm_cp.4_135                           0x080048e8   Number         4  main.o(.text.main)
    __arm_cp.4_136                           0x080048ec   Number         4  main.o(.text.main)
    __arm_cp.4_138                           0x08004a88   Number         4  main.o(.text.main)
    __arm_cp.4_139                           0x08004a8c   Number         4  main.o(.text.main)
    __arm_cp.4_140                           0x08004a90   Number         4  main.o(.text.main)
    __arm_cp.4_141                           0x08004a94   Number         4  main.o(.text.main)
    __arm_cp.4_142                           0x08004a98   Number         4  main.o(.text.main)
    __arm_cp.4_143                           0x08004a9c   Number         4  main.o(.text.main)
    __arm_cp.4_144                           0x08004aa0   Number         4  main.o(.text.main)
    __arm_cp.4_146                           0x08004aa8   Number         4  main.o(.text.main)
    __arm_cp.4_147                           0x08004aac   Number         4  main.o(.text.main)
    __arm_cp.4_148                           0x08004cd4   Number         4  main.o(.text.main)
    __arm_cp.4_2                             0x08004cdc   Number         4  main.o(.text.main)
    __arm_cp.4_3                             0x08004ce0   Number         4  main.o(.text.main)
    __arm_cp.4_6                             0x08004ce4   Number         4  main.o(.text.main)
    __arm_cp.4_18                            0x08004ce8   Number         4  main.o(.text.main)
    __arm_cp.4_23                            0x08004cec   Number         4  main.o(.text.main)
    __arm_cp.4_28                            0x08004cf0   Number         4  main.o(.text.main)
    __arm_cp.4_29                            0x08004cf4   Number         4  main.o(.text.main)
    __arm_cp.4_30                            0x08004cf8   Number         4  main.o(.text.main)
    __arm_cp.4_44                            0x08004d58   Number         4  main.o(.text.main)
    __arm_cp.4_46                            0x08004d64   Number         4  main.o(.text.main)
    __arm_cp.4_47                            0x08004d68   Number         4  main.o(.text.main)
    [Anonymous Symbol]                       0x08004d6c   Section        0  main.o(.text.negativStr)
    __arm_cp.3_0                             0x08004dc0   Number         4  main.o(.text.negativStr)
    [Anonymous Symbol]                       0x08004de8   Section        0  lcd_ch.o(.text.toggle_EN_pin)
    i.__0sprintf$8                           0x08004e0c   Section        0  printf8.o(i.__0sprintf$8)
    i.__ARM_clz                              0x08004e34   Section        0  depilogue.o(i.__ARM_clz)
    i.__scatterload_copy                     0x08004e62   Section       14  handlers.o(i.__scatterload_copy)
    i.__scatterload_null                     0x08004e70   Section        2  handlers.o(i.__scatterload_null)
    i.__scatterload_zeroinit                 0x08004e72   Section       14  handlers.o(i.__scatterload_zeroinit)
    _printf_core                             0x08004e81   Thumb Code  1020  printf8.o(i._printf_core)
    i._printf_core                           0x08004e80   Section        0  printf8.o(i._printf_core)
    _printf_post_padding                     0x080052a9   Thumb Code    32  printf8.o(i._printf_post_padding)
    i._printf_post_padding                   0x080052a8   Section        0  printf8.o(i._printf_post_padding)
    _printf_pre_padding                      0x080052c9   Thumb Code    44  printf8.o(i._printf_pre_padding)
    i._printf_pre_padding                    0x080052c8   Section        0  printf8.o(i._printf_pre_padding)
    _sputc                                   0x080052f5   Thumb Code    10  printf8.o(i._sputc)
    i._sputc                                 0x080052f4   Section        0  printf8.o(i._sputc)
    [Anonymous Symbol]                       0x08005300   Section        0  lcd_ch.o(.rodata..Lswitch.table.LCD_putpersian)
    [Anonymous Symbol]                       0x0800534c   Section        0  lcd_ch.o(.rodata..Lswitch.table.LCD_putpersian.1)
    [Anonymous Symbol]                       0x08005398   Section        0  lcd_ch.o(.rodata..Lswitch.table.LCD_putpersian.2)
    .L.str.10                                0x080053f4   Data          14  main.o(.rodata.str1.1)
    [Anonymous Symbol]                       0x080053f4   Section        0  main.o(.rodata.str1.1)
    .L.str.39                                0x08005402   Data          14  main.o(.rodata.str1.1)
    .L.str.31                                0x08005410   Data           9  main.o(.rodata.str1.1)
    .L.str.40                                0x08005419   Data          11  main.o(.rodata.str1.1)
    .L.str.9                                 0x08005424   Data          12  main.o(.rodata.str1.1)
    .L.str.28                                0x08005430   Data           6  main.o(.rodata.str1.1)
    .L.str.42                                0x08005436   Data          10  main.o(.rodata.str1.1)
    .L.str.18                                0x08005440   Data           5  main.o(.rodata.str1.1)
    .L.str.20                                0x08005445   Data           3  main.o(.rodata.str1.1)
    .L.str.36                                0x08005448   Data          12  main.o(.rodata.str1.1)
    .L.str.8                                 0x08005454   Data          13  main.o(.rodata.str1.1)
    .L.str.26                                0x08005461   Data           7  main.o(.rodata.str1.1)
    .L.str.16                                0x08005468   Data           9  main.o(.rodata.str1.1)
    .L.str.15                                0x08005471   Data          11  main.o(.rodata.str1.1)
    .L.str.14                                0x0800547c   Data          10  main.o(.rodata.str1.1)
    .L.str.6                                 0x08005486   Data          13  main.o(.rodata.str1.1)
    .L.str.13                                0x08005493   Data          21  main.o(.rodata.str1.1)
    .L.str.22                                0x080054a8   Data          15  main.o(.rodata.str1.1)
    .L.str.41                                0x080054b7   Data           4  main.o(.rodata.str1.1)
    .L.str.7                                 0x080054bb   Data           5  main.o(.rodata.str1.1)
    .L.str.21                                0x080054c0   Data           9  main.o(.rodata.str1.1)
    .L.str.38                                0x080054c9   Data          14  main.o(.rodata.str1.1)
    .L.str.19                                0x080054d7   Data          12  main.o(.rodata.str1.1)
    .L.str.12                                0x080054e4   Data          15  main.o(.rodata.str1.4)
    [Anonymous Symbol]                       0x080054e4   Section        0  main.o(.rodata.str1.4)
    [Anonymous Symbol]                       0x20000000   Section        0  buzzer.o(.data..L_MergedGlobals)
    [Anonymous Symbol]                       0x20000018   Section        0  stm32f0xx_hal.o(.data..L_MergedGlobals)
    [Anonymous Symbol]                       0x200002f8   Section        0  main.o(.bss..L_MergedGlobals)
    FanStateHum.flag_hum                     0x20000320   Data           1  heater_fan.o(.bss.FanStateHum.flag_hum)
    [Anonymous Symbol]                       0x20000320   Section        0  heater_fan.o(.bss.FanStateHum.flag_hum)
    FanStateTemp.flag_temp                   0x20000321   Data           1  heater_fan.o(.bss.FanStateTemp.flag_temp)
    [Anonymous Symbol]                       0x20000321   Section        0  heater_fan.o(.bss.FanStateTemp.flag_temp)
    STACK                                    0x20000510   Section     1024  startup_stm32f030x6.o(STACK)

    Global Symbols

    Symbol Name                              Value     Ov Type        Size  Object(Section)

    BuildAttributes$$THM_ISAv3M$S$PE$A:L22$X:L11$S22$IEEE1$IW$~IW$USESV6$~STKCKD$USESV7$WCHAR32$ENUMINT$~SHL$OTIME$ROPI$EBA8$MICROLIB$REQ8$PRES8$EABIv2 0x00000000   Number         0  anon$$obj.o ABSOLUTE
    _printf_a                                0x00000000   Number         0  printfstubs.o ABSOLUTE
    _printf_c                                0x00000000   Number         0  printfstubs.o ABSOLUTE
    _printf_charcount                        0x00000000   Number         0  printfstubs.o ABSOLUTE
    _printf_d                                0x00000000   Number         0  printfstubs.o ABSOLUTE
    _printf_e                                0x00000000   Number         0  printfstubs.o ABSOLUTE
    _printf_f                                0x00000000   Number         0  printfstubs.o ABSOLUTE
    _printf_flags                            0x00000000   Number         0  printfstubs.o ABSOLUTE
    _printf_fp_dec                           0x00000000   Number         0  printfstubs.o ABSOLUTE
    _printf_fp_hex                           0x00000000   Number         0  printfstubs.o ABSOLUTE
    _printf_g                                0x00000000   Number         0  printfstubs.o ABSOLUTE
    _printf_i                                0x00000000   Number         0  printfstubs.o ABSOLUTE
    _printf_int_dec                          0x00000000   Number         0  printfstubs.o ABSOLUTE
    _printf_l                                0x00000000   Number         0  printfstubs.o ABSOLUTE
    _printf_lc                               0x00000000   Number         0  printfstubs.o ABSOLUTE
    _printf_ll                               0x00000000   Number         0  printfstubs.o ABSOLUTE
    _printf_lld                              0x00000000   Number         0  printfstubs.o ABSOLUTE
    _printf_lli                              0x00000000   Number         0  printfstubs.o ABSOLUTE
    _printf_llo                              0x00000000   Number         0  printfstubs.o ABSOLUTE
    _printf_llu                              0x00000000   Number         0  printfstubs.o ABSOLUTE
    _printf_llx                              0x00000000   Number         0  printfstubs.o ABSOLUTE
    _printf_longlong_dec                     0x00000000   Number         0  printfstubs.o ABSOLUTE
    _printf_longlong_hex                     0x00000000   Number         0  printfstubs.o ABSOLUTE
    _printf_longlong_oct                     0x00000000   Number         0  printfstubs.o ABSOLUTE
    _printf_ls                               0x00000000   Number         0  printfstubs.o ABSOLUTE
    _printf_mbtowc                           0x00000000   Number         0  printfstubs.o ABSOLUTE
    _printf_n                                0x00000000   Number         0  printfstubs.o ABSOLUTE
    _printf_o                                0x00000000   Number         0  printfstubs.o ABSOLUTE
    _printf_p                                0x00000000   Number         0  printfstubs.o ABSOLUTE
    _printf_percent                          0x00000000   Number         0  printfstubs.o ABSOLUTE
    _printf_pre_padding                      0x00000000   Number         0  printfstubs.o ABSOLUTE
    _printf_return_value                     0x00000000   Number         0  printfstubs.o ABSOLUTE
    _printf_s                                0x00000000   Number         0  printfstubs.o ABSOLUTE
    _printf_sizespec                         0x00000000   Number         0  printfstubs.o ABSOLUTE
    _printf_str                              0x00000000   Number         0  printfstubs.o ABSOLUTE
    _printf_truncate_signed                  0x00000000   Number         0  printfstubs.o ABSOLUTE
    _printf_truncate_unsigned                0x00000000   Number         0  printfstubs.o ABSOLUTE
    _printf_u                                0x00000000   Number         0  printfstubs.o ABSOLUTE
    _printf_wc                               0x00000000   Number         0  printfstubs.o ABSOLUTE
    _printf_wctomb                           0x00000000   Number         0  printfstubs.o ABSOLUTE
    _printf_widthprec                        0x00000000   Number         0  printfstubs.o ABSOLUTE
    _printf_x                                0x00000000   Number         0  printfstubs.o ABSOLUTE
    __cpp_initialize__aeabi_                  - Undefined Weak Reference
    __cxa_finalize                            - Undefined Weak Reference
    _clock_init                               - Undefined Weak Reference
    _microlib_exit                            - Undefined Weak Reference
    __Vectors_Size                           0x000000b0   Number         0  startup_stm32f030x6.o ABSOLUTE
    __Vectors                                0x08000000   Data           4  startup_stm32f030x6.o(RESET)
    __Vectors_End                            0x080000b0   Data           0  startup_stm32f030x6.o(RESET)
    __main                                   0x080000b1   Thumb Code     0  entry.o(.ARM.Collect$$$$00000000)
    _main_stk                                0x080000b1   Thumb Code     0  entry2.o(.ARM.Collect$$$$00000001)
    _main_scatterload                        0x080000b5   Thumb Code     0  entry5.o(.ARM.Collect$$$$00000004)
    __main_after_scatterload                 0x080000b9   Thumb Code     0  entry5.o(.ARM.Collect$$$$00000004)
    _main_clock                              0x080000b9   Thumb Code     0  entry7b.o(.ARM.Collect$$$$00000008)
    _main_cpp_init                           0x080000b9   Thumb Code     0  entry8b.o(.ARM.Collect$$$$0000000A)
    _main_init                               0x080000b9   Thumb Code     0  entry9a.o(.ARM.Collect$$$$0000000B)
    __rt_final_cpp                           0x080000c1   Thumb Code     0  entry10a.o(.ARM.Collect$$$$0000000D)
    __rt_final_exit                          0x080000c1   Thumb Code     0  entry11a.o(.ARM.Collect$$$$0000000F)
    Reset_Handler                            0x080000c5   Thumb Code     8  startup_stm32f030x6.o(.text)
    ADC1_IRQHandler                          0x080000d7   Thumb Code     0  startup_stm32f030x6.o(.text)
    DMA1_Channel1_IRQHandler                 0x080000d7   Thumb Code     0  startup_stm32f030x6.o(.text)
    DMA1_Channel2_3_IRQHandler               0x080000d7   Thumb Code     0  startup_stm32f030x6.o(.text)
    DMA1_Channel4_5_IRQHandler               0x080000d7   Thumb Code     0  startup_stm32f030x6.o(.text)
    EXTI0_1_IRQHandler                       0x080000d7   Thumb Code     0  startup_stm32f030x6.o(.text)
    EXTI2_3_IRQHandler                       0x080000d7   Thumb Code     0  startup_stm32f030x6.o(.text)
    EXTI4_15_IRQHandler                      0x080000d7   Thumb Code     0  startup_stm32f030x6.o(.text)
    FLASH_IRQHandler                         0x080000d7   Thumb Code     0  startup_stm32f030x6.o(.text)
    I2C1_IRQHandler                          0x080000d7   Thumb Code     0  startup_stm32f030x6.o(.text)
    RCC_IRQHandler                           0x080000d7   Thumb Code     0  startup_stm32f030x6.o(.text)
    RTC_IRQHandler                           0x080000d7   Thumb Code     0  startup_stm32f030x6.o(.text)
    SPI1_IRQHandler                          0x080000d7   Thumb Code     0  startup_stm32f030x6.o(.text)
    TIM14_IRQHandler                         0x080000d7   Thumb Code     0  startup_stm32f030x6.o(.text)
    TIM1_BRK_UP_TRG_COM_IRQHandler           0x080000d7   Thumb Code     0  startup_stm32f030x6.o(.text)
    TIM1_CC_IRQHandler                       0x080000d7   Thumb Code     0  startup_stm32f030x6.o(.text)
    TIM3_IRQHandler                          0x080000d7   Thumb Code     0  startup_stm32f030x6.o(.text)
    USART1_IRQHandler                        0x080000d7   Thumb Code     0  startup_stm32f030x6.o(.text)
    WWDG_IRQHandler                          0x080000d7   Thumb Code     0  startup_stm32f030x6.o(.text)
    __aeabi_llsr                             0x080000e1   Thumb Code    34  llushr.o(.text)
    _ll_ushift_r                             0x080000e1   Thumb Code     0  llushr.o(.text)
    __aeabi_memcpy                           0x08000103   Thumb Code    36  memcpya.o(.text)
    __aeabi_memcpy4                          0x08000103   Thumb Code     0  memcpya.o(.text)
    __aeabi_memcpy8                          0x08000103   Thumb Code     0  memcpya.o(.text)
    __aeabi_memset                           0x08000127   Thumb Code    14  memseta.o(.text)
    __aeabi_memset4                          0x08000127   Thumb Code     0  memseta.o(.text)
    __aeabi_memset8                          0x08000127   Thumb Code     0  memseta.o(.text)
    __aeabi_memclr                           0x08000135   Thumb Code     4  memseta.o(.text)
    __aeabi_memclr4                          0x08000135   Thumb Code     0  memseta.o(.text)
    __aeabi_memclr8                          0x08000135   Thumb Code     0  memseta.o(.text)
    _memset$wrapper                          0x08000139   Thumb Code    18  memseta.o(.text)
    strlen                                   0x0800014b   Thumb Code    14  strlen.o(.text)
    memcmp                                   0x08000159   Thumb Code    26  memcmp.o(.text)
    __aeabi_dadd                             0x08000175   Thumb Code   328  dadd.o(.text)
    __aeabi_dsub                             0x080002bd   Thumb Code    12  dadd.o(.text)
    __aeabi_drsub                            0x080002c9   Thumb Code    12  dadd.o(.text)
    __aeabi_dmul                             0x080002d9   Thumb Code   202  dmul.o(.text)
    __aeabi_ui2d                             0x080003a9   Thumb Code    24  dfltui.o(.text)
    __aeabi_d2iz                             0x080003c5   Thumb Code    62  dfixi.o(.text)
    __aeabi_f2d                              0x0800040d   Thumb Code    40  f2d.o(.text)
    __aeabi_d2f                              0x08000435   Thumb Code    56  d2f.o(.text)
    __aeabi_uidiv                            0x0800046d   Thumb Code     0  uidiv_div0.o(.text)
    __aeabi_uidivmod                         0x0800046d   Thumb Code    62  uidiv_div0.o(.text)
    __aeabi_idiv                             0x080004ad   Thumb Code     0  idiv_div0.o(.text)
    __aeabi_idivmod                          0x080004ad   Thumb Code    74  idiv_div0.o(.text)
    __aeabi_uldivmod                         0x080004fd   Thumb Code    96  uldiv.o(.text)
    __aeabi_llsl                             0x0800055d   Thumb Code    32  llshl.o(.text)
    _ll_shift_l                              0x0800055d   Thumb Code     0  llshl.o(.text)
    __aeabi_lasr                             0x0800057d   Thumb Code    38  llsshr.o(.text)
    _ll_sshift_r                             0x0800057d   Thumb Code     0  llsshr.o(.text)
    __I$use$fp                               0x080005a3   Thumb Code     0  iusefp.o(.text)
    _float_round                             0x080005a3   Thumb Code    16  fepilogue.o(.text)
    _float_epilogue                          0x080005b3   Thumb Code   114  fepilogue.o(.text)
    _double_round                            0x08000625   Thumb Code    26  depilogue.o(.text)
    _double_epilogue                         0x0800063f   Thumb Code   164  depilogue.o(.text)
    __scatterload                            0x080006e5   Thumb Code    28  init.o(.text)
    __scatterload_rt2                        0x080006e5   Thumb Code     0  init.o(.text)
    __decompress                             0x08000709   Thumb Code     0  __dczerorl2.o(.text)
    __decompress1                            0x08000709   Thumb Code    86  __dczerorl2.o(.text)
    BirdInit                                 0x08000761   Thumb Code    48  bird.o(.text.BirdInit)
    BirdReadManual                           0x08000791   Thumb Code    96  bird.o(.text.BirdReadManual)
    BirdSaveManual                           0x080007f1   Thumb Code    92  bird.o(.text.BirdSaveManual)
    BuzzerInit                               0x0800084d   Thumb Code    28  buzzer.o(.text.BuzzerInit)
    BuzzerSetRhythm                          0x08000869   Thumb Code    84  buzzer.o(.text.BuzzerSetRhythm)
    DelayMicroSeconds                        0x080008bd   Thumb Code    24  i2c_hal.o(.text.DelayMicroSeconds)
    EEReadByte                               0x080008d5   Thumb Code    60  eeprom.o(.text.EEReadByte)
    EEWriteByte                              0x08000911   Thumb Code   112  eeprom.o(.text.EEWriteByte)
    Error_Handler                            0x08000981   Thumb Code     8  main.o(.text.Error_Handler)
    FanCheckTempHum                          0x08000989   Thumb Code    54  heater_fan.o(.text.FanCheckTempHum)
    FanInit                                  0x080009bf   Thumb Code    30  heater_fan.o(.text.FanInit)
    FanSave                                  0x080009dd   Thumb Code    32  heater_fan.o(.text.FanSave)
    FanSetState                              0x080009fd   Thumb Code    36  heater_fan.o(.text.FanSetState)
    FanStateHum                              0x08000a21   Thumb Code    44  heater_fan.o(.text.FanStateHum)
    FanStateTemp                             0x08000a4d   Thumb Code    44  heater_fan.o(.text.FanStateTemp)
    FindProgNum                              0x08000a79   Thumb Code    64  main.o(.text.FindProgNum)
    HAL_Delay                                0x08000ab9   Thumb Code    36  stm32f0xx_hal.o(.text.HAL_Delay)
    HAL_GPIO_Init                            0x08000add   Thumb Code   408  stm32f0xx_hal_gpio.o(.text.HAL_GPIO_Init)
    HAL_GPIO_ReadPin                         0x08000c75   Thumb Code    10  stm32f0xx_hal_gpio.o(.text.HAL_GPIO_ReadPin)
    HAL_GPIO_TogglePin                       0x08000c7f   Thumb Code    16  stm32f0xx_hal_gpio.o(.text.HAL_GPIO_TogglePin)
    HAL_GPIO_WritePin                        0x08000c8f   Thumb Code    14  stm32f0xx_hal_gpio.o(.text.HAL_GPIO_WritePin)
    HAL_GetTick                              0x08000c9d   Thumb Code    12  stm32f0xx_hal.o(.text.HAL_GetTick)
    HAL_I2CEx_ConfigAnalogFilter             0x08000ca9   Thumb Code    62  stm32f0xx_hal_i2c_ex.o(.text.HAL_I2CEx_ConfigAnalogFilter)
    HAL_I2CEx_ConfigDigitalFilter            0x08000ce7   Thumb Code    62  stm32f0xx_hal_i2c_ex.o(.text.HAL_I2CEx_ConfigDigitalFilter)
    HAL_I2C_Init                             0x08000d25   Thumb Code   156  stm32f0xx_hal_i2c.o(.text.HAL_I2C_Init)
    HAL_I2C_IsDeviceReady                    0x08000dc1   Thumb Code   288  stm32f0xx_hal_i2c.o(.text.HAL_I2C_IsDeviceReady)
    HAL_I2C_Mem_Read                         0x08000ee1   Thumb Code   352  stm32f0xx_hal_i2c.o(.text.HAL_I2C_Mem_Read)
    HAL_I2C_Mem_Write                        0x08001041   Thumb Code   352  stm32f0xx_hal_i2c.o(.text.HAL_I2C_Mem_Write)
    HAL_I2C_MspInit                          0x080011a1   Thumb Code   100  i2c.o(.text.HAL_I2C_MspInit)
    HAL_IncTick                              0x08001205   Thumb Code    20  stm32f0xx_hal.o(.text.HAL_IncTick)
    HAL_Init                                 0x08001219   Thumb Code    28  stm32f0xx_hal.o(.text.HAL_Init)
    HAL_InitTick                             0x08001235   Thumb Code    64  stm32f0xx_hal.o(.text.HAL_InitTick)
    HAL_MspInit                              0x08001275   Thumb Code    44  stm32f0xx_hal_msp.o(.text.HAL_MspInit)
    HAL_NVIC_EnableIRQ                       0x080012a1   Thumb Code    24  stm32f0xx_hal_cortex.o(.text.HAL_NVIC_EnableIRQ)
    HAL_NVIC_SetPriority                     0x080012b9   Thumb Code     8  stm32f0xx_hal_cortex.o(.text.HAL_NVIC_SetPriority)
    HAL_RCCEx_PeriphCLKConfig                0x080012c1   Thumb Code   248  stm32f0xx_hal_rcc_ex.o(.text.HAL_RCCEx_PeriphCLKConfig)
    HAL_RCC_ClockConfig                      0x080013b9   Thumb Code   264  stm32f0xx_hal_rcc.o(.text.HAL_RCC_ClockConfig)
    HAL_RCC_GetSysClockFreq                  0x080014c1   Thumb Code   100  stm32f0xx_hal_rcc.o(.text.HAL_RCC_GetSysClockFreq)
    HAL_RCC_OscConfig                        0x08001525   Thumb Code   972  stm32f0xx_hal_rcc.o(.text.HAL_RCC_OscConfig)
    HAL_SYSTICK_Config                       0x080018f1   Thumb Code    52  stm32f0xx_hal_cortex.o(.text.HAL_SYSTICK_Config)
    HAL_TIMEx_BreakCallback                  0x08001925   Thumb Code     2  stm32f0xx_hal_tim_ex.o(.text.HAL_TIMEx_BreakCallback)
    HAL_TIMEx_CommutCallback                 0x08001927   Thumb Code     2  stm32f0xx_hal_tim_ex.o(.text.HAL_TIMEx_CommutCallback)
    HAL_TIMEx_ConfigBreakDeadTime            0x08001929   Thumb Code    84  stm32f0xx_hal_tim_ex.o(.text.HAL_TIMEx_ConfigBreakDeadTime)
    HAL_TIMEx_MasterConfigSynchronization    0x0800197d   Thumb Code    68  stm32f0xx_hal_tim_ex.o(.text.HAL_TIMEx_MasterConfigSynchronization)
    HAL_TIM_Base_Init                        0x080019c1   Thumb Code    66  stm32f0xx_hal_tim.o(.text.HAL_TIM_Base_Init)
    HAL_TIM_Base_MspInit                     0x08001a05   Thumb Code   124  tim.o(.text.HAL_TIM_Base_MspInit)
    HAL_TIM_Base_Start_IT                    0x08001a81   Thumb Code    72  stm32f0xx_hal_tim.o(.text.HAL_TIM_Base_Start_IT)
    HAL_TIM_ConfigClockSource                0x08001ac9   Thumb Code   240  stm32f0xx_hal_tim.o(.text.HAL_TIM_ConfigClockSource)
    HAL_TIM_IC_CaptureCallback               0x08001bb9   Thumb Code     2  stm32f0xx_hal_tim.o(.text.HAL_TIM_IC_CaptureCallback)
    HAL_TIM_IRQHandler                       0x08001bbb   Thumb Code   328  stm32f0xx_hal_tim.o(.text.HAL_TIM_IRQHandler)
    HAL_TIM_MspPostInit                      0x08001d05   Thumb Code    80  tim.o(.text.HAL_TIM_MspPostInit)
    HAL_TIM_OC_DelayElapsedCallback          0x08001d55   Thumb Code     2  stm32f0xx_hal_tim.o(.text.HAL_TIM_OC_DelayElapsedCallback)
    HAL_TIM_PWM_ConfigChannel                0x08001d59   Thumb Code   184  stm32f0xx_hal_tim.o(.text.HAL_TIM_PWM_ConfigChannel)
    HAL_TIM_PWM_Init                         0x08001e11   Thumb Code    66  stm32f0xx_hal_tim.o(.text.HAL_TIM_PWM_Init)
    HAL_TIM_PWM_MspInit                      0x08001e53   Thumb Code     2  stm32f0xx_hal_tim.o(.text.HAL_TIM_PWM_MspInit)
    HAL_TIM_PWM_PulseFinishedCallback        0x08001e55   Thumb Code     2  stm32f0xx_hal_tim.o(.text.HAL_TIM_PWM_PulseFinishedCallback)
    HAL_TIM_PWM_Start                        0x08001e59   Thumb Code   164  stm32f0xx_hal_tim.o(.text.HAL_TIM_PWM_Start)
    HAL_TIM_PeriodElapsedCallback            0x08001efd   Thumb Code   304  main.o(.text.HAL_TIM_PeriodElapsedCallback)
    HAL_TIM_TriggerCallback                  0x0800202d   Thumb Code     2  stm32f0xx_hal_tim.o(.text.HAL_TIM_TriggerCallback)
    HardFault_Handler                        0x0800202f   Thumb Code     2  stm32f0xx_it.o(.text.HardFault_Handler)
    HeaterCheck                              0x08002031   Thumb Code    68  heater_fan.o(.text.HeaterCheck)
    HeaterInit                               0x08002075   Thumb Code    52  heater_fan.o(.text.HeaterInit)
    HeaterSave                               0x080020a9   Thumb Code    52  heater_fan.o(.text.HeaterSave)
    HeaterSetPercent                         0x080020dd   Thumb Code    36  heater_fan.o(.text.HeaterSetPercent)
    I2c_ReadByte                             0x08002365   Thumb Code   172  i2c_hal.o(.text.I2c_ReadByte)
    I2c_StartCondition                       0x08002411   Thumb Code    40  i2c_hal.o(.text.I2c_StartCondition)
    I2c_StopCondition                        0x08002439   Thumb Code    40  i2c_hal.o(.text.I2c_StopCondition)
    I2c_WriteByte                            0x08002461   Thumb Code   152  i2c_hal.o(.text.I2c_WriteByte)
    IncTime                                  0x080024f9   Thumb Code    70  user_time.o(.text.IncTime)
    IncTimesec                               0x0800253f   Thumb Code    14  user_time.o(.text.IncTimesec)
    IsHatcher                                0x0800254d   Thumb Code    38  main.o(.text.IsHatcher)
    KeysInit                                 0x08002575   Thumb Code    72  keys.o(.text.KeysInit)
    LCD_4bit_send                            0x080025bd   Thumb Code    84  lcd_ch.o(.text.LCD_4bit_send)
    LCD_clear_home                           0x08002611   Thumb Code    22  lcd_ch.o(.text.LCD_clear_home)
    LCD_clear_size                           0x08002627   Thumb Code    28  lcd_ch.o(.text.LCD_clear_size)
    LCD_clearrow                             0x08002643   Thumb Code    30  lcd_ch.o(.text.LCD_clearrow)
    LCD_create_custom_char                   0x08002661   Thumb Code    36  lcd_ch.o(.text.LCD_create_custom_char)
    LCD_cursor_off                           0x08002685   Thumb Code    12  lcd_ch.o(.text.LCD_cursor_off)
    LCD_cursor_on                            0x08002691   Thumb Code    12  lcd_ch.o(.text.LCD_cursor_on)
    LCD_gotoxy                               0x0800269d   Thumb Code    22  lcd_ch.o(.text.LCD_gotoxy)
    LCD_init                                 0x080026b5   Thumb Code    64  lcd_ch.o(.text.LCD_init)
    LCD_putpersian                           0x080026f5   Thumb Code   144  lcd_ch.o(.text.LCD_putpersian)
    LCD_putstr                               0x08002785   Thumb Code    26  lcd_ch.o(.text.LCD_putstr)
    LCD_putstralign                          0x0800279f   Thumb Code    58  lcd_ch.o(.text.LCD_putstralign)
    LCD_putstrpos                            0x080027d9   Thumb Code    20  lcd_ch.o(.text.LCD_putstrpos)
    LCD_send                                 0x080027ed   Thumb Code    36  lcd_ch.o(.text.LCD_send)
    MX_GPIO_Init                             0x08002811   Thumb Code   256  gpio.o(.text.MX_GPIO_Init)
    MX_I2C1_Init                             0x08002911   Thumb Code    92  i2c.o(.text.MX_I2C1_Init)
    MX_TIM16_Init                            0x0800296d   Thumb Code    52  tim.o(.text.MX_TIM16_Init)
    MX_TIM17_Init                            0x080029a1   Thumb Code    56  tim.o(.text.MX_TIM17_Init)
    MX_TIM1_Init                             0x080029d9   Thumb Code   224  tim.o(.text.MX_TIM1_Init)
    MotorCheck                               0x08002ab9   Thumb Code   128  motor.o(.text.MotorCheck)
    MotorInit                                0x08002b39   Thumb Code    38  motor.o(.text.MotorInit)
    MotorSetState                            0x08002b61   Thumb Code    24  motor.o(.text.MotorSetState)
    NMI_Handler                              0x08002b79   Thumb Code     2  stm32f0xx_it.o(.text.NMI_Handler)
    PendSV_Handler                           0x08002b7b   Thumb Code     2  stm32f0xx_it.o(.text.PendSV_Handler)
    SCL_CONF                                 0x08002b7d   Thumb Code    28  i2c_hal.o(.text.SCL_CONF)
    SCL_OUTPUT                               0x08002b99   Thumb Code    48  i2c_hal.o(.text.SCL_OUTPUT)
    SDA_CONF                                 0x08002bc9   Thumb Code    28  i2c_hal.o(.text.SDA_CONF)
    SDA_OUTPUT                               0x08002be5   Thumb Code    52  i2c_hal.o(.text.SDA_OUTPUT)
    SHT2x_CalcRH                             0x08002c19   Thumb Code    44  sht2x_bb.o(.text.SHT2x_CalcRH)
    SHT2x_CalcTemperatureC                   0x08002c45   Thumb Code    48  sht2x_bb.o(.text.SHT2x_CalcTemperatureC)
    SHT2x_CheckCrc                           0x08002c75   Thumb Code    56  sht2x_bb.o(.text.SHT2x_CheckCrc)
    SHT2x_MeasureHM                          0x08002cad   Thumb Code   216  sht2x_bb.o(.text.SHT2x_MeasureHM)
    SVC_Handler                              0x08002d85   Thumb Code     2  stm32f0xx_it.o(.text.SVC_Handler)
    ShtInit                                  0x08002d87   Thumb Code    34  user_sht.o(.text.ShtInit)
    ShtReadSensor                            0x08002da9   Thumb Code   100  user_sht.o(.text.ShtReadSensor)
    ShtSave                                  0x08002e0d   Thumb Code    36  user_sht.o(.text.ShtSave)
    SysTick_Handler                          0x08002e31   Thumb Code     8  stm32f0xx_it.o(.text.SysTick_Handler)
    SystemClock_Config                       0x08002e39   Thumb Code   136  main.o(.text.SystemClock_Config)
    SystemInit                               0x08002ec1   Thumb Code     2  system_stm32f0xx.o(.text.SystemInit)
    TIM16_IRQHandler                         0x08002ec5   Thumb Code    16  stm32f0xx_it.o(.text.TIM16_IRQHandler)
    TIM17_IRQHandler                         0x08002ed5   Thumb Code    16  stm32f0xx_it.o(.text.TIM17_IRQHandler)
    TIM_Base_SetConfig                       0x08002ee5   Thumb Code   120  stm32f0xx_hal_tim.o(.text.TIM_Base_SetConfig)
    TIM_CCxChannelCmd                        0x08002f5d   Thumb Code    26  stm32f0xx_hal_tim.o(.text.TIM_CCxChannelCmd)
    TIM_OC2_SetConfig                        0x08002fed   Thumb Code   104  stm32f0xx_hal_tim.o(.text.TIM_OC2_SetConfig)
    TimeInit                                 0x0800316d   Thumb Code    12  user_time.o(.text.TimeInit)
    TimeSave                                 0x08003179   Thumb Code    18  user_time.o(.text.TimeSave)
    compareTime                              0x080031cd   Thumb Code    76  user_time.o(.text.compareTime)
    lcd_delay_us                             0x08003219   Thumb Code    22  lcd_ch.o(.text.lcd_delay_us)
    main                                     0x08003231   Thumb Code  6972  main.o(.text.main)
    negativStr                               0x08004d6d   Thumb Code   124  main.o(.text.negativStr)
    toggle_EN_pin                            0x08004de9   Thumb Code    36  lcd_ch.o(.text.toggle_EN_pin)
    __0sprintf$8                             0x08004e0d   Thumb Code    36  printf8.o(i.__0sprintf$8)
    __1sprintf$8                             0x08004e0d   Thumb Code     0  printf8.o(i.__0sprintf$8)
    __2sprintf                               0x08004e0d   Thumb Code     0  printf8.o(i.__0sprintf$8)
    __ARM_clz                                0x08004e35   Thumb Code    46  depilogue.o(i.__ARM_clz)
    __scatterload_copy                       0x08004e63   Thumb Code    14  handlers.o(i.__scatterload_copy)
    __scatterload_null                       0x08004e71   Thumb Code     2  handlers.o(i.__scatterload_null)
    __scatterload_zeroinit                   0x08004e73   Thumb Code    14  handlers.o(i.__scatterload_zeroinit)
    AHBPrescTable                            0x080053e4   Data          16  system_stm32f0xx.o(.rodata.AHBPrescTable)
    Region$$Table$$Base                      0x080054f4   Number         0  anon$$obj.o(Region$$Table)
    Region$$Table$$Limit                     0x08005514   Number         0  anon$$obj.o(Region$$Table)
    SilentRhythmProg                         0x20000000   Data           4  buzzer.o(.data..L_MergedGlobals)
    Rhythm1Prog                              0x20000004   Data           4  buzzer.o(.data..L_MergedGlobals)
    Rhythm3Prog                              0x20000008   Data           4  buzzer.o(.data..L_MergedGlobals)
    Rhythm2Prog                              0x2000000c   Data          12  buzzer.o(.data..L_MergedGlobals)
    uwTickPrio                               0x20000018   Data           4  stm32f0xx_hal.o(.data..L_MergedGlobals)
    uwTickFreq                               0x2000001c   Data           4  stm32f0xx_hal.o(.data..L_MergedGlobals)
    Belderchin_Pos_ch                        0x20000020   Data           7  lcd_ch.o(.data.Belderchin_Pos_ch)
    Belderchin_prog                          0x20000028   Data          12  bird.o(.data.Belderchin_prog)
    Boghalamoon_Pos_ch                       0x20000034   Data           7  lcd_ch.o(.data.Boghalamoon_Pos_ch)
    Boghalamoon_prog                         0x2000003c   Data          24  bird.o(.data.Boghalamoon_prog)
    Charkhsh_Pos_ch                          0x20000054   Data           4  lcd_ch.o(.data.Charkhsh_Pos_ch)
    DELAY_SWITCHMAINDISPLAY                  0x20000058   Data           3  main.o(.data.DELAY_SWITCHMAINDISPLAY)
    Dama_Pos_ch                              0x2000005b   Data           3  lcd_ch.o(.data.Dama_Pos_ch)
    Dasti_Pos_ch                             0x2000005e   Data           4  lcd_ch.o(.data.Dasti_Pos_ch)
    Dooreh_Pos_ch                            0x20000062   Data           4  lcd_ch.o(.data.Dooreh_Pos_ch)
    Gharghavol_Pos_ch                        0x20000066   Data           6  lcd_ch.o(.data.Gharghavol_Pos_ch)
    Gharghavol_prog                          0x2000006c   Data          12  bird.o(.data.Gharghavol_prog)
    Ghaz_Pos_ch                              0x20000078   Data           3  lcd_ch.o(.data.Ghaz_Pos_ch)
    Ghaz_prog                                0x2000007c   Data          24  bird.o(.data.Ghaz_prog)
    Hatcher_Pos_ch                           0x20000094   Data           3  lcd_ch.o(.data.Hatcher_Pos_ch)
    Kabk_Pos_ch                              0x20000097   Data           3  lcd_ch.o(.data.Kabk_Pos_ch)
    Kabk_prog                                0x2000009a   Data          12  bird.o(.data.Kabk_prog)
    Manual_prog                              0x200000a6   Data          12  bird.o(.data.Manual_prog)
    MorghShakhdar_Pos_ch                     0x200000b2   Data           8  lcd_ch.o(.data.MorghShakhdar_Pos_ch)
    MorghShakhdar_prog                       0x200000ba   Data          12  bird.o(.data.MorghShakhdar_prog)
    Morgh_Pos_ch                             0x200000c6   Data           3  lcd_ch.o(.data.Morgh_Pos_ch)
    Morgh_prog                               0x200000ca   Data          12  bird.o(.data.Morgh_prog)
    Ordak_Pos_ch                             0x200000d6   Data           4  lcd_ch.o(.data.Ordak_Pos_ch)
    Ordak_prog                               0x200000da   Data          12  bird.o(.data.Ordak_prog)
    Rooz_Pos_ch                              0x200000e6   Data           3  lcd_ch.o(.data.Rooz_Pos_ch)
    Rotobat_Pos_ch                           0x200000e9   Data           5  lcd_ch.o(.data.Rotobat_Pos_ch)
    Setter_Pos_ch                            0x200000ee   Data           3  lcd_ch.o(.data.Setter_Pos_ch)
    ShotorMorgh_prog                         0x200000f2   Data          12  bird.o(.data.ShotorMorgh_prog)
    Shotormorgh_Pos_ch                       0x200000fe   Data           6  lcd_ch.o(.data.Shotormorgh_Pos_ch)
    SystemCoreClock                          0x20000104   Data           4  system_stm32f0xx.o(.data.SystemCoreClock)
    Timer_Pos_ch                             0x20000108   Data           4  lcd_ch.o(.data.Timer_Pos_ch)
    Zaman_Pos_ch                             0x2000010c   Data           4  lcd_ch.o(.data.Zaman_Pos_ch)
    custom_character                         0x20000110   Data         280  lcd_ch.o(.data.custom_character)
    defaultBirds                             0x20000228   Data         160  bird.o(.data.defaultBirds)
    defaultFan                               0x200002c8   Data           8  heater_fan.o(.data.defaultFan)
    defaultHeater                            0x200002d0   Data           8  heater_fan.o(.data.defaultHeater)
    defaultMotor                             0x200002d8   Data          28  motor.o(.data.defaultMotor)
    tik_1s                                   0x200002f8   Data           1  main.o(.bss..L_MergedGlobals)
    TimerGoMainMenu                          0x200002f9   Data           1  main.o(.bss..L_MergedGlobals)
    negstr                                   0x200002fa   Data          16  main.o(.bss..L_MergedGlobals)
    Buzzer                                   0x2000030c   Data          20  buzzer.o(.bss.Buzzer)
    Keys                                     0x20000324   Data          80  keys.o(.bss.Keys)
    defaultSht                               0x20000374   Data          10  user_sht.o(.bss.defaultSht)
    hi2c1                                    0x20000380   Data          84  i2c.o(.bss.hi2c1)
    htim1                                    0x200003d4   Data         104  tim.o(.bss.htim1)
    htim16                                   0x2000043c   Data         104  tim.o(.bss.htim16)
    htim17                                   0x200004a4   Data         104  tim.o(.bss.htim17)
    uwTick                                   0x2000050c   Data           4  stm32f0xx_hal.o(.bss.uwTick)
    __initial_sp                             0x20000910   Data           0  startup_stm32f030x6.o(STACK)



==============================================================================

Memory Map of the image

  Image Entry point : 0x080000b1

  Load Region LR_IROM1 (Base: 0x08000000, Size: 0x00005810, Max: 0x00008000, ABSOLUTE, COMPRESSED[0x00005700])

    Execution Region ER_IROM1 (Exec base: 0x08000000, Load base: 0x08000000, Size: 0x00005514, Max: 0x00008000, ABSOLUTE)

    Exec Addr    Load Addr    Size         Type   Attr      Idx    E Section Name        Object

    0x08000000   0x08000000   0x000000b0   Data   RO            3    RESET               startup_stm32f030x6.o
    0x080000b0   0x080000b0   0x00000000   Code   RO         1298  * .ARM.Collect$$$$00000000  mc_p.l(entry.o)
    0x080000b0   0x080000b0   0x00000004   Code   RO         1596    .ARM.Collect$$$$00000001  mc_p.l(entry2.o)
    0x080000b4   0x080000b4   0x00000004   Code   RO         1599    .ARM.Collect$$$$00000004  mc_p.l(entry5.o)
    0x080000b8   0x080000b8   0x00000000   Code   RO         1601    .ARM.Collect$$$$00000008  mc_p.l(entry7b.o)
    0x080000b8   0x080000b8   0x00000000   Code   RO         1603    .ARM.Collect$$$$0000000A  mc_p.l(entry8b.o)
    0x080000b8   0x080000b8   0x00000008   Code   RO         1604    .ARM.Collect$$$$0000000B  mc_p.l(entry9a.o)
    0x080000c0   0x080000c0   0x00000000   Code   RO         1606    .ARM.Collect$$$$0000000D  mc_p.l(entry10a.o)
    0x080000c0   0x080000c0   0x00000000   Code   RO         1608    .ARM.Collect$$$$0000000F  mc_p.l(entry11a.o)
    0x080000c0   0x080000c0   0x00000004   Code   RO         1597    .ARM.Collect$$$$00002712  mc_p.l(entry2.o)
    0x080000c4   0x080000c4   0x0000001c   Code   RO            4    .text               startup_stm32f030x6.o
    0x080000e0   0x080000e0   0x00000022   Code   RO         1307    .text               mc_p.l(llushr.o)
    0x08000102   0x08000102   0x00000024   Code   RO         1309    .text               mc_p.l(memcpya.o)
    0x08000126   0x08000126   0x00000024   Code   RO         1311    .text               mc_p.l(memseta.o)
    0x0800014a   0x0800014a   0x0000000e   Code   RO         1313    .text               mc_p.l(strlen.o)
    0x08000158   0x08000158   0x0000001a   Code   RO         1315    .text               mc_p.l(memcmp.o)
    0x08000172   0x08000172   0x00000002   PAD
    0x08000174   0x08000174   0x00000164   Code   RO         1580    .text               mf_p.l(dadd.o)
    0x080002d8   0x080002d8   0x000000d0   Code   RO         1582    .text               mf_p.l(dmul.o)
    0x080003a8   0x080003a8   0x0000001c   Code   RO         1586    .text               mf_p.l(dfltui.o)
    0x080003c4   0x080003c4   0x00000048   Code   RO         1590    .text               mf_p.l(dfixi.o)
    0x0800040c   0x0800040c   0x00000028   Code   RO         1592    .text               mf_p.l(f2d.o)
    0x08000434   0x08000434   0x00000038   Code   RO         1594    .text               mf_p.l(d2f.o)
    0x0800046c   0x0800046c   0x0000003e   Code   RO         1617    .text               mc_p.l(uidiv_div0.o)
    0x080004aa   0x080004aa   0x00000002   PAD
    0x080004ac   0x080004ac   0x00000050   Code   RO         1619    .text               mc_p.l(idiv_div0.o)
    0x080004fc   0x080004fc   0x00000060   Code   RO         1623    .text               mc_p.l(uldiv.o)
    0x0800055c   0x0800055c   0x00000020   Code   RO         1625    .text               mc_p.l(llshl.o)
    0x0800057c   0x0800057c   0x00000026   Code   RO         1627    .text               mc_p.l(llsshr.o)
    0x080005a2   0x080005a2   0x00000000   Code   RO         1629    .text               mc_p.l(iusefp.o)
    0x080005a2   0x080005a2   0x00000082   Code   RO         1630    .text               mf_p.l(fepilogue.o)
    0x08000624   0x08000624   0x000000be   Code   RO         1632    .text               mf_p.l(depilogue.o)
    0x080006e2   0x080006e2   0x00000002   PAD
    0x080006e4   0x080006e4   0x00000024   Code   RO         1640    .text               mc_p.l(init.o)
    0x08000708   0x08000708   0x00000056   Code   RO         1652    .text               mc_p.l(__dczerorl2.o)
    0x0800075e   0x0800075e   0x00000002   PAD
    0x08000760   0x08000760   0x00000030   Code   RO          225    .text.BirdInit      bird.o
    0x08000790   0x08000790   0x00000060   Code   RO          221    .text.BirdReadManual  bird.o
    0x080007f0   0x080007f0   0x0000005c   Code   RO          223    .text.BirdSaveManual  bird.o
    0x0800084c   0x0800084c   0x0000001c   Code   RO          180    .text.BuzzerInit    buzzer.o
    0x08000868   0x08000868   0x00000054   Code   RO          178    .text.BuzzerSetRhythm  buzzer.o
    0x080008bc   0x080008bc   0x00000018   Code   RO          118    .text.DelayMicroSeconds  i2c_hal.o
    0x080008d4   0x080008d4   0x0000003c   Code   RO          203    .text.EEReadByte    eeprom.o
    0x08000910   0x08000910   0x00000070   Code   RO          201    .text.EEWriteByte   eeprom.o
    0x08000980   0x08000980   0x00000008   Code   RO          338    .text.Error_Handler  main.o
    0x08000988   0x08000988   0x00000036   Code   RO          304    .text.FanCheckTempHum  heater_fan.o
    0x080009be   0x080009be   0x0000001e   Code   RO          296    .text.FanInit       heater_fan.o
    0x080009dc   0x080009dc   0x00000020   Code   RO          294    .text.FanSave       heater_fan.o
    0x080009fc   0x080009fc   0x00000024   Code   RO          298    .text.FanSetState   heater_fan.o
    0x08000a20   0x08000a20   0x0000002c   Code   RO          302    .text.FanStateHum   heater_fan.o
    0x08000a4c   0x08000a4c   0x0000002c   Code   RO          300    .text.FanStateTemp  heater_fan.o
    0x08000a78   0x08000a78   0x00000040   Code   RO          328    .text.FindProgNum   main.o
    0x08000ab8   0x08000ab8   0x00000024   Code   RO          687    .text.HAL_Delay     stm32f0xx_hal.o
    0x08000adc   0x08000adc   0x00000198   Code   RO          723    .text.HAL_GPIO_Init  stm32f0xx_hal_gpio.o
    0x08000c74   0x08000c74   0x0000000a   Code   RO          727    .text.HAL_GPIO_ReadPin  stm32f0xx_hal_gpio.o
    0x08000c7e   0x08000c7e   0x00000010   Code   RO          731    .text.HAL_GPIO_TogglePin  stm32f0xx_hal_gpio.o
    0x08000c8e   0x08000c8e   0x0000000e   Code   RO          729    .text.HAL_GPIO_WritePin  stm32f0xx_hal_gpio.o
    0x08000c9c   0x08000c9c   0x0000000c   Code   RO          679    .text.HAL_GetTick   stm32f0xx_hal.o
    0x08000ca8   0x08000ca8   0x0000003e   Code   RO          603    .text.HAL_I2CEx_ConfigAnalogFilter  stm32f0xx_hal_i2c_ex.o
    0x08000ce6   0x08000ce6   0x0000003e   Code   RO          605    .text.HAL_I2CEx_ConfigDigitalFilter  stm32f0xx_hal_i2c_ex.o
    0x08000d24   0x08000d24   0x0000009c   Code   RO          437    .text.HAL_I2C_Init  stm32f0xx_hal_i2c.o
    0x08000dc0   0x08000dc0   0x00000120   Code   RO          515    .text.HAL_I2C_IsDeviceReady  stm32f0xx_hal_i2c.o
    0x08000ee0   0x08000ee0   0x00000160   Code   RO          503    .text.HAL_I2C_Mem_Read  stm32f0xx_hal_i2c.o
    0x08001040   0x08001040   0x00000160   Code   RO          499    .text.HAL_I2C_Mem_Write  stm32f0xx_hal_i2c.o
    0x080011a0   0x080011a0   0x00000064   Code   RO          363    .text.HAL_I2C_MspInit  i2c.o
    0x08001204   0x08001204   0x00000014   Code   RO          677    .text.HAL_IncTick   stm32f0xx_hal.o
    0x08001218   0x08001218   0x0000001c   Code   RO          667    .text.HAL_Init      stm32f0xx_hal.o
    0x08001234   0x08001234   0x00000040   Code   RO          669    .text.HAL_InitTick  stm32f0xx_hal.o
    0x08001274   0x08001274   0x0000002c   Code   RO          429    .text.HAL_MspInit   stm32f0xx_hal_msp.o
    0x080012a0   0x080012a0   0x00000018   Code   RO          785    .text.HAL_NVIC_EnableIRQ  stm32f0xx_hal_cortex.o
    0x080012b8   0x080012b8   0x00000008   Code   RO          781    .text.HAL_NVIC_SetPriority  stm32f0xx_hal_cortex.o
    0x080012c0   0x080012c0   0x000000f8   Code   RO          653    .text.HAL_RCCEx_PeriphCLKConfig  stm32f0xx_hal_rcc_ex.o
    0x080013b8   0x080013b8   0x00000108   Code   RO          623    .text.HAL_RCC_ClockConfig  stm32f0xx_hal_rcc.o
    0x080014c0   0x080014c0   0x00000064   Code   RO          625    .text.HAL_RCC_GetSysClockFreq  stm32f0xx_hal_rcc.o
    0x08001524   0x08001524   0x000003cc   Code   RO          621    .text.HAL_RCC_OscConfig  stm32f0xx_hal_rcc.o
    0x080018f0   0x080018f0   0x00000034   Code   RO          793    .text.HAL_SYSTICK_Config  stm32f0xx_hal_cortex.o
    0x08001924   0x08001924   0x00000002   Code   RO         1270    .text.HAL_TIMEx_BreakCallback  stm32f0xx_hal_tim_ex.o
    0x08001926   0x08001926   0x00000002   Code   RO         1266    .text.HAL_TIMEx_CommutCallback  stm32f0xx_hal_tim_ex.o
    0x08001928   0x08001928   0x00000054   Code   RO         1262    .text.HAL_TIMEx_ConfigBreakDeadTime  stm32f0xx_hal_tim_ex.o
    0x0800197c   0x0800197c   0x00000044   Code   RO         1260    .text.HAL_TIMEx_MasterConfigSynchronization  stm32f0xx_hal_tim_ex.o
    0x080019c0   0x080019c0   0x00000042   Code   RO          951    .text.HAL_TIM_Base_Init  stm32f0xx_hal_tim.o
    0x08001a02   0x08001a02   0x00000002   PAD
    0x08001a04   0x08001a04   0x0000007c   Code   RO          393    .text.HAL_TIM_Base_MspInit  tim.o
    0x08001a80   0x08001a80   0x00000048   Code   RO          965    .text.HAL_TIM_Base_Start_IT  stm32f0xx_hal_tim.o
    0x08001ac8   0x08001ac8   0x000000f0   Code   RO         1139    .text.HAL_TIM_ConfigClockSource  stm32f0xx_hal_tim.o
    0x08001bb8   0x08001bb8   0x00000002   Code   RO         1087    .text.HAL_TIM_IC_CaptureCallback  stm32f0xx_hal_tim.o
    0x08001bba   0x08001bba   0x00000148   Code   RO         1085    .text.HAL_TIM_IRQHandler  stm32f0xx_hal_tim.o
    0x08001d02   0x08001d02   0x00000002   PAD
    0x08001d04   0x08001d04   0x00000050   Code   RO          387    .text.HAL_TIM_MspPostInit  tim.o
    0x08001d54   0x08001d54   0x00000002   Code   RO         1089    .text.HAL_TIM_OC_DelayElapsedCallback  stm32f0xx_hal_tim.o
    0x08001d56   0x08001d56   0x00000002   PAD
    0x08001d58   0x08001d58   0x000000b8   Code   RO         1113    .text.HAL_TIM_PWM_ConfigChannel  stm32f0xx_hal_tim.o
    0x08001e10   0x08001e10   0x00000042   Code   RO         1005    .text.HAL_TIM_PWM_Init  stm32f0xx_hal_tim.o
    0x08001e52   0x08001e52   0x00000002   Code   RO         1007    .text.HAL_TIM_PWM_MspInit  stm32f0xx_hal_tim.o
    0x08001e54   0x08001e54   0x00000002   Code   RO         1091    .text.HAL_TIM_PWM_PulseFinishedCallback  stm32f0xx_hal_tim.o
    0x08001e56   0x08001e56   0x00000002   PAD
    0x08001e58   0x08001e58   0x000000a4   Code   RO         1013    .text.HAL_TIM_PWM_Start  stm32f0xx_hal_tim.o
    0x08001efc   0x08001efc   0x00000130   Code   RO          326    .text.HAL_TIM_PeriodElapsedCallback  main.o
    0x0800202c   0x0800202c   0x00000002   Code   RO         1095    .text.HAL_TIM_TriggerCallback  stm32f0xx_hal_tim.o
    0x0800202e   0x0800202e   0x00000002   Code   RO          410    .text.HardFault_Handler  stm32f0xx_it.o
    0x08002030   0x08002030   0x00000044   Code   RO          312    .text.HeaterCheck   heater_fan.o
    0x08002074   0x08002074   0x00000034   Code   RO          308    .text.HeaterInit    heater_fan.o
    0x080020a8   0x080020a8   0x00000034   Code   RO          306    .text.HeaterSave    heater_fan.o
    0x080020dc   0x080020dc   0x00000024   Code   RO          310    .text.HeaterSetPercent  heater_fan.o
    0x08002100   0x08002100   0x0000001c   Code   RO          577    .text.I2C_Flush_TXDR  stm32f0xx_hal_i2c.o
    0x0800211c   0x0800211c   0x00000074   Code   RO          593    .text.I2C_IsAcknowledgeFailed  stm32f0xx_hal_i2c.o
    0x08002190   0x08002190   0x00000064   Code   RO          505    .text.I2C_RequestMemoryRead  stm32f0xx_hal_i2c.o
    0x080021f4   0x080021f4   0x00000068   Code   RO          501    .text.I2C_RequestMemoryWrite  stm32f0xx_hal_i2c.o
    0x0800225c   0x0800225c   0x0000002c   Code   RO          449    .text.I2C_TransferConfig  stm32f0xx_hal_i2c.o
    0x08002288   0x08002288   0x0000004a   Code   RO          447    .text.I2C_WaitOnFlagUntilTimeout  stm32f0xx_hal_i2c.o
    0x080022d2   0x080022d2   0x00000046   Code   RO          453    .text.I2C_WaitOnSTOPFlagUntilTimeout  stm32f0xx_hal_i2c.o
    0x08002318   0x08002318   0x0000004a   Code   RO          451    .text.I2C_WaitOnTXISFlagUntilTimeout  stm32f0xx_hal_i2c.o
    0x08002362   0x08002362   0x00000002   PAD
    0x08002364   0x08002364   0x000000ac   Code   RO          136    .text.I2c_ReadByte  i2c_hal.o
    0x08002410   0x08002410   0x00000028   Code   RO          130    .text.I2c_StartCondition  i2c_hal.o
    0x08002438   0x08002438   0x00000028   Code   RO          132    .text.I2c_StopCondition  i2c_hal.o
    0x08002460   0x08002460   0x00000098   Code   RO          134    .text.I2c_WriteByte  i2c_hal.o
    0x080024f8   0x080024f8   0x00000046   Code   RO          248    .text.IncTime       user_time.o
    0x0800253e   0x0800253e   0x0000000e   Code   RO          250    .text.IncTimesec    user_time.o
    0x0800254c   0x0800254c   0x00000026   Code   RO          330    .text.IsHatcher     main.o
    0x08002572   0x08002572   0x00000002   PAD
    0x08002574   0x08002574   0x00000048   Code   RO          192    .text.KeysInit      keys.o
    0x080025bc   0x080025bc   0x00000054   Code   RO           15    .text.LCD_4bit_send  lcd_ch.o
    0x08002610   0x08002610   0x00000016   Code   RO           19    .text.LCD_clear_home  lcd_ch.o
    0x08002626   0x08002626   0x0000001c   Code   RO           75    .text.LCD_clear_size  lcd_ch.o
    0x08002642   0x08002642   0x0000001e   Code   RO           21    .text.LCD_clearrow  lcd_ch.o
    0x08002660   0x08002660   0x00000024   Code   RO           25    .text.LCD_create_custom_char  lcd_ch.o
    0x08002684   0x08002684   0x0000000c   Code   RO           49    .text.LCD_cursor_off  lcd_ch.o
    0x08002690   0x08002690   0x0000000c   Code   RO           47    .text.LCD_cursor_on  lcd_ch.o
    0x0800269c   0x0800269c   0x00000016   Code   RO           23    .text.LCD_gotoxy    lcd_ch.o
    0x080026b2   0x080026b2   0x00000002   PAD
    0x080026b4   0x080026b4   0x00000040   Code   RO           27    .text.LCD_init      lcd_ch.o
    0x080026f4   0x080026f4   0x00000090   Code   RO           71    .text.LCD_putpersian  lcd_ch.o
    0x08002784   0x08002784   0x0000001a   Code   RO           29    .text.LCD_putstr    lcd_ch.o
    0x0800279e   0x0800279e   0x0000003a   Code   RO           73    .text.LCD_putstralign  lcd_ch.o
    0x080027d8   0x080027d8   0x00000014   Code   RO           33    .text.LCD_putstrpos  lcd_ch.o
    0x080027ec   0x080027ec   0x00000024   Code   RO           17    .text.LCD_send      lcd_ch.o
    0x08002810   0x08002810   0x00000100   Code   RO          353    .text.MX_GPIO_Init  gpio.o
    0x08002910   0x08002910   0x0000005c   Code   RO          361    .text.MX_I2C1_Init  i2c.o
    0x0800296c   0x0800296c   0x00000034   Code   RO          389    .text.MX_TIM16_Init  tim.o
    0x080029a0   0x080029a0   0x00000038   Code   RO          391    .text.MX_TIM17_Init  tim.o
    0x080029d8   0x080029d8   0x000000e0   Code   RO          385    .text.MX_TIM1_Init  tim.o
    0x08002ab8   0x08002ab8   0x00000080   Code   RO          268    .text.MotorCheck    motor.o
    0x08002b38   0x08002b38   0x00000026   Code   RO          264    .text.MotorInit     motor.o
    0x08002b5e   0x08002b5e   0x00000002   PAD
    0x08002b60   0x08002b60   0x00000018   Code   RO          266    .text.MotorSetState  motor.o
    0x08002b78   0x08002b78   0x00000002   Code   RO          408    .text.NMI_Handler   stm32f0xx_it.o
    0x08002b7a   0x08002b7a   0x00000002   Code   RO          414    .text.PendSV_Handler  stm32f0xx_it.o
    0x08002b7c   0x08002b7c   0x0000001c   Code   RO          126    .text.SCL_CONF      i2c_hal.o
    0x08002b98   0x08002b98   0x00000030   Code   RO          120    .text.SCL_OUTPUT    i2c_hal.o
    0x08002bc8   0x08002bc8   0x0000001c   Code   RO          124    .text.SDA_CONF      i2c_hal.o
    0x08002be4   0x08002be4   0x00000034   Code   RO          122    .text.SDA_OUTPUT    i2c_hal.o
    0x08002c18   0x08002c18   0x0000002c   Code   RO          156    .text.SHT2x_CalcRH  sht2x_bb.o
    0x08002c44   0x08002c44   0x00000030   Code   RO          158    .text.SHT2x_CalcTemperatureC  sht2x_bb.o
    0x08002c74   0x08002c74   0x00000038   Code   RO          150    .text.SHT2x_CheckCrc  sht2x_bb.o
    0x08002cac   0x08002cac   0x000000d8   Code   RO          154    .text.SHT2x_MeasureHM  sht2x_bb.o
    0x08002d84   0x08002d84   0x00000002   Code   RO          412    .text.SVC_Handler   stm32f0xx_it.o
    0x08002d86   0x08002d86   0x00000022   Code   RO          279    .text.ShtInit       user_sht.o
    0x08002da8   0x08002da8   0x00000064   Code   RO          281    .text.ShtReadSensor  user_sht.o
    0x08002e0c   0x08002e0c   0x00000024   Code   RO          283    .text.ShtSave       user_sht.o
    0x08002e30   0x08002e30   0x00000008   Code   RO          416    .text.SysTick_Handler  stm32f0xx_it.o
    0x08002e38   0x08002e38   0x00000088   Code   RO          336    .text.SystemClock_Config  main.o
    0x08002ec0   0x08002ec0   0x00000002   Code   RO         1284    .text.SystemInit    system_stm32f0xx.o
    0x08002ec2   0x08002ec2   0x00000002   PAD
    0x08002ec4   0x08002ec4   0x00000010   Code   RO          418    .text.TIM16_IRQHandler  stm32f0xx_it.o
    0x08002ed4   0x08002ed4   0x00000010   Code   RO          420    .text.TIM17_IRQHandler  stm32f0xx_it.o
    0x08002ee4   0x08002ee4   0x00000078   Code   RO          955    .text.TIM_Base_SetConfig  stm32f0xx_hal_tim.o
    0x08002f5c   0x08002f5c   0x0000001a   Code   RO          989    .text.TIM_CCxChannelCmd  stm32f0xx_hal_tim.o
    0x08002f76   0x08002f76   0x00000002   PAD
    0x08002f78   0x08002f78   0x00000074   Code   RO         1099    .text.TIM_OC1_SetConfig  stm32f0xx_hal_tim.o
    0x08002fec   0x08002fec   0x00000068   Code   RO         1101    .text.TIM_OC2_SetConfig  stm32f0xx_hal_tim.o
    0x08003054   0x08003054   0x0000006c   Code   RO         1103    .text.TIM_OC3_SetConfig  stm32f0xx_hal_tim.o
    0x080030c0   0x080030c0   0x00000064   Code   RO         1105    .text.TIM_OC4_SetConfig  stm32f0xx_hal_tim.o
    0x08003124   0x08003124   0x00000022   Code   RO         1141    .text.TIM_TI1_ConfigInputStage  stm32f0xx_hal_tim.o
    0x08003146   0x08003146   0x00000026   Code   RO         1143    .text.TIM_TI2_ConfigInputStage  stm32f0xx_hal_tim.o
    0x0800316c   0x0800316c   0x0000000c   Code   RO          254    .text.TimeInit      user_time.o
    0x08003178   0x08003178   0x00000012   Code   RO          252    .text.TimeSave      user_time.o
    0x0800318a   0x0800318a   0x00000002   PAD
    0x0800318c   0x0800318c   0x00000040   Code   RO          783    .text.__NVIC_SetPriority  stm32f0xx_hal_cortex.o
    0x080031cc   0x080031cc   0x0000004c   Code   RO          246    .text.compareTime   user_time.o
    0x08003218   0x08003218   0x00000016   Code   RO           11    .text.lcd_delay_us  lcd_ch.o
    0x0800322e   0x0800322e   0x00000002   PAD
    0x08003230   0x08003230   0x00001b3c   Code   RO          334    .text.main          main.o
    0x08004d6c   0x08004d6c   0x0000007c   Code   RO          332    .text.negativStr    main.o
    0x08004de8   0x08004de8   0x00000024   Code   RO           13    .text.toggle_EN_pin  lcd_ch.o
    0x08004e0c   0x08004e0c   0x00000028   Code   RO         1528    i.__0sprintf$8      mc_p.l(printf8.o)
    0x08004e34   0x08004e34   0x0000002e   Code   RO         1634    i.__ARM_clz         mf_p.l(depilogue.o)
    0x08004e62   0x08004e62   0x0000000e   Code   RO         1646    i.__scatterload_copy  mc_p.l(handlers.o)
    0x08004e70   0x08004e70   0x00000002   Code   RO         1647    i.__scatterload_null  mc_p.l(handlers.o)
    0x08004e72   0x08004e72   0x0000000e   Code   RO         1648    i.__scatterload_zeroinit  mc_p.l(handlers.o)
    0x08004e80   0x08004e80   0x00000428   Code   RO         1533    i._printf_core      mc_p.l(printf8.o)
    0x080052a8   0x080052a8   0x00000020   Code   RO         1534    i._printf_post_padding  mc_p.l(printf8.o)
    0x080052c8   0x080052c8   0x0000002c   Code   RO         1535    i._printf_pre_padding  mc_p.l(printf8.o)
    0x080052f4   0x080052f4   0x0000000a   Code   RO         1537    i._sputc            mc_p.l(printf8.o)
    0x080052fe   0x080052fe   0x00000002   PAD
    0x08005300   0x08005300   0x0000004c   Data   RO           97    .rodata..Lswitch.table.LCD_putpersian  lcd_ch.o
    0x0800534c   0x0800534c   0x0000004c   Data   RO           98    .rodata..Lswitch.table.LCD_putpersian.1  lcd_ch.o
    0x08005398   0x08005398   0x0000004c   Data   RO           99    .rodata..Lswitch.table.LCD_putpersian.2  lcd_ch.o
    0x080053e4   0x080053e4   0x00000010   Data   RO         1289    .rodata.AHBPrescTable  system_stm32f0xx.o
    0x080053f4   0x080053f4   0x000000ef   Data   RO          341    .rodata.str1.1      main.o
    0x080054e3   0x080054e3   0x00000001   PAD
    0x080054e4   0x080054e4   0x0000000f   Data   RO          342    .rodata.str1.4      main.o
    0x080054f3   0x080054f3   0x00000001   PAD
    0x080054f4   0x080054f4   0x00000020   Data   RO         1645    Region$$Table       anon$$obj.o


    Execution Region RW_IRAM1 (Exec base: 0x20000000, Load base: 0x08005518, Size: 0x00000910, Max: 0x00001000, ABSOLUTE, COMPRESSED[0x000001e8])

    Exec Addr    Load Addr    Size         Type   Attr      Idx    E Section Name        Object

    0x20000000   COMPRESSED   0x00000018   Data   RW          183    .data..L_MergedGlobals  buzzer.o
    0x20000018   COMPRESSED   0x00000008   Data   RW          714    .data..L_MergedGlobals  stm32f0xx_hal.o
    0x20000020   COMPRESSED   0x00000007   Data   RW           79    .data.Belderchin_Pos_ch  lcd_ch.o
    0x20000027   COMPRESSED   0x00000001   PAD
    0x20000028   COMPRESSED   0x0000000c   Data   RW          231    .data.Belderchin_prog  bird.o
    0x20000034   COMPRESSED   0x00000007   Data   RW           78    .data.Boghalamoon_Pos_ch  lcd_ch.o
    0x2000003b   COMPRESSED   0x00000001   PAD
    0x2000003c   COMPRESSED   0x00000018   Data   RW          230    .data.Boghalamoon_prog  bird.o
    0x20000054   COMPRESSED   0x00000004   Data   RW           88    .data.Charkhsh_Pos_ch  lcd_ch.o
    0x20000058   COMPRESSED   0x00000003   Data   RW          340    .data.DELAY_SWITCHMAINDISPLAY  main.o
    0x2000005b   COMPRESSED   0x00000003   Data   RW           89    .data.Dama_Pos_ch   lcd_ch.o
    0x2000005e   COMPRESSED   0x00000004   Data   RW           85    .data.Dasti_Pos_ch  lcd_ch.o
    0x20000062   COMPRESSED   0x00000004   Data   RW           93    .data.Dooreh_Pos_ch  lcd_ch.o
    0x20000066   COMPRESSED   0x00000006   Data   RW           80    .data.Gharghavol_Pos_ch  lcd_ch.o
    0x2000006c   COMPRESSED   0x0000000c   Data   RW          232    .data.Gharghavol_prog  bird.o
    0x20000078   COMPRESSED   0x00000003   Data   RW           83    .data.Ghaz_Pos_ch   lcd_ch.o
    0x2000007b   COMPRESSED   0x00000001   PAD
    0x2000007c   COMPRESSED   0x00000018   Data   RW          235    .data.Ghaz_prog     bird.o
    0x20000094   COMPRESSED   0x00000003   Data   RW           95    .data.Hatcher_Pos_ch  lcd_ch.o
    0x20000097   COMPRESSED   0x00000003   Data   RW           81    .data.Kabk_Pos_ch   lcd_ch.o
    0x2000009a   COMPRESSED   0x0000000c   Data   RW          233    .data.Kabk_prog     bird.o
    0x200000a6   COMPRESSED   0x0000000c   Data   RW          227    .data.Manual_prog   bird.o
    0x200000b2   COMPRESSED   0x00000008   Data   RW           77    .data.MorghShakhdar_Pos_ch  lcd_ch.o
    0x200000ba   COMPRESSED   0x0000000c   Data   RW          229    .data.MorghShakhdar_prog  bird.o
    0x200000c6   COMPRESSED   0x00000003   Data   RW           86    .data.Morgh_Pos_ch  lcd_ch.o
    0x200000c9   COMPRESSED   0x00000001   PAD
    0x200000ca   COMPRESSED   0x0000000c   Data   RW          228    .data.Morgh_prog    bird.o
    0x200000d6   COMPRESSED   0x00000004   Data   RW           82    .data.Ordak_Pos_ch  lcd_ch.o
    0x200000da   COMPRESSED   0x0000000c   Data   RW          234    .data.Ordak_prog    bird.o
    0x200000e6   COMPRESSED   0x00000003   Data   RW           92    .data.Rooz_Pos_ch   lcd_ch.o
    0x200000e9   COMPRESSED   0x00000005   Data   RW           90    .data.Rotobat_Pos_ch  lcd_ch.o
    0x200000ee   COMPRESSED   0x00000003   Data   RW           94    .data.Setter_Pos_ch  lcd_ch.o
    0x200000f1   COMPRESSED   0x00000001   PAD
    0x200000f2   COMPRESSED   0x0000000c   Data   RW          236    .data.ShotorMorgh_prog  bird.o
    0x200000fe   COMPRESSED   0x00000006   Data   RW           84    .data.Shotormorgh_Pos_ch  lcd_ch.o
    0x20000104   COMPRESSED   0x00000004   Data   RW         1288    .data.SystemCoreClock  system_stm32f0xx.o
    0x20000108   COMPRESSED   0x00000004   Data   RW           87    .data.Timer_Pos_ch  lcd_ch.o
    0x2000010c   COMPRESSED   0x00000004   Data   RW           91    .data.Zaman_Pos_ch  lcd_ch.o
    0x20000110   COMPRESSED   0x00000118   Data   RW           96    .data.custom_character  lcd_ch.o
    0x20000228   COMPRESSED   0x000000a0   Data   RW          237    .data.defaultBirds  bird.o
    0x200002c8   COMPRESSED   0x00000008   Data   RW          314    .data.defaultFan    heater_fan.o
    0x200002d0   COMPRESSED   0x00000008   Data   RW          315    .data.defaultHeater  heater_fan.o
    0x200002d8   COMPRESSED   0x0000001c   Data   RW          270    .data.defaultMotor  motor.o
    0x200002f4   COMPRESSED   0x00000004   PAD
    0x200002f8        -       0x00000012   Zero   RW          344    .bss..L_MergedGlobals  main.o
    0x2000030a   COMPRESSED   0x00000002   PAD
    0x2000030c        -       0x00000014   Zero   RW          182    .bss.Buzzer         buzzer.o
    0x20000320        -       0x00000001   Zero   RW          317    .bss.FanStateHum.flag_hum  heater_fan.o
    0x20000321        -       0x00000001   Zero   RW          316    .bss.FanStateTemp.flag_temp  heater_fan.o
    0x20000322   COMPRESSED   0x00000002   PAD
    0x20000324        -       0x00000050   Zero   RW          194    .bss.Keys           keys.o
    0x20000374        -       0x0000000a   Zero   RW          285    .bss.defaultSht     user_sht.o
    0x2000037e   COMPRESSED   0x00000002   PAD
    0x20000380        -       0x00000054   Zero   RW          367    .bss.hi2c1          i2c.o
    0x200003d4        -       0x00000068   Zero   RW          397    .bss.htim1          tim.o
    0x2000043c        -       0x00000068   Zero   RW          398    .bss.htim16         tim.o
    0x200004a4        -       0x00000068   Zero   RW          399    .bss.htim17         tim.o
    0x2000050c        -       0x00000004   Zero   RW          713    .bss.uwTick         stm32f0xx_hal.o
    0x20000510        -       0x00000400   Zero   RW            1    STACK               startup_stm32f030x6.o


==============================================================================

Image component sizes


      Code (inc. data)   RO Data    RW Data    ZI Data      Debug   Object Name

       236         12          0        304          0       2370   bird.o
       112         24          0         24         20       1710   buzzer.o
       172          4          0          0          0       3657   eeprom.o
       256         32          0          0          0       1756   gpio.o
       448         24          0         16          2       3836   heater_fan.o
       192         24          0          0         84       4679   i2c.o
       584         12          0          0          0       3322   i2c_hal.o
        72          8          0          0         80       1354   keys.o
       652         24        228        364          0       7907   lcd_ch.o
      7646        734        254          3         18      19753   main.o
       190          0          0         28          0       2237   motor.o
       364         32          0          0          0       5362   sht2x_bb.o
        28          8        176          0       1024        612   startup_stm32f030x6.o
       160         16          0          8          4       5191   stm32f0xx_hal.o
       148         24          0          0          0       5487   stm32f0xx_hal_cortex.o
       448         24          0          0          0       4813   stm32f0xx_hal_gpio.o
      1758         40          0          0          0      38408   stm32f0xx_hal_i2c.o
       124          0          0          0          0       4801   stm32f0xx_hal_i2c_ex.o
        44          4          0          0          0       1012   stm32f0xx_hal_msp.o
      1336         72          0          0          0       7121   stm32f0xx_hal_rcc.o
       248         12          0          0          0       3056   stm32f0xx_hal_rcc_ex.o
      1776         44          0          0          0      47532   stm32f0xx_hal_tim.o
       156          0          0          0          0      19536   stm32f0xx_hal_tim_ex.o
        48          8          0          0          0        900   stm32f0xx_it.o
         2          0         16          4          0       1726   system_stm32f0xx.o
       536         60          0          0        312       6882   tim.o
       170          4          0          0         10       1400   user_sht.o
       190          0          0          0          0       1882   user_time.o

    ----------------------------------------------------------------------
     18120       1246        708        756       1564     208302   Object Totals
         0          0         32          0          0          0   (incl. Generated)
        24          0          2          5         10          0   (incl. Padding)

    ----------------------------------------------------------------------

      Code (inc. data)   RO Data    RW Data    ZI Data      Debug   Library Member Name

        86          0          0          0          0          0   __dczerorl2.o
         0          0          0          0          0          0   entry.o
         0          0          0          0          0          0   entry10a.o
         0          0          0          0          0          0   entry11a.o
         8          4          0          0          0          0   entry2.o
         4          0          0          0          0          0   entry5.o
         0          0          0          0          0          0   entry7b.o
         0          0          0          0          0          0   entry8b.o
         8          4          0          0          0          0   entry9a.o
        30          0          0          0          0          0   handlers.o
        80          6          0          0          0         72   idiv_div0.o
        36          8          0          0          0         68   init.o
         0          0          0          0          0          0   iusefp.o
        32          0          0          0          0         68   llshl.o
        38          0          0          0          0         68   llsshr.o
        34          0          0          0          0         68   llushr.o
        26          0          0          0          0         72   memcmp.o
        36          0          0          0          0         60   memcpya.o
        36          0          0          0          0        100   memseta.o
      1190         48          0          0          0        384   printf8.o
        14          0          0          0          0         60   strlen.o
        62          0          0          0          0         72   uidiv_div0.o
        96          0          0          0          0         84   uldiv.o
        56          0          0          0          0         68   d2f.o
       356          4          0          0          0        140   dadd.o
       236          0          0          0          0        216   depilogue.o
        72         10          0          0          0         72   dfixi.o
        28          4          0          0          0         68   dfltui.o
       208          6          0          0          0         88   dmul.o
        40          0          0          0          0         60   f2d.o
       130          0          0          0          0        144   fepilogue.o

    ----------------------------------------------------------------------
      2952         94          0          0          0       2032   Library Totals
        10          0          0          0          0          0   (incl. Padding)

    ----------------------------------------------------------------------

      Code (inc. data)   RO Data    RW Data    ZI Data      Debug   Library Name

      1816         70          0          0          0       1176   mc_p.l
      1126         24          0          0          0        856   mf_p.l

    ----------------------------------------------------------------------
      2952         94          0          0          0       2032   Library Totals

    ----------------------------------------------------------------------

==============================================================================


      Code (inc. data)   RO Data    RW Data    ZI Data      Debug   

     21072       1340        708        756       1564     209174   Grand Totals
     21072       1340        708        488       1564     209174   ELF Image Totals (compressed)
     21072       1340        708        488          0          0   ROM Totals

==============================================================================

    Total RO  Size (Code + RO Data)                21780 (  21.27kB)
    Total RW  Size (RW Data + ZI Data)              2320 (   2.27kB)
    Total ROM Size (Code + RO Data + RW Data)      22268 (  21.75kB)

==============================================================================

