<!doctype html public "-//w3c//dtd html 4.0 transitional//en">
<html><head>
<title>Static Call Graph - [EggIncubator_HW41\EggIncubator_HW41.axf]</title></head>
<body><HR>
<H1>Static Call Graph for image EggIncubator_HW41\EggIncubator_HW41.axf</H1><HR>
<BR><P>#&#060CALLGRAPH&#062# ARM Linker, 6140002: Last Updated: Tue Apr 19 15:19:16 2022
<BR><P>
<H3>Maximum Stack Usage =        536 bytes + Unknown(Cycles, Untraceable Function Pointers)</H3><H3>
Call chain for Maximum Stack Depth:</H3>
main &rArr; ShtSave &rArr; EEWriteByte &rArr; HAL_I2C_Mem_Write &rArr; I2C_RequestMemoryWrite &rArr; I2C_WaitOnTXISFlagUntilTimeout &rArr; I2C_IsAcknowledgeFailed
<P>
<H3>
Mutually Recursive functions
</H3> <LI><a href="#[10]">ADC1_IRQHandler</a>&nbsp;&nbsp;&nbsp;&rArr;&nbsp;&nbsp;&nbsp;<a href="#[10]">ADC1_IRQHandler</a><BR>
 <LI><a href="#[2]">HardFault_Handler</a>&nbsp;&nbsp;&nbsp;&rArr;&nbsp;&nbsp;&nbsp;<a href="#[2]">HardFault_Handler</a><BR>
 <LI><a href="#[b1]">lcd_delay_us</a>&nbsp;&nbsp;&nbsp;&rArr;&nbsp;&nbsp;&nbsp;<a href="#[b1]">lcd_delay_us</a><BR>
 <LI><a href="#[1]">NMI_Handler</a>&nbsp;&nbsp;&nbsp;&rArr;&nbsp;&nbsp;&nbsp;<a href="#[1]">NMI_Handler</a><BR>
</UL>
<P>
<H3>
Function Pointers
</H3><UL>
 <LI><a href="#[10]">ADC1_IRQHandler</a> from startup_stm32f030x6.o(.text) referenced from startup_stm32f030x6.o(RESET)
 <LI><a href="#[d]">DMA1_Channel1_IRQHandler</a> from startup_stm32f030x6.o(.text) referenced from startup_stm32f030x6.o(RESET)
 <LI><a href="#[e]">DMA1_Channel2_3_IRQHandler</a> from startup_stm32f030x6.o(.text) referenced from startup_stm32f030x6.o(RESET)
 <LI><a href="#[f]">DMA1_Channel4_5_IRQHandler</a> from startup_stm32f030x6.o(.text) referenced from startup_stm32f030x6.o(RESET)
 <LI><a href="#[1f]">DelayMicroSeconds</a> from i2c_hal.o(.text.DelayMicroSeconds) referenced from i2c_hal.o(.text.I2c_WriteByte)
 <LI><a href="#[1d]">EEReadByte</a> from eeprom.o(.text.EEReadByte) referenced from bird.o(.text.BirdReadManual)
 <LI><a href="#[1d]">EEReadByte</a> from eeprom.o(.text.EEReadByte) referenced from heater_fan.o(.text.HeaterInit)
 <LI><a href="#[1e]">EEWriteByte</a> from eeprom.o(.text.EEWriteByte) referenced from bird.o(.text.BirdSaveManual)
 <LI><a href="#[1e]">EEWriteByte</a> from eeprom.o(.text.EEWriteByte) referenced from heater_fan.o(.text.HeaterSave)
 <LI><a href="#[a]">EXTI0_1_IRQHandler</a> from startup_stm32f030x6.o(.text) referenced from startup_stm32f030x6.o(RESET)
 <LI><a href="#[b]">EXTI2_3_IRQHandler</a> from startup_stm32f030x6.o(.text) referenced from startup_stm32f030x6.o(RESET)
 <LI><a href="#[c]">EXTI4_15_IRQHandler</a> from startup_stm32f030x6.o(.text) referenced from startup_stm32f030x6.o(RESET)
 <LI><a href="#[8]">FLASH_IRQHandler</a> from startup_stm32f030x6.o(.text) referenced from startup_stm32f030x6.o(RESET)
 <LI><a href="#[22]">HAL_GPIO_Init</a> from stm32f0xx_hal_gpio.o(.text.HAL_GPIO_Init) referenced from gpio.o(.text.MX_GPIO_Init)
 <LI><a href="#[20]">HAL_GPIO_WritePin</a> from stm32f0xx_hal_gpio.o(.text.HAL_GPIO_WritePin) referenced from lcd_ch.o(.text.LCD_4bit_send)
 <LI><a href="#[20]">HAL_GPIO_WritePin</a> from stm32f0xx_hal_gpio.o(.text.HAL_GPIO_WritePin) referenced from gpio.o(.text.MX_GPIO_Init)
 <LI><a href="#[20]">HAL_GPIO_WritePin</a> from stm32f0xx_hal_gpio.o(.text.HAL_GPIO_WritePin) referenced 2 times from main.o(.text.main)
 <LI><a href="#[2]">HardFault_Handler</a> from stm32f0xx_it.o(.text.HardFault_Handler) referenced from startup_stm32f030x6.o(RESET)
 <LI><a href="#[17]">I2C1_IRQHandler</a> from startup_stm32f030x6.o(.text) referenced from startup_stm32f030x6.o(RESET)
 <LI><a href="#[23]">I2c_ReadByte</a> from i2c_hal.o(.text.I2c_ReadByte) referenced from sht2x_bb.o(.text.SHT2x_MeasureHM)
 <LI><a href="#[21]">LCD_send</a> from lcd_ch.o(.text.LCD_send) referenced from lcd_ch.o(.text.LCD_init)
 <LI><a href="#[1]">NMI_Handler</a> from stm32f0xx_it.o(.text.NMI_Handler) referenced from startup_stm32f030x6.o(RESET)
 <LI><a href="#[4]">PendSV_Handler</a> from stm32f0xx_it.o(.text.PendSV_Handler) referenced from startup_stm32f030x6.o(RESET)
 <LI><a href="#[9]">RCC_IRQHandler</a> from startup_stm32f030x6.o(.text) referenced from startup_stm32f030x6.o(RESET)
 <LI><a href="#[7]">RTC_IRQHandler</a> from startup_stm32f030x6.o(.text) referenced from startup_stm32f030x6.o(RESET)
 <LI><a href="#[0]">Reset_Handler</a> from startup_stm32f030x6.o(.text) referenced from startup_stm32f030x6.o(RESET)
 <LI><a href="#[18]">SPI1_IRQHandler</a> from startup_stm32f030x6.o(.text) referenced from startup_stm32f030x6.o(RESET)
 <LI><a href="#[3]">SVC_Handler</a> from stm32f0xx_it.o(.text.SVC_Handler) referenced from startup_stm32f030x6.o(RESET)
 <LI><a href="#[5]">SysTick_Handler</a> from stm32f0xx_it.o(.text.SysTick_Handler) referenced from startup_stm32f030x6.o(RESET)
 <LI><a href="#[1b]">SystemInit</a> from system_stm32f0xx.o(.text.SystemInit) referenced from startup_stm32f030x6.o(.text)
 <LI><a href="#[14]">TIM14_IRQHandler</a> from startup_stm32f030x6.o(.text) referenced from startup_stm32f030x6.o(RESET)
 <LI><a href="#[15]">TIM16_IRQHandler</a> from stm32f0xx_it.o(.text.TIM16_IRQHandler) referenced from startup_stm32f030x6.o(RESET)
 <LI><a href="#[16]">TIM17_IRQHandler</a> from stm32f0xx_it.o(.text.TIM17_IRQHandler) referenced from startup_stm32f030x6.o(RESET)
 <LI><a href="#[11]">TIM1_BRK_UP_TRG_COM_IRQHandler</a> from startup_stm32f030x6.o(.text) referenced from startup_stm32f030x6.o(RESET)
 <LI><a href="#[12]">TIM1_CC_IRQHandler</a> from startup_stm32f030x6.o(.text) referenced from startup_stm32f030x6.o(RESET)
 <LI><a href="#[13]">TIM3_IRQHandler</a> from startup_stm32f030x6.o(.text) referenced from startup_stm32f030x6.o(RESET)
 <LI><a href="#[24]">TimeSave</a> from user_time.o(.text.TimeSave) referenced from main.o(.text.main)
 <LI><a href="#[19]">USART1_IRQHandler</a> from startup_stm32f030x6.o(.text) referenced from startup_stm32f030x6.o(RESET)
 <LI><a href="#[6]">WWDG_IRQHandler</a> from startup_stm32f030x6.o(.text) referenced from startup_stm32f030x6.o(RESET)
 <LI><a href="#[1c]">__main</a> from entry.o(.ARM.Collect$$$$00000000) referenced from startup_stm32f030x6.o(.text)
 <LI><a href="#[25]">_sputc</a> from printf8.o(i._sputc) referenced from printf8.o(i.__0sprintf$8)
 <LI><a href="#[1a]">main</a> from main.o(.text.main) referenced from entry9a.o(.ARM.Collect$$$$0000000B)
</UL>
<P>
<H3>
Global Symbols
</H3>
<P><STRONG><a name="[1c]"></a>__main</STRONG> (Thumb, 0 bytes, Stack size unknown bytes, entry.o(.ARM.Collect$$$$00000000))
<BR>[Address Reference Count : 1]<UL><LI> startup_stm32f030x6.o(.text)
</UL>
<P><STRONG><a name="[c4]"></a>_main_stk</STRONG> (Thumb, 0 bytes, Stack size unknown bytes, entry2.o(.ARM.Collect$$$$00000001))

<P><STRONG><a name="[26]"></a>_main_scatterload</STRONG> (Thumb, 0 bytes, Stack size unknown bytes, entry5.o(.ARM.Collect$$$$00000004))
<BR><BR>[Calls]<UL><LI><a href="#[27]">&gt;&gt;</a>&nbsp;&nbsp;&nbsp;__scatterload
</UL>

<P><STRONG><a name="[3d]"></a>__main_after_scatterload</STRONG> (Thumb, 0 bytes, Stack size unknown bytes, entry5.o(.ARM.Collect$$$$00000004))
<BR><BR>[Called By]<UL><LI><a href="#[27]">&gt;&gt;</a>&nbsp;&nbsp;&nbsp;__scatterload
</UL>

<P><STRONG><a name="[c5]"></a>_main_clock</STRONG> (Thumb, 0 bytes, Stack size unknown bytes, entry7b.o(.ARM.Collect$$$$00000008))

<P><STRONG><a name="[c6]"></a>_main_cpp_init</STRONG> (Thumb, 0 bytes, Stack size unknown bytes, entry8b.o(.ARM.Collect$$$$0000000A))

<P><STRONG><a name="[c7]"></a>_main_init</STRONG> (Thumb, 0 bytes, Stack size unknown bytes, entry9a.o(.ARM.Collect$$$$0000000B))

<P><STRONG><a name="[c8]"></a>__rt_final_cpp</STRONG> (Thumb, 0 bytes, Stack size unknown bytes, entry10a.o(.ARM.Collect$$$$0000000D))

<P><STRONG><a name="[c9]"></a>__rt_final_exit</STRONG> (Thumb, 0 bytes, Stack size unknown bytes, entry11a.o(.ARM.Collect$$$$0000000F))

<P><STRONG><a name="[0]"></a>Reset_Handler</STRONG> (Thumb, 8 bytes, Stack size 0 bytes, startup_stm32f030x6.o(.text))
<BR>[Address Reference Count : 1]<UL><LI> startup_stm32f030x6.o(RESET)
</UL>
<P><STRONG><a name="[10]"></a>ADC1_IRQHandler</STRONG> (Thumb, 0 bytes, Stack size 0 bytes, startup_stm32f030x6.o(.text))
<BR><BR>[Calls]<UL><LI><a href="#[10]">&gt;&gt;</a>&nbsp;&nbsp;&nbsp;ADC1_IRQHandler
</UL>
<BR>[Called By]<UL><LI><a href="#[10]">&gt;&gt;</a>&nbsp;&nbsp;&nbsp;ADC1_IRQHandler
</UL>
<BR>[Address Reference Count : 1]<UL><LI> startup_stm32f030x6.o(RESET)
</UL>
<P><STRONG><a name="[d]"></a>DMA1_Channel1_IRQHandler</STRONG> (Thumb, 0 bytes, Stack size 0 bytes, startup_stm32f030x6.o(.text))
<BR>[Address Reference Count : 1]<UL><LI> startup_stm32f030x6.o(RESET)
</UL>
<P><STRONG><a name="[e]"></a>DMA1_Channel2_3_IRQHandler</STRONG> (Thumb, 0 bytes, Stack size 0 bytes, startup_stm32f030x6.o(.text))
<BR>[Address Reference Count : 1]<UL><LI> startup_stm32f030x6.o(RESET)
</UL>
<P><STRONG><a name="[f]"></a>DMA1_Channel4_5_IRQHandler</STRONG> (Thumb, 0 bytes, Stack size 0 bytes, startup_stm32f030x6.o(.text))
<BR>[Address Reference Count : 1]<UL><LI> startup_stm32f030x6.o(RESET)
</UL>
<P><STRONG><a name="[a]"></a>EXTI0_1_IRQHandler</STRONG> (Thumb, 0 bytes, Stack size 0 bytes, startup_stm32f030x6.o(.text))
<BR>[Address Reference Count : 1]<UL><LI> startup_stm32f030x6.o(RESET)
</UL>
<P><STRONG><a name="[b]"></a>EXTI2_3_IRQHandler</STRONG> (Thumb, 0 bytes, Stack size 0 bytes, startup_stm32f030x6.o(.text))
<BR>[Address Reference Count : 1]<UL><LI> startup_stm32f030x6.o(RESET)
</UL>
<P><STRONG><a name="[c]"></a>EXTI4_15_IRQHandler</STRONG> (Thumb, 0 bytes, Stack size 0 bytes, startup_stm32f030x6.o(.text))
<BR>[Address Reference Count : 1]<UL><LI> startup_stm32f030x6.o(RESET)
</UL>
<P><STRONG><a name="[8]"></a>FLASH_IRQHandler</STRONG> (Thumb, 0 bytes, Stack size 0 bytes, startup_stm32f030x6.o(.text))
<BR>[Address Reference Count : 1]<UL><LI> startup_stm32f030x6.o(RESET)
</UL>
<P><STRONG><a name="[17]"></a>I2C1_IRQHandler</STRONG> (Thumb, 0 bytes, Stack size 0 bytes, startup_stm32f030x6.o(.text))
<BR>[Address Reference Count : 1]<UL><LI> startup_stm32f030x6.o(RESET)
</UL>
<P><STRONG><a name="[9]"></a>RCC_IRQHandler</STRONG> (Thumb, 0 bytes, Stack size 0 bytes, startup_stm32f030x6.o(.text))
<BR>[Address Reference Count : 1]<UL><LI> startup_stm32f030x6.o(RESET)
</UL>
<P><STRONG><a name="[7]"></a>RTC_IRQHandler</STRONG> (Thumb, 0 bytes, Stack size 0 bytes, startup_stm32f030x6.o(.text))
<BR>[Address Reference Count : 1]<UL><LI> startup_stm32f030x6.o(RESET)
</UL>
<P><STRONG><a name="[18]"></a>SPI1_IRQHandler</STRONG> (Thumb, 0 bytes, Stack size 0 bytes, startup_stm32f030x6.o(.text))
<BR>[Address Reference Count : 1]<UL><LI> startup_stm32f030x6.o(RESET)
</UL>
<P><STRONG><a name="[14]"></a>TIM14_IRQHandler</STRONG> (Thumb, 0 bytes, Stack size 0 bytes, startup_stm32f030x6.o(.text))
<BR>[Address Reference Count : 1]<UL><LI> startup_stm32f030x6.o(RESET)
</UL>
<P><STRONG><a name="[11]"></a>TIM1_BRK_UP_TRG_COM_IRQHandler</STRONG> (Thumb, 0 bytes, Stack size 0 bytes, startup_stm32f030x6.o(.text))
<BR>[Address Reference Count : 1]<UL><LI> startup_stm32f030x6.o(RESET)
</UL>
<P><STRONG><a name="[12]"></a>TIM1_CC_IRQHandler</STRONG> (Thumb, 0 bytes, Stack size 0 bytes, startup_stm32f030x6.o(.text))
<BR>[Address Reference Count : 1]<UL><LI> startup_stm32f030x6.o(RESET)
</UL>
<P><STRONG><a name="[13]"></a>TIM3_IRQHandler</STRONG> (Thumb, 0 bytes, Stack size 0 bytes, startup_stm32f030x6.o(.text))
<BR>[Address Reference Count : 1]<UL><LI> startup_stm32f030x6.o(RESET)
</UL>
<P><STRONG><a name="[19]"></a>USART1_IRQHandler</STRONG> (Thumb, 0 bytes, Stack size 0 bytes, startup_stm32f030x6.o(.text))
<BR>[Address Reference Count : 1]<UL><LI> startup_stm32f030x6.o(RESET)
</UL>
<P><STRONG><a name="[6]"></a>WWDG_IRQHandler</STRONG> (Thumb, 0 bytes, Stack size 0 bytes, startup_stm32f030x6.o(.text))
<BR>[Address Reference Count : 1]<UL><LI> startup_stm32f030x6.o(RESET)
</UL>
<P><STRONG><a name="[42]"></a>__aeabi_uidiv</STRONG> (Thumb, 0 bytes, Stack size 12 bytes, uidiv.o(.text))
<BR><BR>[Stack]<UL><LI>Max Depth = 12<LI>Call Chain = __aeabi_uidiv
</UL>
<BR>[Called By]<UL><LI><a href="#[43]">&gt;&gt;</a>&nbsp;&nbsp;&nbsp;BuzzerRepeatStart
<LI><a href="#[41]">&gt;&gt;</a>&nbsp;&nbsp;&nbsp;BuzzerOn
<LI><a href="#[1f]">&gt;&gt;</a>&nbsp;&nbsp;&nbsp;DelayMicroSeconds
<LI><a href="#[1a]">&gt;&gt;</a>&nbsp;&nbsp;&nbsp;main
<LI><a href="#[60]">&gt;&gt;</a>&nbsp;&nbsp;&nbsp;HAL_RCC_GetSysClockFreq
<LI><a href="#[59]">&gt;&gt;</a>&nbsp;&nbsp;&nbsp;HAL_InitTick
</UL>

<P><STRONG><a name="[29]"></a>__aeabi_uidivmod</STRONG> (Thumb, 44 bytes, Stack size 12 bytes, uidiv.o(.text))
<BR><BR>[Stack]<UL><LI>Max Depth = 12<LI>Call Chain = __aeabi_uidivmod
</UL>
<BR>[Called By]<UL><LI><a href="#[28]">&gt;&gt;</a>&nbsp;&nbsp;&nbsp;__aeabi_idivmod
</UL>

<P><STRONG><a name="[bc]"></a>__aeabi_idiv</STRONG> (Thumb, 0 bytes, Stack size 16 bytes, idiv.o(.text))
<BR><BR>[Stack]<UL><LI>Max Depth = 16<LI>Call Chain = __aeabi_idiv
</UL>
<BR>[Called By]<UL><LI><a href="#[b8]">&gt;&gt;</a>&nbsp;&nbsp;&nbsp;negativStr
<LI><a href="#[1a]">&gt;&gt;</a>&nbsp;&nbsp;&nbsp;main
</UL>

<P><STRONG><a name="[28]"></a>__aeabi_idivmod</STRONG> (Thumb, 40 bytes, Stack size 16 bytes, idiv.o(.text))
<BR><BR>[Stack]<UL><LI>Max Depth = 28<LI>Call Chain = __aeabi_idivmod &rArr; __aeabi_uidivmod
</UL>
<BR>[Calls]<UL><LI><a href="#[29]">&gt;&gt;</a>&nbsp;&nbsp;&nbsp;__aeabi_uidivmod
</UL>
<BR>[Called By]<UL><LI><a href="#[b8]">&gt;&gt;</a>&nbsp;&nbsp;&nbsp;negativStr
</UL>

<P><STRONG><a name="[38]"></a>__aeabi_llsr</STRONG> (Thumb, 34 bytes, Stack size 8 bytes, llushr.o(.text))
<BR><BR>[Stack]<UL><LI>Max Depth = 8<LI>Call Chain = __aeabi_llsr
</UL>
<BR>[Called By]<UL><LI><a href="#[37]">&gt;&gt;</a>&nbsp;&nbsp;&nbsp;__aeabi_d2iz
<LI><a href="#[3b]">&gt;&gt;</a>&nbsp;&nbsp;&nbsp;__aeabi_uldivmod
<LI><a href="#[30]">&gt;&gt;</a>&nbsp;&nbsp;&nbsp;_double_epilogue
</UL>

<P><STRONG><a name="[ca]"></a>_ll_ushift_r</STRONG> (Thumb, 0 bytes, Stack size 8 bytes, llushr.o(.text), UNUSED)

<P><STRONG><a name="[40]"></a>__aeabi_memcpy</STRONG> (Thumb, 36 bytes, Stack size 0 bytes, memcpya.o(.text))
<BR><BR>[Called By]<UL><LI><a href="#[3e]">&gt;&gt;</a>&nbsp;&nbsp;&nbsp;BirdInit
</UL>

<P><STRONG><a name="[cb]"></a>__aeabi_memcpy4</STRONG> (Thumb, 0 bytes, Stack size 0 bytes, memcpya.o(.text), UNUSED)

<P><STRONG><a name="[cc]"></a>__aeabi_memcpy8</STRONG> (Thumb, 0 bytes, Stack size 0 bytes, memcpya.o(.text), UNUSED)

<P><STRONG><a name="[2b]"></a>__aeabi_memset</STRONG> (Thumb, 14 bytes, Stack size 0 bytes, memseta.o(.text), UNUSED)
<BR><BR>[Called By]<UL><LI><a href="#[2c]">&gt;&gt;</a>&nbsp;&nbsp;&nbsp;_memset$wrapper
<LI><a href="#[2a]">&gt;&gt;</a>&nbsp;&nbsp;&nbsp;__aeabi_memclr
</UL>

<P><STRONG><a name="[cd]"></a>__aeabi_memset4</STRONG> (Thumb, 0 bytes, Stack size 0 bytes, memseta.o(.text), UNUSED)

<P><STRONG><a name="[ce]"></a>__aeabi_memset8</STRONG> (Thumb, 0 bytes, Stack size 0 bytes, memseta.o(.text), UNUSED)

<P><STRONG><a name="[2a]"></a>__aeabi_memclr</STRONG> (Thumb, 4 bytes, Stack size 0 bytes, memseta.o(.text), UNUSED)
<BR><BR>[Calls]<UL><LI><a href="#[2b]">&gt;&gt;</a>&nbsp;&nbsp;&nbsp;__aeabi_memset
</UL>

<P><STRONG><a name="[57]"></a>__aeabi_memclr4</STRONG> (Thumb, 0 bytes, Stack size 0 bytes, memseta.o(.text))
<BR><BR>[Called By]<UL><LI><a href="#[71]">&gt;&gt;</a>&nbsp;&nbsp;&nbsp;HAL_TIM_MspPostInit
<LI><a href="#[50]">&gt;&gt;</a>&nbsp;&nbsp;&nbsp;HAL_I2C_MspInit
<LI><a href="#[af]">&gt;&gt;</a>&nbsp;&nbsp;&nbsp;SystemClock_Config
<LI><a href="#[9f]">&gt;&gt;</a>&nbsp;&nbsp;&nbsp;MX_TIM1_Init
<LI><a href="#[99]">&gt;&gt;</a>&nbsp;&nbsp;&nbsp;MX_I2C1_Init
</UL>

<P><STRONG><a name="[cf]"></a>__aeabi_memclr8</STRONG> (Thumb, 0 bytes, Stack size 0 bytes, memseta.o(.text), UNUSED)

<P><STRONG><a name="[2c]"></a>_memset$wrapper</STRONG> (Thumb, 18 bytes, Stack size 8 bytes, memseta.o(.text), UNUSED)
<BR><BR>[Calls]<UL><LI><a href="#[2b]">&gt;&gt;</a>&nbsp;&nbsp;&nbsp;__aeabi_memset
</UL>

<P><STRONG><a name="[97]"></a>strlen</STRONG> (Thumb, 14 bytes, Stack size 0 bytes, strlen.o(.text))
<BR><BR>[Called By]<UL><LI><a href="#[96]">&gt;&gt;</a>&nbsp;&nbsp;&nbsp;LCD_putstralign
</UL>

<P><STRONG><a name="[bd]"></a>memcmp</STRONG> (Thumb, 26 bytes, Stack size 12 bytes, memcmp.o(.text))
<BR><BR>[Stack]<UL><LI>Max Depth = 12<LI>Call Chain = memcmp
</UL>
<BR>[Called By]<UL><LI><a href="#[1a]">&gt;&gt;</a>&nbsp;&nbsp;&nbsp;main
</UL>

<P><STRONG><a name="[2d]"></a>__aeabi_dadd</STRONG> (Thumb, 328 bytes, Stack size 48 bytes, dadd.o(.text))
<BR><BR>[Stack]<UL><LI>Max Depth = 104<LI>Call Chain = __aeabi_dadd &rArr; _double_epilogue &rArr; __aeabi_llsl
</UL>
<BR>[Calls]<UL><LI><a href="#[2f]">&gt;&gt;</a>&nbsp;&nbsp;&nbsp;__aeabi_lasr
<LI><a href="#[2e]">&gt;&gt;</a>&nbsp;&nbsp;&nbsp;__aeabi_llsl
<LI><a href="#[31]">&gt;&gt;</a>&nbsp;&nbsp;&nbsp;_double_round
<LI><a href="#[30]">&gt;&gt;</a>&nbsp;&nbsp;&nbsp;_double_epilogue
</UL>
<BR>[Called By]<UL><LI><a href="#[a8]">&gt;&gt;</a>&nbsp;&nbsp;&nbsp;SHT2x_CalcTemperatureC
<LI><a href="#[a6]">&gt;&gt;</a>&nbsp;&nbsp;&nbsp;SHT2x_CalcRH
<LI><a href="#[33]">&gt;&gt;</a>&nbsp;&nbsp;&nbsp;__aeabi_drsub
<LI><a href="#[32]">&gt;&gt;</a>&nbsp;&nbsp;&nbsp;__aeabi_dsub
</UL>

<P><STRONG><a name="[32]"></a>__aeabi_dsub</STRONG> (Thumb, 12 bytes, Stack size 8 bytes, dadd.o(.text), UNUSED)
<BR><BR>[Calls]<UL><LI><a href="#[2d]">&gt;&gt;</a>&nbsp;&nbsp;&nbsp;__aeabi_dadd
</UL>

<P><STRONG><a name="[33]"></a>__aeabi_drsub</STRONG> (Thumb, 12 bytes, Stack size 8 bytes, dadd.o(.text), UNUSED)
<BR><BR>[Calls]<UL><LI><a href="#[2d]">&gt;&gt;</a>&nbsp;&nbsp;&nbsp;__aeabi_dadd
</UL>

<P><STRONG><a name="[34]"></a>__aeabi_dmul</STRONG> (Thumb, 202 bytes, Stack size 72 bytes, dmul.o(.text))
<BR><BR>[Stack]<UL><LI>Max Depth = 128<LI>Call Chain = __aeabi_dmul &rArr; _double_epilogue &rArr; __aeabi_llsl
</UL>
<BR>[Calls]<UL><LI><a href="#[30]">&gt;&gt;</a>&nbsp;&nbsp;&nbsp;_double_epilogue
</UL>
<BR>[Called By]<UL><LI><a href="#[ac]">&gt;&gt;</a>&nbsp;&nbsp;&nbsp;ShtReadSensor
<LI><a href="#[a8]">&gt;&gt;</a>&nbsp;&nbsp;&nbsp;SHT2x_CalcTemperatureC
<LI><a href="#[a6]">&gt;&gt;</a>&nbsp;&nbsp;&nbsp;SHT2x_CalcRH
</UL>

<P><STRONG><a name="[35]"></a>__aeabi_ui2f</STRONG> (Thumb, 14 bytes, Stack size 8 bytes, ffltui.o(.text))
<BR><BR>[Stack]<UL><LI>Max Depth = 20<LI>Call Chain = __aeabi_ui2f &rArr; _float_epilogue
</UL>
<BR>[Calls]<UL><LI><a href="#[36]">&gt;&gt;</a>&nbsp;&nbsp;&nbsp;_float_epilogue
</UL>
<BR>[Called By]<UL><LI><a href="#[a8]">&gt;&gt;</a>&nbsp;&nbsp;&nbsp;SHT2x_CalcTemperatureC
<LI><a href="#[a6]">&gt;&gt;</a>&nbsp;&nbsp;&nbsp;SHT2x_CalcRH
</UL>

<P><STRONG><a name="[37]"></a>__aeabi_d2iz</STRONG> (Thumb, 62 bytes, Stack size 16 bytes, dfixi.o(.text))
<BR><BR>[Stack]<UL><LI>Max Depth = 24<LI>Call Chain = __aeabi_d2iz &rArr; __aeabi_llsr
</UL>
<BR>[Calls]<UL><LI><a href="#[38]">&gt;&gt;</a>&nbsp;&nbsp;&nbsp;__aeabi_llsr
</UL>
<BR>[Called By]<UL><LI><a href="#[ac]">&gt;&gt;</a>&nbsp;&nbsp;&nbsp;ShtReadSensor
</UL>

<P><STRONG><a name="[a7]"></a>__aeabi_f2d</STRONG> (Thumb, 40 bytes, Stack size 0 bytes, f2d.o(.text))
<BR><BR>[Called By]<UL><LI><a href="#[ac]">&gt;&gt;</a>&nbsp;&nbsp;&nbsp;ShtReadSensor
<LI><a href="#[a8]">&gt;&gt;</a>&nbsp;&nbsp;&nbsp;SHT2x_CalcTemperatureC
<LI><a href="#[a6]">&gt;&gt;</a>&nbsp;&nbsp;&nbsp;SHT2x_CalcRH
</UL>

<P><STRONG><a name="[39]"></a>__aeabi_d2f</STRONG> (Thumb, 56 bytes, Stack size 8 bytes, d2f.o(.text))
<BR><BR>[Stack]<UL><LI>Max Depth = 8<LI>Call Chain = __aeabi_d2f
</UL>
<BR>[Calls]<UL><LI><a href="#[3a]">&gt;&gt;</a>&nbsp;&nbsp;&nbsp;_float_round
</UL>
<BR>[Called By]<UL><LI><a href="#[a8]">&gt;&gt;</a>&nbsp;&nbsp;&nbsp;SHT2x_CalcTemperatureC
<LI><a href="#[a6]">&gt;&gt;</a>&nbsp;&nbsp;&nbsp;SHT2x_CalcRH
</UL>

<P><STRONG><a name="[3b]"></a>__aeabi_uldivmod</STRONG> (Thumb, 96 bytes, Stack size 48 bytes, uldiv.o(.text), UNUSED)
<BR><BR>[Calls]<UL><LI><a href="#[2e]">&gt;&gt;</a>&nbsp;&nbsp;&nbsp;__aeabi_llsl
<LI><a href="#[38]">&gt;&gt;</a>&nbsp;&nbsp;&nbsp;__aeabi_llsr
</UL>
<BR>[Called By]<UL><LI><a href="#[c1]">&gt;&gt;</a>&nbsp;&nbsp;&nbsp;_printf_core
</UL>

<P><STRONG><a name="[2e]"></a>__aeabi_llsl</STRONG> (Thumb, 32 bytes, Stack size 8 bytes, llshl.o(.text))
<BR><BR>[Stack]<UL><LI>Max Depth = 8<LI>Call Chain = __aeabi_llsl
</UL>
<BR>[Called By]<UL><LI><a href="#[2d]">&gt;&gt;</a>&nbsp;&nbsp;&nbsp;__aeabi_dadd
<LI><a href="#[3b]">&gt;&gt;</a>&nbsp;&nbsp;&nbsp;__aeabi_uldivmod
<LI><a href="#[30]">&gt;&gt;</a>&nbsp;&nbsp;&nbsp;_double_epilogue
</UL>

<P><STRONG><a name="[d0]"></a>_ll_shift_l</STRONG> (Thumb, 0 bytes, Stack size 8 bytes, llshl.o(.text), UNUSED)

<P><STRONG><a name="[2f]"></a>__aeabi_lasr</STRONG> (Thumb, 38 bytes, Stack size 8 bytes, llsshr.o(.text))
<BR><BR>[Stack]<UL><LI>Max Depth = 8<LI>Call Chain = __aeabi_lasr
</UL>
<BR>[Called By]<UL><LI><a href="#[2d]">&gt;&gt;</a>&nbsp;&nbsp;&nbsp;__aeabi_dadd
</UL>

<P><STRONG><a name="[d1]"></a>_ll_sshift_r</STRONG> (Thumb, 0 bytes, Stack size 8 bytes, llsshr.o(.text), UNUSED)

<P><STRONG><a name="[d2]"></a>__I$use$fp</STRONG> (Thumb, 0 bytes, Stack size 0 bytes, iusefp.o(.text), UNUSED)

<P><STRONG><a name="[3a]"></a>_float_round</STRONG> (Thumb, 16 bytes, Stack size 0 bytes, fepilogue.o(.text))
<BR><BR>[Called By]<UL><LI><a href="#[39]">&gt;&gt;</a>&nbsp;&nbsp;&nbsp;__aeabi_d2f
</UL>

<P><STRONG><a name="[36]"></a>_float_epilogue</STRONG> (Thumb, 114 bytes, Stack size 12 bytes, fepilogue.o(.text))
<BR><BR>[Stack]<UL><LI>Max Depth = 12<LI>Call Chain = _float_epilogue
</UL>
<BR>[Called By]<UL><LI><a href="#[35]">&gt;&gt;</a>&nbsp;&nbsp;&nbsp;__aeabi_ui2f
</UL>

<P><STRONG><a name="[31]"></a>_double_round</STRONG> (Thumb, 26 bytes, Stack size 8 bytes, depilogue.o(.text))
<BR><BR>[Stack]<UL><LI>Max Depth = 8<LI>Call Chain = _double_round
</UL>
<BR>[Called By]<UL><LI><a href="#[2d]">&gt;&gt;</a>&nbsp;&nbsp;&nbsp;__aeabi_dadd
<LI><a href="#[30]">&gt;&gt;</a>&nbsp;&nbsp;&nbsp;_double_epilogue
</UL>

<P><STRONG><a name="[30]"></a>_double_epilogue</STRONG> (Thumb, 164 bytes, Stack size 48 bytes, depilogue.o(.text))
<BR><BR>[Stack]<UL><LI>Max Depth = 56<LI>Call Chain = _double_epilogue &rArr; __aeabi_llsl
</UL>
<BR>[Calls]<UL><LI><a href="#[3c]">&gt;&gt;</a>&nbsp;&nbsp;&nbsp;__ARM_clz
<LI><a href="#[2e]">&gt;&gt;</a>&nbsp;&nbsp;&nbsp;__aeabi_llsl
<LI><a href="#[31]">&gt;&gt;</a>&nbsp;&nbsp;&nbsp;_double_round
<LI><a href="#[38]">&gt;&gt;</a>&nbsp;&nbsp;&nbsp;__aeabi_llsr
</UL>
<BR>[Called By]<UL><LI><a href="#[2d]">&gt;&gt;</a>&nbsp;&nbsp;&nbsp;__aeabi_dadd
<LI><a href="#[34]">&gt;&gt;</a>&nbsp;&nbsp;&nbsp;__aeabi_dmul
</UL>

<P><STRONG><a name="[27]"></a>__scatterload</STRONG> (Thumb, 28 bytes, Stack size 0 bytes, init.o(.text))
<BR><BR>[Calls]<UL><LI><a href="#[3d]">&gt;&gt;</a>&nbsp;&nbsp;&nbsp;__main_after_scatterload
</UL>
<BR>[Called By]<UL><LI><a href="#[26]">&gt;&gt;</a>&nbsp;&nbsp;&nbsp;_main_scatterload
</UL>

<P><STRONG><a name="[d3]"></a>__scatterload_rt2</STRONG> (Thumb, 0 bytes, Stack size 0 bytes, init.o(.text), UNUSED)

<P><STRONG><a name="[d4]"></a>__decompress</STRONG> (Thumb, 0 bytes, Stack size unknown bytes, __dczerorl2.o(.text), UNUSED)

<P><STRONG><a name="[d5]"></a>__decompress1</STRONG> (Thumb, 86 bytes, Stack size unknown bytes, __dczerorl2.o(.text), UNUSED)

<P><STRONG><a name="[3e]"></a>BirdInit</STRONG> (Thumb, 48 bytes, Stack size 8 bytes, bird.o(.text.BirdInit))
<BR><BR>[Stack]<UL><LI>Max Depth = 176<LI>Call Chain = BirdInit &rArr; EEReadByte &rArr; HAL_I2C_Mem_Read &rArr; I2C_RequestMemoryRead &rArr; I2C_WaitOnTXISFlagUntilTimeout &rArr; I2C_IsAcknowledgeFailed
</UL>
<BR>[Calls]<UL><LI><a href="#[3f]">&gt;&gt;</a>&nbsp;&nbsp;&nbsp;BirdReadManual
<LI><a href="#[1d]">&gt;&gt;</a>&nbsp;&nbsp;&nbsp;EEReadByte
<LI><a href="#[40]">&gt;&gt;</a>&nbsp;&nbsp;&nbsp;__aeabi_memcpy
</UL>
<BR>[Called By]<UL><LI><a href="#[1a]">&gt;&gt;</a>&nbsp;&nbsp;&nbsp;main
</UL>

<P><STRONG><a name="[3f]"></a>BirdReadManual</STRONG> (Thumb, 96 bytes, Stack size 16 bytes, bird.o(.text.BirdReadManual))
<BR><BR>[Stack]<UL><LI>Max Depth = 16<LI>Call Chain = BirdReadManual
</UL>
<BR>[Called By]<UL><LI><a href="#[3e]">&gt;&gt;</a>&nbsp;&nbsp;&nbsp;BirdInit
</UL>

<P><STRONG><a name="[b6]"></a>BirdSaveManual</STRONG> (Thumb, 92 bytes, Stack size 32 bytes, bird.o(.text.BirdSaveManual))
<BR><BR>[Stack]<UL><LI>Max Depth = 32<LI>Call Chain = BirdSaveManual
</UL>
<BR>[Called By]<UL><LI><a href="#[1a]">&gt;&gt;</a>&nbsp;&nbsp;&nbsp;main
</UL>

<P><STRONG><a name="[b4]"></a>BuzzerInit</STRONG> (Thumb, 28 bytes, Stack size 0 bytes, buzzer.o(.text.BuzzerInit))
<BR><BR>[Called By]<UL><LI><a href="#[1a]">&gt;&gt;</a>&nbsp;&nbsp;&nbsp;main
</UL>

<P><STRONG><a name="[41]"></a>BuzzerOn</STRONG> (Thumb, 24 bytes, Stack size 8 bytes, buzzer.o(.text.BuzzerOn))
<BR><BR>[Stack]<UL><LI>Max Depth = 20<LI>Call Chain = BuzzerOn &rArr; __aeabi_uidiv
</UL>
<BR>[Calls]<UL><LI><a href="#[42]">&gt;&gt;</a>&nbsp;&nbsp;&nbsp;__aeabi_uidiv
</UL>
<BR>[Called By]<UL><LI><a href="#[1a]">&gt;&gt;</a>&nbsp;&nbsp;&nbsp;main
</UL>

<P><STRONG><a name="[43]"></a>BuzzerRepeatStart</STRONG> (Thumb, 52 bytes, Stack size 16 bytes, buzzer.o(.text.BuzzerRepeatStart))
<BR><BR>[Stack]<UL><LI>Max Depth = 28<LI>Call Chain = BuzzerRepeatStart &rArr; __aeabi_uidiv
</UL>
<BR>[Calls]<UL><LI><a href="#[42]">&gt;&gt;</a>&nbsp;&nbsp;&nbsp;__aeabi_uidiv
</UL>
<BR>[Called By]<UL><LI><a href="#[1a]">&gt;&gt;</a>&nbsp;&nbsp;&nbsp;main
</UL>

<P><STRONG><a name="[be]"></a>BuzzerRepeatStop</STRONG> (Thumb, 12 bytes, Stack size 0 bytes, buzzer.o(.text.BuzzerRepeatStop))
<BR><BR>[Called By]<UL><LI><a href="#[1a]">&gt;&gt;</a>&nbsp;&nbsp;&nbsp;main
</UL>

<P><STRONG><a name="[1f]"></a>DelayMicroSeconds</STRONG> (Thumb, 26 bytes, Stack size 8 bytes, i2c_hal.o(.text.DelayMicroSeconds))
<BR><BR>[Stack]<UL><LI>Max Depth = 20<LI>Call Chain = DelayMicroSeconds &rArr; __aeabi_uidiv
</UL>
<BR>[Calls]<UL><LI><a href="#[42]">&gt;&gt;</a>&nbsp;&nbsp;&nbsp;__aeabi_uidiv
</UL>
<BR>[Called By]<UL><LI><a href="#[a9]">&gt;&gt;</a>&nbsp;&nbsp;&nbsp;SHT2x_MeasureHM
<LI><a href="#[86]">&gt;&gt;</a>&nbsp;&nbsp;&nbsp;I2c_StopCondition
<LI><a href="#[84]">&gt;&gt;</a>&nbsp;&nbsp;&nbsp;I2c_StartCondition
</UL>
<BR>[Address Reference Count : 1]<UL><LI> i2c_hal.o(.text.I2c_WriteByte)
</UL>
<P><STRONG><a name="[1d]"></a>EEReadByte</STRONG> (Thumb, 60 bytes, Stack size 40 bytes, eeprom.o(.text.EEReadByte))
<BR><BR>[Stack]<UL><LI>Max Depth = 168<LI>Call Chain = EEReadByte &rArr; HAL_I2C_Mem_Read &rArr; I2C_RequestMemoryRead &rArr; I2C_WaitOnTXISFlagUntilTimeout &rArr; I2C_IsAcknowledgeFailed
</UL>
<BR>[Calls]<UL><LI><a href="#[45]">&gt;&gt;</a>&nbsp;&nbsp;&nbsp;HAL_I2C_Mem_Read
<LI><a href="#[44]">&gt;&gt;</a>&nbsp;&nbsp;&nbsp;HAL_I2C_IsDeviceReady
<LI><a href="#[46]">&gt;&gt;</a>&nbsp;&nbsp;&nbsp;HAL_Delay
</UL>
<BR>[Called By]<UL><LI><a href="#[4c]">&gt;&gt;</a>&nbsp;&nbsp;&nbsp;FanInit
<LI><a href="#[ab]">&gt;&gt;</a>&nbsp;&nbsp;&nbsp;ShtInit
<LI><a href="#[a4]">&gt;&gt;</a>&nbsp;&nbsp;&nbsp;MotorInit
<LI><a href="#[b0]">&gt;&gt;</a>&nbsp;&nbsp;&nbsp;TimeInit
<LI><a href="#[3e]">&gt;&gt;</a>&nbsp;&nbsp;&nbsp;BirdInit
</UL>
<BR>[Address Reference Count : 2]<UL><LI> heater_fan.o(.text.HeaterInit)
<LI> bird.o(.text.BirdReadManual)
</UL>
<P><STRONG><a name="[1e]"></a>EEWriteByte</STRONG> (Thumb, 112 bytes, Stack size 56 bytes, eeprom.o(.text.EEWriteByte))
<BR><BR>[Stack]<UL><LI>Max Depth = 192<LI>Call Chain = EEWriteByte &rArr; HAL_I2C_Mem_Write &rArr; I2C_RequestMemoryWrite &rArr; I2C_WaitOnTXISFlagUntilTimeout &rArr; I2C_IsAcknowledgeFailed
</UL>
<BR>[Calls]<UL><LI><a href="#[47]">&gt;&gt;</a>&nbsp;&nbsp;&nbsp;HAL_I2C_Mem_Write
<LI><a href="#[44]">&gt;&gt;</a>&nbsp;&nbsp;&nbsp;HAL_I2C_IsDeviceReady
<LI><a href="#[20]">&gt;&gt;</a>&nbsp;&nbsp;&nbsp;HAL_GPIO_WritePin
<LI><a href="#[46]">&gt;&gt;</a>&nbsp;&nbsp;&nbsp;HAL_Delay
</UL>
<BR>[Called By]<UL><LI><a href="#[4d]">&gt;&gt;</a>&nbsp;&nbsp;&nbsp;FanSave
<LI><a href="#[ad]">&gt;&gt;</a>&nbsp;&nbsp;&nbsp;ShtSave
<LI><a href="#[24]">&gt;&gt;</a>&nbsp;&nbsp;&nbsp;TimeSave
<LI><a href="#[1a]">&gt;&gt;</a>&nbsp;&nbsp;&nbsp;main
</UL>
<BR>[Address Reference Count : 2]<UL><LI> heater_fan.o(.text.HeaterSave)
<LI> bird.o(.text.BirdSaveManual)
</UL>
<P><STRONG><a name="[9a]"></a>Error_Handler</STRONG> (Thumb, 8 bytes, Stack size 0 bytes, main.o(.text.Error_Handler))
<BR><BR>[Called By]<UL><LI><a href="#[9f]">&gt;&gt;</a>&nbsp;&nbsp;&nbsp;MX_TIM1_Init
<LI><a href="#[9e]">&gt;&gt;</a>&nbsp;&nbsp;&nbsp;MX_TIM17_Init
<LI><a href="#[9d]">&gt;&gt;</a>&nbsp;&nbsp;&nbsp;MX_TIM16_Init
<LI><a href="#[99]">&gt;&gt;</a>&nbsp;&nbsp;&nbsp;MX_I2C1_Init
</UL>

<P><STRONG><a name="[48]"></a>FanCheckTempHum</STRONG> (Thumb, 54 bytes, Stack size 32 bytes, heater_fan.o(.text.FanCheckTempHum))
<BR><BR>[Stack]<UL><LI>Max Depth = 48<LI>Call Chain = FanCheckTempHum &rArr; FanSetState
</UL>
<BR>[Calls]<UL><LI><a href="#[4a]">&gt;&gt;</a>&nbsp;&nbsp;&nbsp;FanStateTemp
<LI><a href="#[49]">&gt;&gt;</a>&nbsp;&nbsp;&nbsp;FanStateHum
<LI><a href="#[4b]">&gt;&gt;</a>&nbsp;&nbsp;&nbsp;FanSetState
</UL>
<BR>[Called By]<UL><LI><a href="#[1a]">&gt;&gt;</a>&nbsp;&nbsp;&nbsp;main
</UL>

<P><STRONG><a name="[4c]"></a>FanInit</STRONG> (Thumb, 30 bytes, Stack size 16 bytes, heater_fan.o(.text.FanInit))
<BR><BR>[Stack]<UL><LI>Max Depth = 184<LI>Call Chain = FanInit &rArr; EEReadByte &rArr; HAL_I2C_Mem_Read &rArr; I2C_RequestMemoryRead &rArr; I2C_WaitOnTXISFlagUntilTimeout &rArr; I2C_IsAcknowledgeFailed
</UL>
<BR>[Calls]<UL><LI><a href="#[1d]">&gt;&gt;</a>&nbsp;&nbsp;&nbsp;EEReadByte
</UL>
<BR>[Called By]<UL><LI><a href="#[1a]">&gt;&gt;</a>&nbsp;&nbsp;&nbsp;main
</UL>

<P><STRONG><a name="[4d]"></a>FanSave</STRONG> (Thumb, 32 bytes, Stack size 24 bytes, heater_fan.o(.text.FanSave))
<BR><BR>[Stack]<UL><LI>Max Depth = 216<LI>Call Chain = FanSave &rArr; EEWriteByte &rArr; HAL_I2C_Mem_Write &rArr; I2C_RequestMemoryWrite &rArr; I2C_WaitOnTXISFlagUntilTimeout &rArr; I2C_IsAcknowledgeFailed
</UL>
<BR>[Calls]<UL><LI><a href="#[1e]">&gt;&gt;</a>&nbsp;&nbsp;&nbsp;EEWriteByte
</UL>
<BR>[Called By]<UL><LI><a href="#[1a]">&gt;&gt;</a>&nbsp;&nbsp;&nbsp;main
</UL>

<P><STRONG><a name="[4b]"></a>FanSetState</STRONG> (Thumb, 36 bytes, Stack size 16 bytes, heater_fan.o(.text.FanSetState))
<BR><BR>[Stack]<UL><LI>Max Depth = 16<LI>Call Chain = FanSetState
</UL>
<BR>[Calls]<UL><LI><a href="#[20]">&gt;&gt;</a>&nbsp;&nbsp;&nbsp;HAL_GPIO_WritePin
</UL>
<BR>[Called By]<UL><LI><a href="#[48]">&gt;&gt;</a>&nbsp;&nbsp;&nbsp;FanCheckTempHum
<LI><a href="#[1a]">&gt;&gt;</a>&nbsp;&nbsp;&nbsp;main
</UL>

<P><STRONG><a name="[49]"></a>FanStateHum</STRONG> (Thumb, 32 bytes, Stack size 0 bytes, heater_fan.o(.text.FanStateHum))
<BR><BR>[Called By]<UL><LI><a href="#[48]">&gt;&gt;</a>&nbsp;&nbsp;&nbsp;FanCheckTempHum
</UL>

<P><STRONG><a name="[4a]"></a>FanStateTemp</STRONG> (Thumb, 32 bytes, Stack size 0 bytes, heater_fan.o(.text.FanStateTemp))
<BR><BR>[Called By]<UL><LI><a href="#[48]">&gt;&gt;</a>&nbsp;&nbsp;&nbsp;FanCheckTempHum
</UL>

<P><STRONG><a name="[ba]"></a>FindProgNum</STRONG> (Thumb, 64 bytes, Stack size 20 bytes, main.o(.text.FindProgNum))
<BR><BR>[Stack]<UL><LI>Max Depth = 20<LI>Call Chain = FindProgNum
</UL>
<BR>[Called By]<UL><LI><a href="#[1a]">&gt;&gt;</a>&nbsp;&nbsp;&nbsp;main
</UL>

<P><STRONG><a name="[46]"></a>HAL_Delay</STRONG> (Thumb, 36 bytes, Stack size 16 bytes, stm32f0xx_hal.o(.text.HAL_Delay))
<BR><BR>[Stack]<UL><LI>Max Depth = 16<LI>Call Chain = HAL_Delay
</UL>
<BR>[Calls]<UL><LI><a href="#[4e]">&gt;&gt;</a>&nbsp;&nbsp;&nbsp;HAL_GetTick
</UL>
<BR>[Called By]<UL><LI><a href="#[ac]">&gt;&gt;</a>&nbsp;&nbsp;&nbsp;ShtReadSensor
<LI><a href="#[1e]">&gt;&gt;</a>&nbsp;&nbsp;&nbsp;EEWriteByte
<LI><a href="#[1d]">&gt;&gt;</a>&nbsp;&nbsp;&nbsp;EEReadByte
<LI><a href="#[a9]">&gt;&gt;</a>&nbsp;&nbsp;&nbsp;SHT2x_MeasureHM
<LI><a href="#[93]">&gt;&gt;</a>&nbsp;&nbsp;&nbsp;LCD_init
<LI><a href="#[1a]">&gt;&gt;</a>&nbsp;&nbsp;&nbsp;main
</UL>

<P><STRONG><a name="[22]"></a>HAL_GPIO_Init</STRONG> (Thumb, 408 bytes, Stack size 52 bytes, stm32f0xx_hal_gpio.o(.text.HAL_GPIO_Init))
<BR><BR>[Stack]<UL><LI>Max Depth = 52<LI>Call Chain = HAL_GPIO_Init
</UL>
<BR>[Called By]<UL><LI><a href="#[83]">&gt;&gt;</a>&nbsp;&nbsp;&nbsp;SDA_OUTPUT
<LI><a href="#[81]">&gt;&gt;</a>&nbsp;&nbsp;&nbsp;SDA_CONF
<LI><a href="#[82]">&gt;&gt;</a>&nbsp;&nbsp;&nbsp;SCL_OUTPUT
<LI><a href="#[85]">&gt;&gt;</a>&nbsp;&nbsp;&nbsp;SCL_CONF
<LI><a href="#[71]">&gt;&gt;</a>&nbsp;&nbsp;&nbsp;HAL_TIM_MspPostInit
<LI><a href="#[50]">&gt;&gt;</a>&nbsp;&nbsp;&nbsp;HAL_I2C_MspInit
</UL>
<BR>[Address Reference Count : 1]<UL><LI> gpio.o(.text.MX_GPIO_Init)
</UL>
<P><STRONG><a name="[7b]"></a>HAL_GPIO_ReadPin</STRONG> (Thumb, 10 bytes, Stack size 0 bytes, stm32f0xx_hal_gpio.o(.text.HAL_GPIO_ReadPin))
<BR><BR>[Called By]<UL><LI><a href="#[a9]">&gt;&gt;</a>&nbsp;&nbsp;&nbsp;SHT2x_MeasureHM
<LI><a href="#[87]">&gt;&gt;</a>&nbsp;&nbsp;&nbsp;I2c_WriteByte
<LI><a href="#[23]">&gt;&gt;</a>&nbsp;&nbsp;&nbsp;I2c_ReadByte
<LI><a href="#[6d]">&gt;&gt;</a>&nbsp;&nbsp;&nbsp;HAL_TIM_PeriodElapsedCallback
</UL>

<P><STRONG><a name="[bf]"></a>HAL_GPIO_TogglePin</STRONG> (Thumb, 16 bytes, Stack size 0 bytes, stm32f0xx_hal_gpio.o(.text.HAL_GPIO_TogglePin))
<BR><BR>[Called By]<UL><LI><a href="#[1a]">&gt;&gt;</a>&nbsp;&nbsp;&nbsp;main
</UL>

<P><STRONG><a name="[20]"></a>HAL_GPIO_WritePin</STRONG> (Thumb, 14 bytes, Stack size 0 bytes, stm32f0xx_hal_gpio.o(.text.HAL_GPIO_WritePin))
<BR><BR>[Called By]<UL><LI><a href="#[7d]">&gt;&gt;</a>&nbsp;&nbsp;&nbsp;HeaterSetPercent
<LI><a href="#[7c]">&gt;&gt;</a>&nbsp;&nbsp;&nbsp;HeaterCheck
<LI><a href="#[4b]">&gt;&gt;</a>&nbsp;&nbsp;&nbsp;FanSetState
<LI><a href="#[a5]">&gt;&gt;</a>&nbsp;&nbsp;&nbsp;MotorSetState
<LI><a href="#[a2]">&gt;&gt;</a>&nbsp;&nbsp;&nbsp;MotorCheck
<LI><a href="#[1e]">&gt;&gt;</a>&nbsp;&nbsp;&nbsp;EEWriteByte
<LI><a href="#[83]">&gt;&gt;</a>&nbsp;&nbsp;&nbsp;SDA_OUTPUT
<LI><a href="#[82]">&gt;&gt;</a>&nbsp;&nbsp;&nbsp;SCL_OUTPUT
<LI><a href="#[87]">&gt;&gt;</a>&nbsp;&nbsp;&nbsp;I2c_WriteByte
<LI><a href="#[23]">&gt;&gt;</a>&nbsp;&nbsp;&nbsp;I2c_ReadByte
<LI><a href="#[8b]">&gt;&gt;</a>&nbsp;&nbsp;&nbsp;toggle_EN_pin
<LI><a href="#[21]">&gt;&gt;</a>&nbsp;&nbsp;&nbsp;LCD_send
<LI><a href="#[93]">&gt;&gt;</a>&nbsp;&nbsp;&nbsp;LCD_init
<LI><a href="#[1a]">&gt;&gt;</a>&nbsp;&nbsp;&nbsp;main
<LI><a href="#[6d]">&gt;&gt;</a>&nbsp;&nbsp;&nbsp;HAL_TIM_PeriodElapsedCallback
</UL>
<BR>[Address Reference Count : 3]<UL><LI> lcd_ch.o(.text.LCD_4bit_send)
<LI> main.o(.text.main)
<LI> gpio.o(.text.MX_GPIO_Init)
</UL>
<P><STRONG><a name="[4e]"></a>HAL_GetTick</STRONG> (Thumb, 12 bytes, Stack size 0 bytes, stm32f0xx_hal.o(.text.HAL_GetTick))
<BR><BR>[Called By]<UL><LI><a href="#[47]">&gt;&gt;</a>&nbsp;&nbsp;&nbsp;HAL_I2C_Mem_Write
<LI><a href="#[45]">&gt;&gt;</a>&nbsp;&nbsp;&nbsp;HAL_I2C_Mem_Read
<LI><a href="#[44]">&gt;&gt;</a>&nbsp;&nbsp;&nbsp;HAL_I2C_IsDeviceReady
<LI><a href="#[46]">&gt;&gt;</a>&nbsp;&nbsp;&nbsp;HAL_Delay
<LI><a href="#[61]">&gt;&gt;</a>&nbsp;&nbsp;&nbsp;HAL_RCC_OscConfig
<LI><a href="#[5f]">&gt;&gt;</a>&nbsp;&nbsp;&nbsp;HAL_RCC_ClockConfig
<LI><a href="#[5e]">&gt;&gt;</a>&nbsp;&nbsp;&nbsp;HAL_RCCEx_PeriphCLKConfig
<LI><a href="#[56]">&gt;&gt;</a>&nbsp;&nbsp;&nbsp;I2C_WaitOnTXISFlagUntilTimeout
<LI><a href="#[54]">&gt;&gt;</a>&nbsp;&nbsp;&nbsp;I2C_WaitOnSTOPFlagUntilTimeout
<LI><a href="#[51]">&gt;&gt;</a>&nbsp;&nbsp;&nbsp;I2C_WaitOnFlagUntilTimeout
<LI><a href="#[7f]">&gt;&gt;</a>&nbsp;&nbsp;&nbsp;I2C_IsAcknowledgeFailed
</UL>

<P><STRONG><a name="[9b]"></a>HAL_I2CEx_ConfigAnalogFilter</STRONG> (Thumb, 62 bytes, Stack size 16 bytes, stm32f0xx_hal_i2c_ex.o(.text.HAL_I2CEx_ConfigAnalogFilter))
<BR><BR>[Stack]<UL><LI>Max Depth = 16<LI>Call Chain = HAL_I2CEx_ConfigAnalogFilter
</UL>
<BR>[Called By]<UL><LI><a href="#[99]">&gt;&gt;</a>&nbsp;&nbsp;&nbsp;MX_I2C1_Init
</UL>

<P><STRONG><a name="[9c]"></a>HAL_I2CEx_ConfigDigitalFilter</STRONG> (Thumb, 62 bytes, Stack size 16 bytes, stm32f0xx_hal_i2c_ex.o(.text.HAL_I2CEx_ConfigDigitalFilter))
<BR><BR>[Stack]<UL><LI>Max Depth = 16<LI>Call Chain = HAL_I2CEx_ConfigDigitalFilter
</UL>
<BR>[Called By]<UL><LI><a href="#[99]">&gt;&gt;</a>&nbsp;&nbsp;&nbsp;MX_I2C1_Init
</UL>

<P><STRONG><a name="[4f]"></a>HAL_I2C_Init</STRONG> (Thumb, 156 bytes, Stack size 16 bytes, stm32f0xx_hal_i2c.o(.text.HAL_I2C_Init))
<BR><BR>[Stack]<UL><LI>Max Depth = 108<LI>Call Chain = HAL_I2C_Init &rArr; HAL_I2C_MspInit &rArr; HAL_GPIO_Init
</UL>
<BR>[Calls]<UL><LI><a href="#[50]">&gt;&gt;</a>&nbsp;&nbsp;&nbsp;HAL_I2C_MspInit
</UL>
<BR>[Called By]<UL><LI><a href="#[99]">&gt;&gt;</a>&nbsp;&nbsp;&nbsp;MX_I2C1_Init
</UL>

<P><STRONG><a name="[44]"></a>HAL_I2C_IsDeviceReady</STRONG> (Thumb, 284 bytes, Stack size 56 bytes, stm32f0xx_hal_i2c.o(.text.HAL_I2C_IsDeviceReady))
<BR><BR>[Stack]<UL><LI>Max Depth = 80<LI>Call Chain = HAL_I2C_IsDeviceReady &rArr; I2C_WaitOnFlagUntilTimeout
</UL>
<BR>[Calls]<UL><LI><a href="#[4e]">&gt;&gt;</a>&nbsp;&nbsp;&nbsp;HAL_GetTick
<LI><a href="#[51]">&gt;&gt;</a>&nbsp;&nbsp;&nbsp;I2C_WaitOnFlagUntilTimeout
</UL>
<BR>[Called By]<UL><LI><a href="#[1e]">&gt;&gt;</a>&nbsp;&nbsp;&nbsp;EEWriteByte
<LI><a href="#[1d]">&gt;&gt;</a>&nbsp;&nbsp;&nbsp;EEReadByte
</UL>

<P><STRONG><a name="[45]"></a>HAL_I2C_Mem_Read</STRONG> (Thumb, 352 bytes, Stack size 48 bytes, stm32f0xx_hal_i2c.o(.text.HAL_I2C_Mem_Read))
<BR><BR>[Stack]<UL><LI>Max Depth = 128<LI>Call Chain = HAL_I2C_Mem_Read &rArr; I2C_RequestMemoryRead &rArr; I2C_WaitOnTXISFlagUntilTimeout &rArr; I2C_IsAcknowledgeFailed
</UL>
<BR>[Calls]<UL><LI><a href="#[4e]">&gt;&gt;</a>&nbsp;&nbsp;&nbsp;HAL_GetTick
<LI><a href="#[54]">&gt;&gt;</a>&nbsp;&nbsp;&nbsp;I2C_WaitOnSTOPFlagUntilTimeout
<LI><a href="#[51]">&gt;&gt;</a>&nbsp;&nbsp;&nbsp;I2C_WaitOnFlagUntilTimeout
<LI><a href="#[53]">&gt;&gt;</a>&nbsp;&nbsp;&nbsp;I2C_TransferConfig
<LI><a href="#[52]">&gt;&gt;</a>&nbsp;&nbsp;&nbsp;I2C_RequestMemoryRead
</UL>
<BR>[Called By]<UL><LI><a href="#[1d]">&gt;&gt;</a>&nbsp;&nbsp;&nbsp;EEReadByte
</UL>

<P><STRONG><a name="[47]"></a>HAL_I2C_Mem_Write</STRONG> (Thumb, 352 bytes, Stack size 56 bytes, stm32f0xx_hal_i2c.o(.text.HAL_I2C_Mem_Write))
<BR><BR>[Stack]<UL><LI>Max Depth = 136<LI>Call Chain = HAL_I2C_Mem_Write &rArr; I2C_RequestMemoryWrite &rArr; I2C_WaitOnTXISFlagUntilTimeout &rArr; I2C_IsAcknowledgeFailed
</UL>
<BR>[Calls]<UL><LI><a href="#[4e]">&gt;&gt;</a>&nbsp;&nbsp;&nbsp;HAL_GetTick
<LI><a href="#[56]">&gt;&gt;</a>&nbsp;&nbsp;&nbsp;I2C_WaitOnTXISFlagUntilTimeout
<LI><a href="#[54]">&gt;&gt;</a>&nbsp;&nbsp;&nbsp;I2C_WaitOnSTOPFlagUntilTimeout
<LI><a href="#[51]">&gt;&gt;</a>&nbsp;&nbsp;&nbsp;I2C_WaitOnFlagUntilTimeout
<LI><a href="#[53]">&gt;&gt;</a>&nbsp;&nbsp;&nbsp;I2C_TransferConfig
<LI><a href="#[55]">&gt;&gt;</a>&nbsp;&nbsp;&nbsp;I2C_RequestMemoryWrite
</UL>
<BR>[Called By]<UL><LI><a href="#[1e]">&gt;&gt;</a>&nbsp;&nbsp;&nbsp;EEWriteByte
</UL>

<P><STRONG><a name="[50]"></a>HAL_I2C_MspInit</STRONG> (Thumb, 100 bytes, Stack size 40 bytes, i2c.o(.text.HAL_I2C_MspInit))
<BR><BR>[Stack]<UL><LI>Max Depth = 92<LI>Call Chain = HAL_I2C_MspInit &rArr; HAL_GPIO_Init
</UL>
<BR>[Calls]<UL><LI><a href="#[22]">&gt;&gt;</a>&nbsp;&nbsp;&nbsp;HAL_GPIO_Init
<LI><a href="#[57]">&gt;&gt;</a>&nbsp;&nbsp;&nbsp;__aeabi_memclr4
</UL>
<BR>[Called By]<UL><LI><a href="#[4f]">&gt;&gt;</a>&nbsp;&nbsp;&nbsp;HAL_I2C_Init
</UL>

<P><STRONG><a name="[ae]"></a>HAL_IncTick</STRONG> (Thumb, 20 bytes, Stack size 0 bytes, stm32f0xx_hal.o(.text.HAL_IncTick))
<BR><BR>[Called By]<UL><LI><a href="#[5]">&gt;&gt;</a>&nbsp;&nbsp;&nbsp;SysTick_Handler
</UL>

<P><STRONG><a name="[58]"></a>HAL_Init</STRONG> (Thumb, 28 bytes, Stack size 8 bytes, stm32f0xx_hal.o(.text.HAL_Init))
<BR><BR>[Stack]<UL><LI>Max Depth = 36<LI>Call Chain = HAL_Init &rArr; HAL_InitTick &rArr; __aeabi_uidiv
</UL>
<BR>[Calls]<UL><LI><a href="#[5a]">&gt;&gt;</a>&nbsp;&nbsp;&nbsp;HAL_MspInit
<LI><a href="#[59]">&gt;&gt;</a>&nbsp;&nbsp;&nbsp;HAL_InitTick
</UL>
<BR>[Called By]<UL><LI><a href="#[1a]">&gt;&gt;</a>&nbsp;&nbsp;&nbsp;main
</UL>

<P><STRONG><a name="[59]"></a>HAL_InitTick</STRONG> (Thumb, 64 bytes, Stack size 16 bytes, stm32f0xx_hal.o(.text.HAL_InitTick))
<BR><BR>[Stack]<UL><LI>Max Depth = 28<LI>Call Chain = HAL_InitTick &rArr; __aeabi_uidiv
</UL>
<BR>[Calls]<UL><LI><a href="#[5c]">&gt;&gt;</a>&nbsp;&nbsp;&nbsp;HAL_NVIC_SetPriority
<LI><a href="#[5b]">&gt;&gt;</a>&nbsp;&nbsp;&nbsp;HAL_SYSTICK_Config
<LI><a href="#[42]">&gt;&gt;</a>&nbsp;&nbsp;&nbsp;__aeabi_uidiv
</UL>
<BR>[Called By]<UL><LI><a href="#[5f]">&gt;&gt;</a>&nbsp;&nbsp;&nbsp;HAL_RCC_ClockConfig
<LI><a href="#[58]">&gt;&gt;</a>&nbsp;&nbsp;&nbsp;HAL_Init
</UL>

<P><STRONG><a name="[5a]"></a>HAL_MspInit</STRONG> (Thumb, 44 bytes, Stack size 8 bytes, stm32f0xx_hal_msp.o(.text.HAL_MspInit))
<BR><BR>[Stack]<UL><LI>Max Depth = 8<LI>Call Chain = HAL_MspInit
</UL>
<BR>[Called By]<UL><LI><a href="#[58]">&gt;&gt;</a>&nbsp;&nbsp;&nbsp;HAL_Init
</UL>

<P><STRONG><a name="[65]"></a>HAL_NVIC_EnableIRQ</STRONG> (Thumb, 24 bytes, Stack size 0 bytes, stm32f0xx_hal_cortex.o(.text.HAL_NVIC_EnableIRQ))
<BR><BR>[Called By]<UL><LI><a href="#[63]">&gt;&gt;</a>&nbsp;&nbsp;&nbsp;HAL_TIM_Base_MspInit
</UL>

<P><STRONG><a name="[5c]"></a>HAL_NVIC_SetPriority</STRONG> (Thumb, 8 bytes, Stack size 8 bytes, stm32f0xx_hal_cortex.o(.text.HAL_NVIC_SetPriority))
<BR><BR>[Stack]<UL><LI>Max Depth = 8<LI>Call Chain = HAL_NVIC_SetPriority
</UL>
<BR>[Calls]<UL><LI><a href="#[5d]">&gt;&gt;</a>&nbsp;&nbsp;&nbsp;__NVIC_SetPriority
</UL>
<BR>[Called By]<UL><LI><a href="#[63]">&gt;&gt;</a>&nbsp;&nbsp;&nbsp;HAL_TIM_Base_MspInit
<LI><a href="#[59]">&gt;&gt;</a>&nbsp;&nbsp;&nbsp;HAL_InitTick
</UL>

<P><STRONG><a name="[5e]"></a>HAL_RCCEx_PeriphCLKConfig</STRONG> (Thumb, 252 bytes, Stack size 40 bytes, stm32f0xx_hal_rcc_ex.o(.text.HAL_RCCEx_PeriphCLKConfig))
<BR><BR>[Stack]<UL><LI>Max Depth = 40<LI>Call Chain = HAL_RCCEx_PeriphCLKConfig
</UL>
<BR>[Calls]<UL><LI><a href="#[4e]">&gt;&gt;</a>&nbsp;&nbsp;&nbsp;HAL_GetTick
</UL>
<BR>[Called By]<UL><LI><a href="#[af]">&gt;&gt;</a>&nbsp;&nbsp;&nbsp;SystemClock_Config
</UL>

<P><STRONG><a name="[5f]"></a>HAL_RCC_ClockConfig</STRONG> (Thumb, 268 bytes, Stack size 24 bytes, stm32f0xx_hal_rcc.o(.text.HAL_RCC_ClockConfig))
<BR><BR>[Stack]<UL><LI>Max Depth = 52<LI>Call Chain = HAL_RCC_ClockConfig &rArr; HAL_InitTick &rArr; __aeabi_uidiv
</UL>
<BR>[Calls]<UL><LI><a href="#[60]">&gt;&gt;</a>&nbsp;&nbsp;&nbsp;HAL_RCC_GetSysClockFreq
<LI><a href="#[59]">&gt;&gt;</a>&nbsp;&nbsp;&nbsp;HAL_InitTick
<LI><a href="#[4e]">&gt;&gt;</a>&nbsp;&nbsp;&nbsp;HAL_GetTick
</UL>
<BR>[Called By]<UL><LI><a href="#[af]">&gt;&gt;</a>&nbsp;&nbsp;&nbsp;SystemClock_Config
</UL>

<P><STRONG><a name="[60]"></a>HAL_RCC_GetSysClockFreq</STRONG> (Thumb, 100 bytes, Stack size 8 bytes, stm32f0xx_hal_rcc.o(.text.HAL_RCC_GetSysClockFreq))
<BR><BR>[Stack]<UL><LI>Max Depth = 20<LI>Call Chain = HAL_RCC_GetSysClockFreq &rArr; __aeabi_uidiv
</UL>
<BR>[Calls]<UL><LI><a href="#[42]">&gt;&gt;</a>&nbsp;&nbsp;&nbsp;__aeabi_uidiv
</UL>
<BR>[Called By]<UL><LI><a href="#[5f]">&gt;&gt;</a>&nbsp;&nbsp;&nbsp;HAL_RCC_ClockConfig
</UL>

<P><STRONG><a name="[61]"></a>HAL_RCC_OscConfig</STRONG> (Thumb, 1000 bytes, Stack size 48 bytes, stm32f0xx_hal_rcc.o(.text.HAL_RCC_OscConfig))
<BR><BR>[Stack]<UL><LI>Max Depth = 48<LI>Call Chain = HAL_RCC_OscConfig
</UL>
<BR>[Calls]<UL><LI><a href="#[4e]">&gt;&gt;</a>&nbsp;&nbsp;&nbsp;HAL_GetTick
</UL>
<BR>[Called By]<UL><LI><a href="#[af]">&gt;&gt;</a>&nbsp;&nbsp;&nbsp;SystemClock_Config
</UL>

<P><STRONG><a name="[5b]"></a>HAL_SYSTICK_Config</STRONG> (Thumb, 52 bytes, Stack size 0 bytes, stm32f0xx_hal_cortex.o(.text.HAL_SYSTICK_Config))
<BR><BR>[Called By]<UL><LI><a href="#[59]">&gt;&gt;</a>&nbsp;&nbsp;&nbsp;HAL_InitTick
</UL>

<P><STRONG><a name="[6e]"></a>HAL_TIMEx_BreakCallback</STRONG> (Thumb, 2 bytes, Stack size 0 bytes, stm32f0xx_hal_tim_ex.o(.text.HAL_TIMEx_BreakCallback))
<BR><BR>[Called By]<UL><LI><a href="#[69]">&gt;&gt;</a>&nbsp;&nbsp;&nbsp;HAL_TIM_IRQHandler
</UL>

<P><STRONG><a name="[70]"></a>HAL_TIMEx_CommutCallback</STRONG> (Thumb, 2 bytes, Stack size 0 bytes, stm32f0xx_hal_tim_ex.o(.text.HAL_TIMEx_CommutCallback))
<BR><BR>[Called By]<UL><LI><a href="#[69]">&gt;&gt;</a>&nbsp;&nbsp;&nbsp;HAL_TIM_IRQHandler
</UL>

<P><STRONG><a name="[a1]"></a>HAL_TIMEx_ConfigBreakDeadTime</STRONG> (Thumb, 84 bytes, Stack size 16 bytes, stm32f0xx_hal_tim_ex.o(.text.HAL_TIMEx_ConfigBreakDeadTime))
<BR><BR>[Stack]<UL><LI>Max Depth = 16<LI>Call Chain = HAL_TIMEx_ConfigBreakDeadTime
</UL>
<BR>[Called By]<UL><LI><a href="#[9f]">&gt;&gt;</a>&nbsp;&nbsp;&nbsp;MX_TIM1_Init
</UL>

<P><STRONG><a name="[a0]"></a>HAL_TIMEx_MasterConfigSynchronization</STRONG> (Thumb, 68 bytes, Stack size 16 bytes, stm32f0xx_hal_tim_ex.o(.text.HAL_TIMEx_MasterConfigSynchronization))
<BR><BR>[Stack]<UL><LI>Max Depth = 16<LI>Call Chain = HAL_TIMEx_MasterConfigSynchronization
</UL>
<BR>[Called By]<UL><LI><a href="#[9f]">&gt;&gt;</a>&nbsp;&nbsp;&nbsp;MX_TIM1_Init
</UL>

<P><STRONG><a name="[62]"></a>HAL_TIM_Base_Init</STRONG> (Thumb, 66 bytes, Stack size 8 bytes, stm32f0xx_hal_tim.o(.text.HAL_TIM_Base_Init))
<BR><BR>[Stack]<UL><LI>Max Depth = 40<LI>Call Chain = HAL_TIM_Base_Init &rArr; HAL_TIM_Base_MspInit &rArr; HAL_NVIC_SetPriority
</UL>
<BR>[Calls]<UL><LI><a href="#[63]">&gt;&gt;</a>&nbsp;&nbsp;&nbsp;HAL_TIM_Base_MspInit
<LI><a href="#[64]">&gt;&gt;</a>&nbsp;&nbsp;&nbsp;TIM_Base_SetConfig
</UL>
<BR>[Called By]<UL><LI><a href="#[9f]">&gt;&gt;</a>&nbsp;&nbsp;&nbsp;MX_TIM1_Init
<LI><a href="#[9e]">&gt;&gt;</a>&nbsp;&nbsp;&nbsp;MX_TIM17_Init
<LI><a href="#[9d]">&gt;&gt;</a>&nbsp;&nbsp;&nbsp;MX_TIM16_Init
</UL>

<P><STRONG><a name="[63]"></a>HAL_TIM_Base_MspInit</STRONG> (Thumb, 124 bytes, Stack size 24 bytes, tim.o(.text.HAL_TIM_Base_MspInit))
<BR><BR>[Stack]<UL><LI>Max Depth = 32<LI>Call Chain = HAL_TIM_Base_MspInit &rArr; HAL_NVIC_SetPriority
</UL>
<BR>[Calls]<UL><LI><a href="#[5c]">&gt;&gt;</a>&nbsp;&nbsp;&nbsp;HAL_NVIC_SetPriority
<LI><a href="#[65]">&gt;&gt;</a>&nbsp;&nbsp;&nbsp;HAL_NVIC_EnableIRQ
</UL>
<BR>[Called By]<UL><LI><a href="#[62]">&gt;&gt;</a>&nbsp;&nbsp;&nbsp;HAL_TIM_Base_Init
</UL>

<P><STRONG><a name="[b3]"></a>HAL_TIM_Base_Start_IT</STRONG> (Thumb, 72 bytes, Stack size 0 bytes, stm32f0xx_hal_tim.o(.text.HAL_TIM_Base_Start_IT))
<BR><BR>[Called By]<UL><LI><a href="#[1a]">&gt;&gt;</a>&nbsp;&nbsp;&nbsp;main
</UL>

<P><STRONG><a name="[66]"></a>HAL_TIM_ConfigClockSource</STRONG> (Thumb, 240 bytes, Stack size 24 bytes, stm32f0xx_hal_tim.o(.text.HAL_TIM_ConfigClockSource))
<BR><BR>[Stack]<UL><LI>Max Depth = 40<LI>Call Chain = HAL_TIM_ConfigClockSource &rArr; TIM_TI1_ConfigInputStage
</UL>
<BR>[Calls]<UL><LI><a href="#[68]">&gt;&gt;</a>&nbsp;&nbsp;&nbsp;TIM_TI2_ConfigInputStage
<LI><a href="#[67]">&gt;&gt;</a>&nbsp;&nbsp;&nbsp;TIM_TI1_ConfigInputStage
</UL>
<BR>[Called By]<UL><LI><a href="#[9f]">&gt;&gt;</a>&nbsp;&nbsp;&nbsp;MX_TIM1_Init
</UL>

<P><STRONG><a name="[6a]"></a>HAL_TIM_IC_CaptureCallback</STRONG> (Thumb, 2 bytes, Stack size 0 bytes, stm32f0xx_hal_tim.o(.text.HAL_TIM_IC_CaptureCallback))
<BR><BR>[Called By]<UL><LI><a href="#[69]">&gt;&gt;</a>&nbsp;&nbsp;&nbsp;HAL_TIM_IRQHandler
</UL>

<P><STRONG><a name="[69]"></a>HAL_TIM_IRQHandler</STRONG> (Thumb, 328 bytes, Stack size 16 bytes, stm32f0xx_hal_tim.o(.text.HAL_TIM_IRQHandler))
<BR><BR>[Stack]<UL><LI>Max Depth = 40<LI>Call Chain = HAL_TIM_IRQHandler &rArr; HAL_TIM_PeriodElapsedCallback
</UL>
<BR>[Calls]<UL><LI><a href="#[6d]">&gt;&gt;</a>&nbsp;&nbsp;&nbsp;HAL_TIM_PeriodElapsedCallback
<LI><a href="#[6f]">&gt;&gt;</a>&nbsp;&nbsp;&nbsp;HAL_TIM_TriggerCallback
<LI><a href="#[6c]">&gt;&gt;</a>&nbsp;&nbsp;&nbsp;HAL_TIM_PWM_PulseFinishedCallback
<LI><a href="#[6b]">&gt;&gt;</a>&nbsp;&nbsp;&nbsp;HAL_TIM_OC_DelayElapsedCallback
<LI><a href="#[6a]">&gt;&gt;</a>&nbsp;&nbsp;&nbsp;HAL_TIM_IC_CaptureCallback
<LI><a href="#[70]">&gt;&gt;</a>&nbsp;&nbsp;&nbsp;HAL_TIMEx_CommutCallback
<LI><a href="#[6e]">&gt;&gt;</a>&nbsp;&nbsp;&nbsp;HAL_TIMEx_BreakCallback
</UL>
<BR>[Called By]<UL><LI><a href="#[16]">&gt;&gt;</a>&nbsp;&nbsp;&nbsp;TIM17_IRQHandler
<LI><a href="#[15]">&gt;&gt;</a>&nbsp;&nbsp;&nbsp;TIM16_IRQHandler
</UL>

<P><STRONG><a name="[71]"></a>HAL_TIM_MspPostInit</STRONG> (Thumb, 80 bytes, Stack size 32 bytes, tim.o(.text.HAL_TIM_MspPostInit))
<BR><BR>[Stack]<UL><LI>Max Depth = 84<LI>Call Chain = HAL_TIM_MspPostInit &rArr; HAL_GPIO_Init
</UL>
<BR>[Calls]<UL><LI><a href="#[22]">&gt;&gt;</a>&nbsp;&nbsp;&nbsp;HAL_GPIO_Init
<LI><a href="#[57]">&gt;&gt;</a>&nbsp;&nbsp;&nbsp;__aeabi_memclr4
</UL>
<BR>[Called By]<UL><LI><a href="#[9f]">&gt;&gt;</a>&nbsp;&nbsp;&nbsp;MX_TIM1_Init
</UL>

<P><STRONG><a name="[6b]"></a>HAL_TIM_OC_DelayElapsedCallback</STRONG> (Thumb, 2 bytes, Stack size 0 bytes, stm32f0xx_hal_tim.o(.text.HAL_TIM_OC_DelayElapsedCallback))
<BR><BR>[Called By]<UL><LI><a href="#[69]">&gt;&gt;</a>&nbsp;&nbsp;&nbsp;HAL_TIM_IRQHandler
</UL>

<P><STRONG><a name="[72]"></a>HAL_TIM_PWM_ConfigChannel</STRONG> (Thumb, 184 bytes, Stack size 16 bytes, stm32f0xx_hal_tim.o(.text.HAL_TIM_PWM_ConfigChannel))
<BR><BR>[Stack]<UL><LI>Max Depth = 40<LI>Call Chain = HAL_TIM_PWM_ConfigChannel &rArr; TIM_OC3_SetConfig
</UL>
<BR>[Calls]<UL><LI><a href="#[74]">&gt;&gt;</a>&nbsp;&nbsp;&nbsp;TIM_OC2_SetConfig
<LI><a href="#[76]">&gt;&gt;</a>&nbsp;&nbsp;&nbsp;TIM_OC4_SetConfig
<LI><a href="#[75]">&gt;&gt;</a>&nbsp;&nbsp;&nbsp;TIM_OC3_SetConfig
<LI><a href="#[73]">&gt;&gt;</a>&nbsp;&nbsp;&nbsp;TIM_OC1_SetConfig
</UL>
<BR>[Called By]<UL><LI><a href="#[9f]">&gt;&gt;</a>&nbsp;&nbsp;&nbsp;MX_TIM1_Init
</UL>

<P><STRONG><a name="[77]"></a>HAL_TIM_PWM_Init</STRONG> (Thumb, 66 bytes, Stack size 8 bytes, stm32f0xx_hal_tim.o(.text.HAL_TIM_PWM_Init))
<BR><BR>[Stack]<UL><LI>Max Depth = 16<LI>Call Chain = HAL_TIM_PWM_Init &rArr; TIM_Base_SetConfig
</UL>
<BR>[Calls]<UL><LI><a href="#[64]">&gt;&gt;</a>&nbsp;&nbsp;&nbsp;TIM_Base_SetConfig
<LI><a href="#[78]">&gt;&gt;</a>&nbsp;&nbsp;&nbsp;HAL_TIM_PWM_MspInit
</UL>
<BR>[Called By]<UL><LI><a href="#[9f]">&gt;&gt;</a>&nbsp;&nbsp;&nbsp;MX_TIM1_Init
</UL>

<P><STRONG><a name="[78]"></a>HAL_TIM_PWM_MspInit</STRONG> (Thumb, 2 bytes, Stack size 0 bytes, stm32f0xx_hal_tim.o(.text.HAL_TIM_PWM_MspInit))
<BR><BR>[Called By]<UL><LI><a href="#[77]">&gt;&gt;</a>&nbsp;&nbsp;&nbsp;HAL_TIM_PWM_Init
</UL>

<P><STRONG><a name="[6c]"></a>HAL_TIM_PWM_PulseFinishedCallback</STRONG> (Thumb, 2 bytes, Stack size 0 bytes, stm32f0xx_hal_tim.o(.text.HAL_TIM_PWM_PulseFinishedCallback))
<BR><BR>[Called By]<UL><LI><a href="#[69]">&gt;&gt;</a>&nbsp;&nbsp;&nbsp;HAL_TIM_IRQHandler
</UL>

<P><STRONG><a name="[79]"></a>HAL_TIM_PWM_Start</STRONG> (Thumb, 160 bytes, Stack size 16 bytes, stm32f0xx_hal_tim.o(.text.HAL_TIM_PWM_Start))
<BR><BR>[Stack]<UL><LI>Max Depth = 24<LI>Call Chain = HAL_TIM_PWM_Start &rArr; TIM_CCxChannelCmd
</UL>
<BR>[Calls]<UL><LI><a href="#[7a]">&gt;&gt;</a>&nbsp;&nbsp;&nbsp;TIM_CCxChannelCmd
</UL>
<BR>[Called By]<UL><LI><a href="#[7e]">&gt;&gt;</a>&nbsp;&nbsp;&nbsp;HeaterInit
</UL>

<P><STRONG><a name="[6d]"></a>HAL_TIM_PeriodElapsedCallback</STRONG> (Thumb, 280 bytes, Stack size 24 bytes, main.o(.text.HAL_TIM_PeriodElapsedCallback))
<BR><BR>[Stack]<UL><LI>Max Depth = 24<LI>Call Chain = HAL_TIM_PeriodElapsedCallback
</UL>
<BR>[Calls]<UL><LI><a href="#[7b]">&gt;&gt;</a>&nbsp;&nbsp;&nbsp;HAL_GPIO_ReadPin
<LI><a href="#[20]">&gt;&gt;</a>&nbsp;&nbsp;&nbsp;HAL_GPIO_WritePin
</UL>
<BR>[Called By]<UL><LI><a href="#[69]">&gt;&gt;</a>&nbsp;&nbsp;&nbsp;HAL_TIM_IRQHandler
</UL>

<P><STRONG><a name="[6f]"></a>HAL_TIM_TriggerCallback</STRONG> (Thumb, 2 bytes, Stack size 0 bytes, stm32f0xx_hal_tim.o(.text.HAL_TIM_TriggerCallback))
<BR><BR>[Called By]<UL><LI><a href="#[69]">&gt;&gt;</a>&nbsp;&nbsp;&nbsp;HAL_TIM_IRQHandler
</UL>

<P><STRONG><a name="[2]"></a>HardFault_Handler</STRONG> (Thumb, 2 bytes, Stack size 0 bytes, stm32f0xx_it.o(.text.HardFault_Handler))
<BR><BR>[Calls]<UL><LI><a href="#[2]">&gt;&gt;</a>&nbsp;&nbsp;&nbsp;HardFault_Handler
</UL>
<BR>[Called By]<UL><LI><a href="#[2]">&gt;&gt;</a>&nbsp;&nbsp;&nbsp;HardFault_Handler
</UL>
<BR>[Address Reference Count : 1]<UL><LI> startup_stm32f030x6.o(RESET)
</UL>
<P><STRONG><a name="[7c]"></a>HeaterCheck</STRONG> (Thumb, 68 bytes, Stack size 24 bytes, heater_fan.o(.text.HeaterCheck))
<BR><BR>[Stack]<UL><LI>Max Depth = 32<LI>Call Chain = HeaterCheck &rArr; HeaterSetPercent
</UL>
<BR>[Calls]<UL><LI><a href="#[7d]">&gt;&gt;</a>&nbsp;&nbsp;&nbsp;HeaterSetPercent
<LI><a href="#[20]">&gt;&gt;</a>&nbsp;&nbsp;&nbsp;HAL_GPIO_WritePin
</UL>
<BR>[Called By]<UL><LI><a href="#[1a]">&gt;&gt;</a>&nbsp;&nbsp;&nbsp;main
</UL>

<P><STRONG><a name="[7e]"></a>HeaterInit</STRONG> (Thumb, 52 bytes, Stack size 16 bytes, heater_fan.o(.text.HeaterInit))
<BR><BR>[Stack]<UL><LI>Max Depth = 40<LI>Call Chain = HeaterInit &rArr; HAL_TIM_PWM_Start &rArr; TIM_CCxChannelCmd
</UL>
<BR>[Calls]<UL><LI><a href="#[79]">&gt;&gt;</a>&nbsp;&nbsp;&nbsp;HAL_TIM_PWM_Start
</UL>
<BR>[Called By]<UL><LI><a href="#[1a]">&gt;&gt;</a>&nbsp;&nbsp;&nbsp;main
</UL>

<P><STRONG><a name="[b7]"></a>HeaterSave</STRONG> (Thumb, 52 bytes, Stack size 24 bytes, heater_fan.o(.text.HeaterSave))
<BR><BR>[Stack]<UL><LI>Max Depth = 24<LI>Call Chain = HeaterSave
</UL>
<BR>[Called By]<UL><LI><a href="#[1a]">&gt;&gt;</a>&nbsp;&nbsp;&nbsp;main
</UL>

<P><STRONG><a name="[7d]"></a>HeaterSetPercent</STRONG> (Thumb, 36 bytes, Stack size 8 bytes, heater_fan.o(.text.HeaterSetPercent))
<BR><BR>[Stack]<UL><LI>Max Depth = 8<LI>Call Chain = HeaterSetPercent
</UL>
<BR>[Calls]<UL><LI><a href="#[20]">&gt;&gt;</a>&nbsp;&nbsp;&nbsp;HAL_GPIO_WritePin
</UL>
<BR>[Called By]<UL><LI><a href="#[7c]">&gt;&gt;</a>&nbsp;&nbsp;&nbsp;HeaterCheck
<LI><a href="#[1a]">&gt;&gt;</a>&nbsp;&nbsp;&nbsp;main
</UL>

<P><STRONG><a name="[23]"></a>I2c_ReadByte</STRONG> (Thumb, 172 bytes, Stack size 40 bytes, i2c_hal.o(.text.I2c_ReadByte))
<BR><BR>[Stack]<UL><LI>Max Depth = 132<LI>Call Chain = I2c_ReadByte &rArr; SDA_OUTPUT &rArr; HAL_GPIO_Init
</UL>
<BR>[Calls]<UL><LI><a href="#[83]">&gt;&gt;</a>&nbsp;&nbsp;&nbsp;SDA_OUTPUT
<LI><a href="#[81]">&gt;&gt;</a>&nbsp;&nbsp;&nbsp;SDA_CONF
<LI><a href="#[82]">&gt;&gt;</a>&nbsp;&nbsp;&nbsp;SCL_OUTPUT
<LI><a href="#[7b]">&gt;&gt;</a>&nbsp;&nbsp;&nbsp;HAL_GPIO_ReadPin
<LI><a href="#[20]">&gt;&gt;</a>&nbsp;&nbsp;&nbsp;HAL_GPIO_WritePin
</UL>
<BR>[Address Reference Count : 1]<UL><LI> sht2x_bb.o(.text.SHT2x_MeasureHM)
</UL>
<P><STRONG><a name="[84]"></a>I2c_StartCondition</STRONG> (Thumb, 40 bytes, Stack size 16 bytes, i2c_hal.o(.text.I2c_StartCondition))
<BR><BR>[Stack]<UL><LI>Max Depth = 108<LI>Call Chain = I2c_StartCondition &rArr; SDA_OUTPUT &rArr; HAL_GPIO_Init
</UL>
<BR>[Calls]<UL><LI><a href="#[83]">&gt;&gt;</a>&nbsp;&nbsp;&nbsp;SDA_OUTPUT
<LI><a href="#[81]">&gt;&gt;</a>&nbsp;&nbsp;&nbsp;SDA_CONF
<LI><a href="#[82]">&gt;&gt;</a>&nbsp;&nbsp;&nbsp;SCL_OUTPUT
<LI><a href="#[85]">&gt;&gt;</a>&nbsp;&nbsp;&nbsp;SCL_CONF
<LI><a href="#[1f]">&gt;&gt;</a>&nbsp;&nbsp;&nbsp;DelayMicroSeconds
</UL>
<BR>[Called By]<UL><LI><a href="#[a9]">&gt;&gt;</a>&nbsp;&nbsp;&nbsp;SHT2x_MeasureHM
</UL>

<P><STRONG><a name="[86]"></a>I2c_StopCondition</STRONG> (Thumb, 40 bytes, Stack size 8 bytes, i2c_hal.o(.text.I2c_StopCondition))
<BR><BR>[Stack]<UL><LI>Max Depth = 100<LI>Call Chain = I2c_StopCondition &rArr; SDA_OUTPUT &rArr; HAL_GPIO_Init
</UL>
<BR>[Calls]<UL><LI><a href="#[83]">&gt;&gt;</a>&nbsp;&nbsp;&nbsp;SDA_OUTPUT
<LI><a href="#[81]">&gt;&gt;</a>&nbsp;&nbsp;&nbsp;SDA_CONF
<LI><a href="#[82]">&gt;&gt;</a>&nbsp;&nbsp;&nbsp;SCL_OUTPUT
<LI><a href="#[85]">&gt;&gt;</a>&nbsp;&nbsp;&nbsp;SCL_CONF
<LI><a href="#[1f]">&gt;&gt;</a>&nbsp;&nbsp;&nbsp;DelayMicroSeconds
</UL>
<BR>[Called By]<UL><LI><a href="#[a9]">&gt;&gt;</a>&nbsp;&nbsp;&nbsp;SHT2x_MeasureHM
</UL>

<P><STRONG><a name="[87]"></a>I2c_WriteByte</STRONG> (Thumb, 152 bytes, Stack size 24 bytes, i2c_hal.o(.text.I2c_WriteByte))
<BR><BR>[Stack]<UL><LI>Max Depth = 116<LI>Call Chain = I2c_WriteByte &rArr; SDA_OUTPUT &rArr; HAL_GPIO_Init
</UL>
<BR>[Calls]<UL><LI><a href="#[83]">&gt;&gt;</a>&nbsp;&nbsp;&nbsp;SDA_OUTPUT
<LI><a href="#[81]">&gt;&gt;</a>&nbsp;&nbsp;&nbsp;SDA_CONF
<LI><a href="#[82]">&gt;&gt;</a>&nbsp;&nbsp;&nbsp;SCL_OUTPUT
<LI><a href="#[7b]">&gt;&gt;</a>&nbsp;&nbsp;&nbsp;HAL_GPIO_ReadPin
<LI><a href="#[20]">&gt;&gt;</a>&nbsp;&nbsp;&nbsp;HAL_GPIO_WritePin
</UL>
<BR>[Called By]<UL><LI><a href="#[a9]">&gt;&gt;</a>&nbsp;&nbsp;&nbsp;SHT2x_MeasureHM
</UL>

<P><STRONG><a name="[89]"></a>IncTime</STRONG> (Thumb, 70 bytes, Stack size 16 bytes, user_time.o(.text.IncTime))
<BR><BR>[Stack]<UL><LI>Max Depth = 16<LI>Call Chain = IncTime
</UL>
<BR>[Called By]<UL><LI><a href="#[88]">&gt;&gt;</a>&nbsp;&nbsp;&nbsp;IncTimesec
</UL>

<P><STRONG><a name="[88]"></a>IncTimesec</STRONG> (Thumb, 14 bytes, Stack size 8 bytes, user_time.o(.text.IncTimesec))
<BR><BR>[Stack]<UL><LI>Max Depth = 24<LI>Call Chain = IncTimesec &rArr; IncTime
</UL>
<BR>[Calls]<UL><LI><a href="#[89]">&gt;&gt;</a>&nbsp;&nbsp;&nbsp;IncTime
</UL>
<BR>[Called By]<UL><LI><a href="#[1a]">&gt;&gt;</a>&nbsp;&nbsp;&nbsp;main
</UL>

<P><STRONG><a name="[bb]"></a>IsHatcher</STRONG> (Thumb, 38 bytes, Stack size 0 bytes, main.o(.text.IsHatcher))
<BR><BR>[Called By]<UL><LI><a href="#[1a]">&gt;&gt;</a>&nbsp;&nbsp;&nbsp;main
</UL>

<P><STRONG><a name="[b5]"></a>KeysInit</STRONG> (Thumb, 72 bytes, Stack size 0 bytes, keys.o(.text.KeysInit))
<BR><BR>[Called By]<UL><LI><a href="#[1a]">&gt;&gt;</a>&nbsp;&nbsp;&nbsp;main
</UL>

<P><STRONG><a name="[8a]"></a>LCD_4bit_send</STRONG> (Thumb, 84 bytes, Stack size 32 bytes, lcd_ch.o(.text.LCD_4bit_send))
<BR><BR>[Stack]<UL><LI>Max Depth = 48<LI>Call Chain = LCD_4bit_send &rArr; toggle_EN_pin
</UL>
<BR>[Calls]<UL><LI><a href="#[8b]">&gt;&gt;</a>&nbsp;&nbsp;&nbsp;toggle_EN_pin
</UL>
<BR>[Called By]<UL><LI><a href="#[21]">&gt;&gt;</a>&nbsp;&nbsp;&nbsp;LCD_send
</UL>

<P><STRONG><a name="[8c]"></a>LCD_clear_home</STRONG> (Thumb, 22 bytes, Stack size 8 bytes, lcd_ch.o(.text.LCD_clear_home))
<BR><BR>[Stack]<UL><LI>Max Depth = 64<LI>Call Chain = LCD_clear_home &rArr; LCD_send &rArr; LCD_4bit_send &rArr; toggle_EN_pin
</UL>
<BR>[Calls]<UL><LI><a href="#[21]">&gt;&gt;</a>&nbsp;&nbsp;&nbsp;LCD_send
</UL>
<BR>[Called By]<UL><LI><a href="#[93]">&gt;&gt;</a>&nbsp;&nbsp;&nbsp;LCD_init
<LI><a href="#[1a]">&gt;&gt;</a>&nbsp;&nbsp;&nbsp;main
</UL>

<P><STRONG><a name="[8d]"></a>LCD_clear_size</STRONG> (Thumb, 28 bytes, Stack size 16 bytes, lcd_ch.o(.text.LCD_clear_size))
<BR><BR>[Stack]<UL><LI>Max Depth = 80<LI>Call Chain = LCD_clear_size &rArr; LCD_gotoxy &rArr; LCD_send &rArr; LCD_4bit_send &rArr; toggle_EN_pin
</UL>
<BR>[Calls]<UL><LI><a href="#[21]">&gt;&gt;</a>&nbsp;&nbsp;&nbsp;LCD_send
<LI><a href="#[8e]">&gt;&gt;</a>&nbsp;&nbsp;&nbsp;LCD_gotoxy
</UL>
<BR>[Called By]<UL><LI><a href="#[1a]">&gt;&gt;</a>&nbsp;&nbsp;&nbsp;main
</UL>

<P><STRONG><a name="[8f]"></a>LCD_clearrow</STRONG> (Thumb, 30 bytes, Stack size 8 bytes, lcd_ch.o(.text.LCD_clearrow))
<BR><BR>[Stack]<UL><LI>Max Depth = 72<LI>Call Chain = LCD_clearrow &rArr; LCD_gotoxy &rArr; LCD_send &rArr; LCD_4bit_send &rArr; toggle_EN_pin
</UL>
<BR>[Calls]<UL><LI><a href="#[21]">&gt;&gt;</a>&nbsp;&nbsp;&nbsp;LCD_send
<LI><a href="#[8e]">&gt;&gt;</a>&nbsp;&nbsp;&nbsp;LCD_gotoxy
</UL>
<BR>[Called By]<UL><LI><a href="#[1a]">&gt;&gt;</a>&nbsp;&nbsp;&nbsp;main
</UL>

<P><STRONG><a name="[90]"></a>LCD_create_custom_char</STRONG> (Thumb, 36 bytes, Stack size 16 bytes, lcd_ch.o(.text.LCD_create_custom_char))
<BR><BR>[Stack]<UL><LI>Max Depth = 72<LI>Call Chain = LCD_create_custom_char &rArr; LCD_send &rArr; LCD_4bit_send &rArr; toggle_EN_pin
</UL>
<BR>[Calls]<UL><LI><a href="#[21]">&gt;&gt;</a>&nbsp;&nbsp;&nbsp;LCD_send
</UL>
<BR>[Called By]<UL><LI><a href="#[94]">&gt;&gt;</a>&nbsp;&nbsp;&nbsp;LCD_putpersian
</UL>

<P><STRONG><a name="[91]"></a>LCD_cursor_off</STRONG> (Thumb, 12 bytes, Stack size 8 bytes, lcd_ch.o(.text.LCD_cursor_off))
<BR><BR>[Stack]<UL><LI>Max Depth = 64<LI>Call Chain = LCD_cursor_off &rArr; LCD_send &rArr; LCD_4bit_send &rArr; toggle_EN_pin
</UL>
<BR>[Calls]<UL><LI><a href="#[21]">&gt;&gt;</a>&nbsp;&nbsp;&nbsp;LCD_send
</UL>
<BR>[Called By]<UL><LI><a href="#[1a]">&gt;&gt;</a>&nbsp;&nbsp;&nbsp;main
</UL>

<P><STRONG><a name="[92]"></a>LCD_cursor_on</STRONG> (Thumb, 12 bytes, Stack size 8 bytes, lcd_ch.o(.text.LCD_cursor_on))
<BR><BR>[Stack]<UL><LI>Max Depth = 64<LI>Call Chain = LCD_cursor_on &rArr; LCD_send &rArr; LCD_4bit_send &rArr; toggle_EN_pin
</UL>
<BR>[Calls]<UL><LI><a href="#[21]">&gt;&gt;</a>&nbsp;&nbsp;&nbsp;LCD_send
</UL>
<BR>[Called By]<UL><LI><a href="#[1a]">&gt;&gt;</a>&nbsp;&nbsp;&nbsp;main
</UL>

<P><STRONG><a name="[8e]"></a>LCD_gotoxy</STRONG> (Thumb, 22 bytes, Stack size 8 bytes, lcd_ch.o(.text.LCD_gotoxy))
<BR><BR>[Stack]<UL><LI>Max Depth = 64<LI>Call Chain = LCD_gotoxy &rArr; LCD_send &rArr; LCD_4bit_send &rArr; toggle_EN_pin
</UL>
<BR>[Calls]<UL><LI><a href="#[21]">&gt;&gt;</a>&nbsp;&nbsp;&nbsp;LCD_send
</UL>
<BR>[Called By]<UL><LI><a href="#[98]">&gt;&gt;</a>&nbsp;&nbsp;&nbsp;LCD_putstrpos
<LI><a href="#[94]">&gt;&gt;</a>&nbsp;&nbsp;&nbsp;LCD_putpersian
<LI><a href="#[8f]">&gt;&gt;</a>&nbsp;&nbsp;&nbsp;LCD_clearrow
<LI><a href="#[8d]">&gt;&gt;</a>&nbsp;&nbsp;&nbsp;LCD_clear_size
<LI><a href="#[1a]">&gt;&gt;</a>&nbsp;&nbsp;&nbsp;main
</UL>

<P><STRONG><a name="[93]"></a>LCD_init</STRONG> (Thumb, 64 bytes, Stack size 16 bytes, lcd_ch.o(.text.LCD_init))
<BR><BR>[Stack]<UL><LI>Max Depth = 80<LI>Call Chain = LCD_init &rArr; LCD_clear_home &rArr; LCD_send &rArr; LCD_4bit_send &rArr; toggle_EN_pin
</UL>
<BR>[Calls]<UL><LI><a href="#[8c]">&gt;&gt;</a>&nbsp;&nbsp;&nbsp;LCD_clear_home
<LI><a href="#[20]">&gt;&gt;</a>&nbsp;&nbsp;&nbsp;HAL_GPIO_WritePin
<LI><a href="#[46]">&gt;&gt;</a>&nbsp;&nbsp;&nbsp;HAL_Delay
</UL>
<BR>[Called By]<UL><LI><a href="#[1a]">&gt;&gt;</a>&nbsp;&nbsp;&nbsp;main
</UL>

<P><STRONG><a name="[94]"></a>LCD_putpersian</STRONG> (Thumb, 144 bytes, Stack size 32 bytes, lcd_ch.o(.text.LCD_putpersian))
<BR><BR>[Stack]<UL><LI>Max Depth = 104<LI>Call Chain = LCD_putpersian &rArr; LCD_create_custom_char &rArr; LCD_send &rArr; LCD_4bit_send &rArr; toggle_EN_pin
</UL>
<BR>[Calls]<UL><LI><a href="#[21]">&gt;&gt;</a>&nbsp;&nbsp;&nbsp;LCD_send
<LI><a href="#[8e]">&gt;&gt;</a>&nbsp;&nbsp;&nbsp;LCD_gotoxy
<LI><a href="#[90]">&gt;&gt;</a>&nbsp;&nbsp;&nbsp;LCD_create_custom_char
</UL>
<BR>[Called By]<UL><LI><a href="#[1a]">&gt;&gt;</a>&nbsp;&nbsp;&nbsp;main
</UL>

<P><STRONG><a name="[95]"></a>LCD_putstr</STRONG> (Thumb, 26 bytes, Stack size 8 bytes, lcd_ch.o(.text.LCD_putstr))
<BR><BR>[Stack]<UL><LI>Max Depth = 64<LI>Call Chain = LCD_putstr &rArr; LCD_send &rArr; LCD_4bit_send &rArr; toggle_EN_pin
</UL>
<BR>[Calls]<UL><LI><a href="#[21]">&gt;&gt;</a>&nbsp;&nbsp;&nbsp;LCD_send
</UL>
<BR>[Called By]<UL><LI><a href="#[98]">&gt;&gt;</a>&nbsp;&nbsp;&nbsp;LCD_putstrpos
</UL>

<P><STRONG><a name="[96]"></a>LCD_putstralign</STRONG> (Thumb, 58 bytes, Stack size 16 bytes, lcd_ch.o(.text.LCD_putstralign))
<BR><BR>[Stack]<UL><LI>Max Depth = 88<LI>Call Chain = LCD_putstralign &rArr; LCD_putstrpos &rArr; LCD_putstr &rArr; LCD_send &rArr; LCD_4bit_send &rArr; toggle_EN_pin
</UL>
<BR>[Calls]<UL><LI><a href="#[98]">&gt;&gt;</a>&nbsp;&nbsp;&nbsp;LCD_putstrpos
<LI><a href="#[97]">&gt;&gt;</a>&nbsp;&nbsp;&nbsp;strlen
</UL>
<BR>[Called By]<UL><LI><a href="#[1a]">&gt;&gt;</a>&nbsp;&nbsp;&nbsp;main
</UL>

<P><STRONG><a name="[98]"></a>LCD_putstrpos</STRONG> (Thumb, 20 bytes, Stack size 8 bytes, lcd_ch.o(.text.LCD_putstrpos))
<BR><BR>[Stack]<UL><LI>Max Depth = 72<LI>Call Chain = LCD_putstrpos &rArr; LCD_putstr &rArr; LCD_send &rArr; LCD_4bit_send &rArr; toggle_EN_pin
</UL>
<BR>[Calls]<UL><LI><a href="#[95]">&gt;&gt;</a>&nbsp;&nbsp;&nbsp;LCD_putstr
<LI><a href="#[8e]">&gt;&gt;</a>&nbsp;&nbsp;&nbsp;LCD_gotoxy
</UL>
<BR>[Called By]<UL><LI><a href="#[96]">&gt;&gt;</a>&nbsp;&nbsp;&nbsp;LCD_putstralign
<LI><a href="#[1a]">&gt;&gt;</a>&nbsp;&nbsp;&nbsp;main
</UL>

<P><STRONG><a name="[21]"></a>LCD_send</STRONG> (Thumb, 36 bytes, Stack size 8 bytes, lcd_ch.o(.text.LCD_send))
<BR><BR>[Stack]<UL><LI>Max Depth = 56<LI>Call Chain = LCD_send &rArr; LCD_4bit_send &rArr; toggle_EN_pin
</UL>
<BR>[Calls]<UL><LI><a href="#[8a]">&gt;&gt;</a>&nbsp;&nbsp;&nbsp;LCD_4bit_send
<LI><a href="#[20]">&gt;&gt;</a>&nbsp;&nbsp;&nbsp;HAL_GPIO_WritePin
</UL>
<BR>[Called By]<UL><LI><a href="#[95]">&gt;&gt;</a>&nbsp;&nbsp;&nbsp;LCD_putstr
<LI><a href="#[94]">&gt;&gt;</a>&nbsp;&nbsp;&nbsp;LCD_putpersian
<LI><a href="#[8e]">&gt;&gt;</a>&nbsp;&nbsp;&nbsp;LCD_gotoxy
<LI><a href="#[92]">&gt;&gt;</a>&nbsp;&nbsp;&nbsp;LCD_cursor_on
<LI><a href="#[91]">&gt;&gt;</a>&nbsp;&nbsp;&nbsp;LCD_cursor_off
<LI><a href="#[90]">&gt;&gt;</a>&nbsp;&nbsp;&nbsp;LCD_create_custom_char
<LI><a href="#[8f]">&gt;&gt;</a>&nbsp;&nbsp;&nbsp;LCD_clearrow
<LI><a href="#[8d]">&gt;&gt;</a>&nbsp;&nbsp;&nbsp;LCD_clear_size
<LI><a href="#[8c]">&gt;&gt;</a>&nbsp;&nbsp;&nbsp;LCD_clear_home
</UL>
<BR>[Address Reference Count : 1]<UL><LI> lcd_ch.o(.text.LCD_init)
</UL>
<P><STRONG><a name="[b2]"></a>MX_GPIO_Init</STRONG> (Thumb, 256 bytes, Stack size 56 bytes, gpio.o(.text.MX_GPIO_Init))
<BR><BR>[Stack]<UL><LI>Max Depth = 56<LI>Call Chain = MX_GPIO_Init
</UL>
<BR>[Called By]<UL><LI><a href="#[1a]">&gt;&gt;</a>&nbsp;&nbsp;&nbsp;main
</UL>

<P><STRONG><a name="[99]"></a>MX_I2C1_Init</STRONG> (Thumb, 92 bytes, Stack size 8 bytes, i2c.o(.text.MX_I2C1_Init))
<BR><BR>[Stack]<UL><LI>Max Depth = 116<LI>Call Chain = MX_I2C1_Init &rArr; HAL_I2C_Init &rArr; HAL_I2C_MspInit &rArr; HAL_GPIO_Init
</UL>
<BR>[Calls]<UL><LI><a href="#[4f]">&gt;&gt;</a>&nbsp;&nbsp;&nbsp;HAL_I2C_Init
<LI><a href="#[9c]">&gt;&gt;</a>&nbsp;&nbsp;&nbsp;HAL_I2CEx_ConfigDigitalFilter
<LI><a href="#[9b]">&gt;&gt;</a>&nbsp;&nbsp;&nbsp;HAL_I2CEx_ConfigAnalogFilter
<LI><a href="#[9a]">&gt;&gt;</a>&nbsp;&nbsp;&nbsp;Error_Handler
<LI><a href="#[57]">&gt;&gt;</a>&nbsp;&nbsp;&nbsp;__aeabi_memclr4
</UL>
<BR>[Called By]<UL><LI><a href="#[1a]">&gt;&gt;</a>&nbsp;&nbsp;&nbsp;main
</UL>

<P><STRONG><a name="[9d]"></a>MX_TIM16_Init</STRONG> (Thumb, 56 bytes, Stack size 8 bytes, tim.o(.text.MX_TIM16_Init))
<BR><BR>[Stack]<UL><LI>Max Depth = 48<LI>Call Chain = MX_TIM16_Init &rArr; HAL_TIM_Base_Init &rArr; HAL_TIM_Base_MspInit &rArr; HAL_NVIC_SetPriority
</UL>
<BR>[Calls]<UL><LI><a href="#[62]">&gt;&gt;</a>&nbsp;&nbsp;&nbsp;HAL_TIM_Base_Init
<LI><a href="#[9a]">&gt;&gt;</a>&nbsp;&nbsp;&nbsp;Error_Handler
</UL>
<BR>[Called By]<UL><LI><a href="#[1a]">&gt;&gt;</a>&nbsp;&nbsp;&nbsp;main
</UL>

<P><STRONG><a name="[9e]"></a>MX_TIM17_Init</STRONG> (Thumb, 56 bytes, Stack size 8 bytes, tim.o(.text.MX_TIM17_Init))
<BR><BR>[Stack]<UL><LI>Max Depth = 48<LI>Call Chain = MX_TIM17_Init &rArr; HAL_TIM_Base_Init &rArr; HAL_TIM_Base_MspInit &rArr; HAL_NVIC_SetPriority
</UL>
<BR>[Calls]<UL><LI><a href="#[62]">&gt;&gt;</a>&nbsp;&nbsp;&nbsp;HAL_TIM_Base_Init
<LI><a href="#[9a]">&gt;&gt;</a>&nbsp;&nbsp;&nbsp;Error_Handler
</UL>
<BR>[Called By]<UL><LI><a href="#[1a]">&gt;&gt;</a>&nbsp;&nbsp;&nbsp;main
</UL>

<P><STRONG><a name="[9f]"></a>MX_TIM1_Init</STRONG> (Thumb, 220 bytes, Stack size 104 bytes, tim.o(.text.MX_TIM1_Init))
<BR><BR>[Stack]<UL><LI>Max Depth = 188<LI>Call Chain = MX_TIM1_Init &rArr; HAL_TIM_MspPostInit &rArr; HAL_GPIO_Init
</UL>
<BR>[Calls]<UL><LI><a href="#[77]">&gt;&gt;</a>&nbsp;&nbsp;&nbsp;HAL_TIM_PWM_Init
<LI><a href="#[72]">&gt;&gt;</a>&nbsp;&nbsp;&nbsp;HAL_TIM_PWM_ConfigChannel
<LI><a href="#[71]">&gt;&gt;</a>&nbsp;&nbsp;&nbsp;HAL_TIM_MspPostInit
<LI><a href="#[66]">&gt;&gt;</a>&nbsp;&nbsp;&nbsp;HAL_TIM_ConfigClockSource
<LI><a href="#[62]">&gt;&gt;</a>&nbsp;&nbsp;&nbsp;HAL_TIM_Base_Init
<LI><a href="#[a0]">&gt;&gt;</a>&nbsp;&nbsp;&nbsp;HAL_TIMEx_MasterConfigSynchronization
<LI><a href="#[a1]">&gt;&gt;</a>&nbsp;&nbsp;&nbsp;HAL_TIMEx_ConfigBreakDeadTime
<LI><a href="#[9a]">&gt;&gt;</a>&nbsp;&nbsp;&nbsp;Error_Handler
<LI><a href="#[57]">&gt;&gt;</a>&nbsp;&nbsp;&nbsp;__aeabi_memclr4
</UL>
<BR>[Called By]<UL><LI><a href="#[1a]">&gt;&gt;</a>&nbsp;&nbsp;&nbsp;main
</UL>

<P><STRONG><a name="[a2]"></a>MotorCheck</STRONG> (Thumb, 128 bytes, Stack size 24 bytes, motor.o(.text.MotorCheck))
<BR><BR>[Stack]<UL><LI>Max Depth = 48<LI>Call Chain = MotorCheck &rArr; compareTime
</UL>
<BR>[Calls]<UL><LI><a href="#[a3]">&gt;&gt;</a>&nbsp;&nbsp;&nbsp;compareTime
<LI><a href="#[20]">&gt;&gt;</a>&nbsp;&nbsp;&nbsp;HAL_GPIO_WritePin
</UL>
<BR>[Called By]<UL><LI><a href="#[1a]">&gt;&gt;</a>&nbsp;&nbsp;&nbsp;main
</UL>

<P><STRONG><a name="[a4]"></a>MotorInit</STRONG> (Thumb, 38 bytes, Stack size 16 bytes, motor.o(.text.MotorInit))
<BR><BR>[Stack]<UL><LI>Max Depth = 184<LI>Call Chain = MotorInit &rArr; EEReadByte &rArr; HAL_I2C_Mem_Read &rArr; I2C_RequestMemoryRead &rArr; I2C_WaitOnTXISFlagUntilTimeout &rArr; I2C_IsAcknowledgeFailed
</UL>
<BR>[Calls]<UL><LI><a href="#[1d]">&gt;&gt;</a>&nbsp;&nbsp;&nbsp;EEReadByte
</UL>
<BR>[Called By]<UL><LI><a href="#[1a]">&gt;&gt;</a>&nbsp;&nbsp;&nbsp;main
</UL>

<P><STRONG><a name="[a5]"></a>MotorSetState</STRONG> (Thumb, 24 bytes, Stack size 8 bytes, motor.o(.text.MotorSetState))
<BR><BR>[Stack]<UL><LI>Max Depth = 8<LI>Call Chain = MotorSetState
</UL>
<BR>[Calls]<UL><LI><a href="#[20]">&gt;&gt;</a>&nbsp;&nbsp;&nbsp;HAL_GPIO_WritePin
</UL>
<BR>[Called By]<UL><LI><a href="#[1a]">&gt;&gt;</a>&nbsp;&nbsp;&nbsp;main
</UL>

<P><STRONG><a name="[1]"></a>NMI_Handler</STRONG> (Thumb, 2 bytes, Stack size 0 bytes, stm32f0xx_it.o(.text.NMI_Handler))
<BR><BR>[Calls]<UL><LI><a href="#[1]">&gt;&gt;</a>&nbsp;&nbsp;&nbsp;NMI_Handler
</UL>
<BR>[Called By]<UL><LI><a href="#[1]">&gt;&gt;</a>&nbsp;&nbsp;&nbsp;NMI_Handler
</UL>
<BR>[Address Reference Count : 1]<UL><LI> startup_stm32f030x6.o(RESET)
</UL>
<P><STRONG><a name="[4]"></a>PendSV_Handler</STRONG> (Thumb, 2 bytes, Stack size 0 bytes, stm32f0xx_it.o(.text.PendSV_Handler))
<BR>[Address Reference Count : 1]<UL><LI> startup_stm32f030x6.o(RESET)
</UL>
<P><STRONG><a name="[85]"></a>SCL_CONF</STRONG> (Thumb, 28 bytes, Stack size 32 bytes, i2c_hal.o(.text.SCL_CONF))
<BR><BR>[Stack]<UL><LI>Max Depth = 84<LI>Call Chain = SCL_CONF &rArr; HAL_GPIO_Init
</UL>
<BR>[Calls]<UL><LI><a href="#[22]">&gt;&gt;</a>&nbsp;&nbsp;&nbsp;HAL_GPIO_Init
</UL>
<BR>[Called By]<UL><LI><a href="#[a9]">&gt;&gt;</a>&nbsp;&nbsp;&nbsp;SHT2x_MeasureHM
<LI><a href="#[86]">&gt;&gt;</a>&nbsp;&nbsp;&nbsp;I2c_StopCondition
<LI><a href="#[84]">&gt;&gt;</a>&nbsp;&nbsp;&nbsp;I2c_StartCondition
</UL>

<P><STRONG><a name="[82]"></a>SCL_OUTPUT</STRONG> (Thumb, 48 bytes, Stack size 40 bytes, i2c_hal.o(.text.SCL_OUTPUT))
<BR><BR>[Stack]<UL><LI>Max Depth = 92<LI>Call Chain = SCL_OUTPUT &rArr; HAL_GPIO_Init
</UL>
<BR>[Calls]<UL><LI><a href="#[22]">&gt;&gt;</a>&nbsp;&nbsp;&nbsp;HAL_GPIO_Init
<LI><a href="#[20]">&gt;&gt;</a>&nbsp;&nbsp;&nbsp;HAL_GPIO_WritePin
</UL>
<BR>[Called By]<UL><LI><a href="#[87]">&gt;&gt;</a>&nbsp;&nbsp;&nbsp;I2c_WriteByte
<LI><a href="#[86]">&gt;&gt;</a>&nbsp;&nbsp;&nbsp;I2c_StopCondition
<LI><a href="#[84]">&gt;&gt;</a>&nbsp;&nbsp;&nbsp;I2c_StartCondition
<LI><a href="#[23]">&gt;&gt;</a>&nbsp;&nbsp;&nbsp;I2c_ReadByte
</UL>

<P><STRONG><a name="[81]"></a>SDA_CONF</STRONG> (Thumb, 28 bytes, Stack size 32 bytes, i2c_hal.o(.text.SDA_CONF))
<BR><BR>[Stack]<UL><LI>Max Depth = 84<LI>Call Chain = SDA_CONF &rArr; HAL_GPIO_Init
</UL>
<BR>[Calls]<UL><LI><a href="#[22]">&gt;&gt;</a>&nbsp;&nbsp;&nbsp;HAL_GPIO_Init
</UL>
<BR>[Called By]<UL><LI><a href="#[87]">&gt;&gt;</a>&nbsp;&nbsp;&nbsp;I2c_WriteByte
<LI><a href="#[86]">&gt;&gt;</a>&nbsp;&nbsp;&nbsp;I2c_StopCondition
<LI><a href="#[84]">&gt;&gt;</a>&nbsp;&nbsp;&nbsp;I2c_StartCondition
<LI><a href="#[23]">&gt;&gt;</a>&nbsp;&nbsp;&nbsp;I2c_ReadByte
</UL>

<P><STRONG><a name="[83]"></a>SDA_OUTPUT</STRONG> (Thumb, 52 bytes, Stack size 40 bytes, i2c_hal.o(.text.SDA_OUTPUT))
<BR><BR>[Stack]<UL><LI>Max Depth = 92<LI>Call Chain = SDA_OUTPUT &rArr; HAL_GPIO_Init
</UL>
<BR>[Calls]<UL><LI><a href="#[22]">&gt;&gt;</a>&nbsp;&nbsp;&nbsp;HAL_GPIO_Init
<LI><a href="#[20]">&gt;&gt;</a>&nbsp;&nbsp;&nbsp;HAL_GPIO_WritePin
</UL>
<BR>[Called By]<UL><LI><a href="#[87]">&gt;&gt;</a>&nbsp;&nbsp;&nbsp;I2c_WriteByte
<LI><a href="#[86]">&gt;&gt;</a>&nbsp;&nbsp;&nbsp;I2c_StopCondition
<LI><a href="#[84]">&gt;&gt;</a>&nbsp;&nbsp;&nbsp;I2c_StartCondition
<LI><a href="#[23]">&gt;&gt;</a>&nbsp;&nbsp;&nbsp;I2c_ReadByte
</UL>

<P><STRONG><a name="[a6]"></a>SHT2x_CalcRH</STRONG> (Thumb, 48 bytes, Stack size 8 bytes, sht2x_bb.o(.text.SHT2x_CalcRH))
<BR><BR>[Stack]<UL><LI>Max Depth = 136<LI>Call Chain = SHT2x_CalcRH &rArr; __aeabi_dmul &rArr; _double_epilogue &rArr; __aeabi_llsl
</UL>
<BR>[Calls]<UL><LI><a href="#[35]">&gt;&gt;</a>&nbsp;&nbsp;&nbsp;__aeabi_ui2f
<LI><a href="#[a7]">&gt;&gt;</a>&nbsp;&nbsp;&nbsp;__aeabi_f2d
<LI><a href="#[2d]">&gt;&gt;</a>&nbsp;&nbsp;&nbsp;__aeabi_dadd
<LI><a href="#[39]">&gt;&gt;</a>&nbsp;&nbsp;&nbsp;__aeabi_d2f
<LI><a href="#[34]">&gt;&gt;</a>&nbsp;&nbsp;&nbsp;__aeabi_dmul
</UL>
<BR>[Called By]<UL><LI><a href="#[a9]">&gt;&gt;</a>&nbsp;&nbsp;&nbsp;SHT2x_MeasureHM
</UL>

<P><STRONG><a name="[a8]"></a>SHT2x_CalcTemperatureC</STRONG> (Thumb, 52 bytes, Stack size 8 bytes, sht2x_bb.o(.text.SHT2x_CalcTemperatureC))
<BR><BR>[Stack]<UL><LI>Max Depth = 136<LI>Call Chain = SHT2x_CalcTemperatureC &rArr; __aeabi_dmul &rArr; _double_epilogue &rArr; __aeabi_llsl
</UL>
<BR>[Calls]<UL><LI><a href="#[35]">&gt;&gt;</a>&nbsp;&nbsp;&nbsp;__aeabi_ui2f
<LI><a href="#[a7]">&gt;&gt;</a>&nbsp;&nbsp;&nbsp;__aeabi_f2d
<LI><a href="#[2d]">&gt;&gt;</a>&nbsp;&nbsp;&nbsp;__aeabi_dadd
<LI><a href="#[39]">&gt;&gt;</a>&nbsp;&nbsp;&nbsp;__aeabi_d2f
<LI><a href="#[34]">&gt;&gt;</a>&nbsp;&nbsp;&nbsp;__aeabi_dmul
</UL>
<BR>[Called By]<UL><LI><a href="#[a9]">&gt;&gt;</a>&nbsp;&nbsp;&nbsp;SHT2x_MeasureHM
</UL>

<P><STRONG><a name="[aa]"></a>SHT2x_CheckCrc</STRONG> (Thumb, 52 bytes, Stack size 16 bytes, sht2x_bb.o(.text.SHT2x_CheckCrc))
<BR><BR>[Stack]<UL><LI>Max Depth = 16<LI>Call Chain = SHT2x_CheckCrc
</UL>
<BR>[Called By]<UL><LI><a href="#[a9]">&gt;&gt;</a>&nbsp;&nbsp;&nbsp;SHT2x_MeasureHM
</UL>

<P><STRONG><a name="[a9]"></a>SHT2x_MeasureHM</STRONG> (Thumb, 220 bytes, Stack size 40 bytes, sht2x_bb.o(.text.SHT2x_MeasureHM))
<BR><BR>[Stack]<UL><LI>Max Depth = 176<LI>Call Chain = SHT2x_MeasureHM &rArr; SHT2x_CalcTemperatureC &rArr; __aeabi_dmul &rArr; _double_epilogue &rArr; __aeabi_llsl
</UL>
<BR>[Calls]<UL><LI><a href="#[aa]">&gt;&gt;</a>&nbsp;&nbsp;&nbsp;SHT2x_CheckCrc
<LI><a href="#[a8]">&gt;&gt;</a>&nbsp;&nbsp;&nbsp;SHT2x_CalcTemperatureC
<LI><a href="#[a6]">&gt;&gt;</a>&nbsp;&nbsp;&nbsp;SHT2x_CalcRH
<LI><a href="#[85]">&gt;&gt;</a>&nbsp;&nbsp;&nbsp;SCL_CONF
<LI><a href="#[87]">&gt;&gt;</a>&nbsp;&nbsp;&nbsp;I2c_WriteByte
<LI><a href="#[86]">&gt;&gt;</a>&nbsp;&nbsp;&nbsp;I2c_StopCondition
<LI><a href="#[84]">&gt;&gt;</a>&nbsp;&nbsp;&nbsp;I2c_StartCondition
<LI><a href="#[7b]">&gt;&gt;</a>&nbsp;&nbsp;&nbsp;HAL_GPIO_ReadPin
<LI><a href="#[1f]">&gt;&gt;</a>&nbsp;&nbsp;&nbsp;DelayMicroSeconds
<LI><a href="#[46]">&gt;&gt;</a>&nbsp;&nbsp;&nbsp;HAL_Delay
</UL>
<BR>[Called By]<UL><LI><a href="#[ac]">&gt;&gt;</a>&nbsp;&nbsp;&nbsp;ShtReadSensor
</UL>

<P><STRONG><a name="[3]"></a>SVC_Handler</STRONG> (Thumb, 2 bytes, Stack size 0 bytes, stm32f0xx_it.o(.text.SVC_Handler))
<BR>[Address Reference Count : 1]<UL><LI> startup_stm32f030x6.o(RESET)
</UL>
<P><STRONG><a name="[ab]"></a>ShtInit</STRONG> (Thumb, 34 bytes, Stack size 16 bytes, user_sht.o(.text.ShtInit))
<BR><BR>[Stack]<UL><LI>Max Depth = 184<LI>Call Chain = ShtInit &rArr; EEReadByte &rArr; HAL_I2C_Mem_Read &rArr; I2C_RequestMemoryRead &rArr; I2C_WaitOnTXISFlagUntilTimeout &rArr; I2C_IsAcknowledgeFailed
</UL>
<BR>[Calls]<UL><LI><a href="#[1d]">&gt;&gt;</a>&nbsp;&nbsp;&nbsp;EEReadByte
</UL>
<BR>[Called By]<UL><LI><a href="#[1a]">&gt;&gt;</a>&nbsp;&nbsp;&nbsp;main
</UL>

<P><STRONG><a name="[ac]"></a>ShtReadSensor</STRONG> (Thumb, 100 bytes, Stack size 24 bytes, user_sht.o(.text.ShtReadSensor))
<BR><BR>[Stack]<UL><LI>Max Depth = 200<LI>Call Chain = ShtReadSensor &rArr; SHT2x_MeasureHM &rArr; SHT2x_CalcTemperatureC &rArr; __aeabi_dmul &rArr; _double_epilogue &rArr; __aeabi_llsl
</UL>
<BR>[Calls]<UL><LI><a href="#[a7]">&gt;&gt;</a>&nbsp;&nbsp;&nbsp;__aeabi_f2d
<LI><a href="#[a9]">&gt;&gt;</a>&nbsp;&nbsp;&nbsp;SHT2x_MeasureHM
<LI><a href="#[34]">&gt;&gt;</a>&nbsp;&nbsp;&nbsp;__aeabi_dmul
<LI><a href="#[37]">&gt;&gt;</a>&nbsp;&nbsp;&nbsp;__aeabi_d2iz
<LI><a href="#[46]">&gt;&gt;</a>&nbsp;&nbsp;&nbsp;HAL_Delay
</UL>
<BR>[Called By]<UL><LI><a href="#[1a]">&gt;&gt;</a>&nbsp;&nbsp;&nbsp;main
</UL>

<P><STRONG><a name="[ad]"></a>ShtSave</STRONG> (Thumb, 36 bytes, Stack size 32 bytes, user_sht.o(.text.ShtSave))
<BR><BR>[Stack]<UL><LI>Max Depth = 224<LI>Call Chain = ShtSave &rArr; EEWriteByte &rArr; HAL_I2C_Mem_Write &rArr; I2C_RequestMemoryWrite &rArr; I2C_WaitOnTXISFlagUntilTimeout &rArr; I2C_IsAcknowledgeFailed
</UL>
<BR>[Calls]<UL><LI><a href="#[1e]">&gt;&gt;</a>&nbsp;&nbsp;&nbsp;EEWriteByte
</UL>
<BR>[Called By]<UL><LI><a href="#[1a]">&gt;&gt;</a>&nbsp;&nbsp;&nbsp;main
</UL>

<P><STRONG><a name="[5]"></a>SysTick_Handler</STRONG> (Thumb, 8 bytes, Stack size 8 bytes, stm32f0xx_it.o(.text.SysTick_Handler))
<BR><BR>[Stack]<UL><LI>Max Depth = 8<LI>Call Chain = SysTick_Handler
</UL>
<BR>[Calls]<UL><LI><a href="#[ae]">&gt;&gt;</a>&nbsp;&nbsp;&nbsp;HAL_IncTick
</UL>
<BR>[Address Reference Count : 1]<UL><LI> startup_stm32f030x6.o(RESET)
</UL>
<P><STRONG><a name="[af]"></a>SystemClock_Config</STRONG> (Thumb, 136 bytes, Stack size 96 bytes, main.o(.text.SystemClock_Config))
<BR><BR>[Stack]<UL><LI>Max Depth = 148<LI>Call Chain = SystemClock_Config &rArr; HAL_RCC_ClockConfig &rArr; HAL_InitTick &rArr; __aeabi_uidiv
</UL>
<BR>[Calls]<UL><LI><a href="#[61]">&gt;&gt;</a>&nbsp;&nbsp;&nbsp;HAL_RCC_OscConfig
<LI><a href="#[5f]">&gt;&gt;</a>&nbsp;&nbsp;&nbsp;HAL_RCC_ClockConfig
<LI><a href="#[5e]">&gt;&gt;</a>&nbsp;&nbsp;&nbsp;HAL_RCCEx_PeriphCLKConfig
<LI><a href="#[57]">&gt;&gt;</a>&nbsp;&nbsp;&nbsp;__aeabi_memclr4
</UL>
<BR>[Called By]<UL><LI><a href="#[1a]">&gt;&gt;</a>&nbsp;&nbsp;&nbsp;main
</UL>

<P><STRONG><a name="[1b]"></a>SystemInit</STRONG> (Thumb, 2 bytes, Stack size 0 bytes, system_stm32f0xx.o(.text.SystemInit))
<BR>[Address Reference Count : 1]<UL><LI> startup_stm32f030x6.o(.text)
</UL>
<P><STRONG><a name="[15]"></a>TIM16_IRQHandler</STRONG> (Thumb, 16 bytes, Stack size 8 bytes, stm32f0xx_it.o(.text.TIM16_IRQHandler))
<BR><BR>[Stack]<UL><LI>Max Depth = 48<LI>Call Chain = TIM16_IRQHandler &rArr; HAL_TIM_IRQHandler &rArr; HAL_TIM_PeriodElapsedCallback
</UL>
<BR>[Calls]<UL><LI><a href="#[69]">&gt;&gt;</a>&nbsp;&nbsp;&nbsp;HAL_TIM_IRQHandler
</UL>
<BR>[Address Reference Count : 1]<UL><LI> startup_stm32f030x6.o(RESET)
</UL>
<P><STRONG><a name="[16]"></a>TIM17_IRQHandler</STRONG> (Thumb, 16 bytes, Stack size 8 bytes, stm32f0xx_it.o(.text.TIM17_IRQHandler))
<BR><BR>[Stack]<UL><LI>Max Depth = 48<LI>Call Chain = TIM17_IRQHandler &rArr; HAL_TIM_IRQHandler &rArr; HAL_TIM_PeriodElapsedCallback
</UL>
<BR>[Calls]<UL><LI><a href="#[69]">&gt;&gt;</a>&nbsp;&nbsp;&nbsp;HAL_TIM_IRQHandler
</UL>
<BR>[Address Reference Count : 1]<UL><LI> startup_stm32f030x6.o(RESET)
</UL>
<P><STRONG><a name="[64]"></a>TIM_Base_SetConfig</STRONG> (Thumb, 124 bytes, Stack size 8 bytes, stm32f0xx_hal_tim.o(.text.TIM_Base_SetConfig))
<BR><BR>[Stack]<UL><LI>Max Depth = 8<LI>Call Chain = TIM_Base_SetConfig
</UL>
<BR>[Called By]<UL><LI><a href="#[77]">&gt;&gt;</a>&nbsp;&nbsp;&nbsp;HAL_TIM_PWM_Init
<LI><a href="#[62]">&gt;&gt;</a>&nbsp;&nbsp;&nbsp;HAL_TIM_Base_Init
</UL>

<P><STRONG><a name="[7a]"></a>TIM_CCxChannelCmd</STRONG> (Thumb, 26 bytes, Stack size 8 bytes, stm32f0xx_hal_tim.o(.text.TIM_CCxChannelCmd))
<BR><BR>[Stack]<UL><LI>Max Depth = 8<LI>Call Chain = TIM_CCxChannelCmd
</UL>
<BR>[Called By]<UL><LI><a href="#[79]">&gt;&gt;</a>&nbsp;&nbsp;&nbsp;HAL_TIM_PWM_Start
</UL>

<P><STRONG><a name="[74]"></a>TIM_OC2_SetConfig</STRONG> (Thumb, 112 bytes, Stack size 20 bytes, stm32f0xx_hal_tim.o(.text.TIM_OC2_SetConfig))
<BR><BR>[Stack]<UL><LI>Max Depth = 20<LI>Call Chain = TIM_OC2_SetConfig
</UL>
<BR>[Called By]<UL><LI><a href="#[72]">&gt;&gt;</a>&nbsp;&nbsp;&nbsp;HAL_TIM_PWM_ConfigChannel
</UL>

<P><STRONG><a name="[b0]"></a>TimeInit</STRONG> (Thumb, 12 bytes, Stack size 8 bytes, user_time.o(.text.TimeInit))
<BR><BR>[Stack]<UL><LI>Max Depth = 176<LI>Call Chain = TimeInit &rArr; EEReadByte &rArr; HAL_I2C_Mem_Read &rArr; I2C_RequestMemoryRead &rArr; I2C_WaitOnTXISFlagUntilTimeout &rArr; I2C_IsAcknowledgeFailed
</UL>
<BR>[Calls]<UL><LI><a href="#[1d]">&gt;&gt;</a>&nbsp;&nbsp;&nbsp;EEReadByte
</UL>
<BR>[Called By]<UL><LI><a href="#[1a]">&gt;&gt;</a>&nbsp;&nbsp;&nbsp;main
</UL>

<P><STRONG><a name="[24]"></a>TimeSave</STRONG> (Thumb, 18 bytes, Stack size 16 bytes, user_time.o(.text.TimeSave))
<BR><BR>[Stack]<UL><LI>Max Depth = 208<LI>Call Chain = TimeSave &rArr; EEWriteByte &rArr; HAL_I2C_Mem_Write &rArr; I2C_RequestMemoryWrite &rArr; I2C_WaitOnTXISFlagUntilTimeout &rArr; I2C_IsAcknowledgeFailed
</UL>
<BR>[Calls]<UL><LI><a href="#[1e]">&gt;&gt;</a>&nbsp;&nbsp;&nbsp;EEWriteByte
</UL>
<BR>[Called By]<UL><LI><a href="#[1a]">&gt;&gt;</a>&nbsp;&nbsp;&nbsp;main
</UL>
<BR>[Address Reference Count : 1]<UL><LI> main.o(.text.main)
</UL>
<P><STRONG><a name="[a3]"></a>compareTime</STRONG> (Thumb, 76 bytes, Stack size 24 bytes, user_time.o(.text.compareTime))
<BR><BR>[Stack]<UL><LI>Max Depth = 24<LI>Call Chain = compareTime
</UL>
<BR>[Called By]<UL><LI><a href="#[a2]">&gt;&gt;</a>&nbsp;&nbsp;&nbsp;MotorCheck
</UL>

<P><STRONG><a name="[b1]"></a>lcd_delay_us</STRONG> (Thumb, 22 bytes, Stack size 0 bytes, lcd_ch.o(.text.lcd_delay_us))
<BR><BR>[Calls]<UL><LI><a href="#[b1]">&gt;&gt;</a>&nbsp;&nbsp;&nbsp;lcd_delay_us
</UL>
<BR>[Called By]<UL><LI><a href="#[8b]">&gt;&gt;</a>&nbsp;&nbsp;&nbsp;toggle_EN_pin
<LI><a href="#[b1]">&gt;&gt;</a>&nbsp;&nbsp;&nbsp;lcd_delay_us
</UL>

<P><STRONG><a name="[1a]"></a>main</STRONG> (Thumb, 6652 bytes, Stack size 312 bytes, main.o(.text.main))
<BR><BR>[Stack]<UL><LI>Max Depth = 536<LI>Call Chain = main &rArr; ShtSave &rArr; EEWriteByte &rArr; HAL_I2C_Mem_Write &rArr; I2C_RequestMemoryWrite &rArr; I2C_WaitOnTXISFlagUntilTimeout &rArr; I2C_IsAcknowledgeFailed
</UL>
<BR>[Calls]<UL><LI><a href="#[7d]">&gt;&gt;</a>&nbsp;&nbsp;&nbsp;HeaterSetPercent
<LI><a href="#[b7]">&gt;&gt;</a>&nbsp;&nbsp;&nbsp;HeaterSave
<LI><a href="#[7e]">&gt;&gt;</a>&nbsp;&nbsp;&nbsp;HeaterInit
<LI><a href="#[7c]">&gt;&gt;</a>&nbsp;&nbsp;&nbsp;HeaterCheck
<LI><a href="#[4b]">&gt;&gt;</a>&nbsp;&nbsp;&nbsp;FanSetState
<LI><a href="#[4d]">&gt;&gt;</a>&nbsp;&nbsp;&nbsp;FanSave
<LI><a href="#[4c]">&gt;&gt;</a>&nbsp;&nbsp;&nbsp;FanInit
<LI><a href="#[48]">&gt;&gt;</a>&nbsp;&nbsp;&nbsp;FanCheckTempHum
<LI><a href="#[ad]">&gt;&gt;</a>&nbsp;&nbsp;&nbsp;ShtSave
<LI><a href="#[ac]">&gt;&gt;</a>&nbsp;&nbsp;&nbsp;ShtReadSensor
<LI><a href="#[ab]">&gt;&gt;</a>&nbsp;&nbsp;&nbsp;ShtInit
<LI><a href="#[a5]">&gt;&gt;</a>&nbsp;&nbsp;&nbsp;MotorSetState
<LI><a href="#[a4]">&gt;&gt;</a>&nbsp;&nbsp;&nbsp;MotorInit
<LI><a href="#[a2]">&gt;&gt;</a>&nbsp;&nbsp;&nbsp;MotorCheck
<LI><a href="#[24]">&gt;&gt;</a>&nbsp;&nbsp;&nbsp;TimeSave
<LI><a href="#[b0]">&gt;&gt;</a>&nbsp;&nbsp;&nbsp;TimeInit
<LI><a href="#[88]">&gt;&gt;</a>&nbsp;&nbsp;&nbsp;IncTimesec
<LI><a href="#[b6]">&gt;&gt;</a>&nbsp;&nbsp;&nbsp;BirdSaveManual
<LI><a href="#[3e]">&gt;&gt;</a>&nbsp;&nbsp;&nbsp;BirdInit
<LI><a href="#[1e]">&gt;&gt;</a>&nbsp;&nbsp;&nbsp;EEWriteByte
<LI><a href="#[b5]">&gt;&gt;</a>&nbsp;&nbsp;&nbsp;KeysInit
<LI><a href="#[be]">&gt;&gt;</a>&nbsp;&nbsp;&nbsp;BuzzerRepeatStop
<LI><a href="#[43]">&gt;&gt;</a>&nbsp;&nbsp;&nbsp;BuzzerRepeatStart
<LI><a href="#[41]">&gt;&gt;</a>&nbsp;&nbsp;&nbsp;BuzzerOn
<LI><a href="#[b4]">&gt;&gt;</a>&nbsp;&nbsp;&nbsp;BuzzerInit
<LI><a href="#[98]">&gt;&gt;</a>&nbsp;&nbsp;&nbsp;LCD_putstrpos
<LI><a href="#[96]">&gt;&gt;</a>&nbsp;&nbsp;&nbsp;LCD_putstralign
<LI><a href="#[94]">&gt;&gt;</a>&nbsp;&nbsp;&nbsp;LCD_putpersian
<LI><a href="#[93]">&gt;&gt;</a>&nbsp;&nbsp;&nbsp;LCD_init
<LI><a href="#[8e]">&gt;&gt;</a>&nbsp;&nbsp;&nbsp;LCD_gotoxy
<LI><a href="#[92]">&gt;&gt;</a>&nbsp;&nbsp;&nbsp;LCD_cursor_on
<LI><a href="#[91]">&gt;&gt;</a>&nbsp;&nbsp;&nbsp;LCD_cursor_off
<LI><a href="#[8f]">&gt;&gt;</a>&nbsp;&nbsp;&nbsp;LCD_clearrow
<LI><a href="#[8d]">&gt;&gt;</a>&nbsp;&nbsp;&nbsp;LCD_clear_size
<LI><a href="#[8c]">&gt;&gt;</a>&nbsp;&nbsp;&nbsp;LCD_clear_home
<LI><a href="#[20]">&gt;&gt;</a>&nbsp;&nbsp;&nbsp;HAL_GPIO_WritePin
<LI><a href="#[46]">&gt;&gt;</a>&nbsp;&nbsp;&nbsp;HAL_Delay
<LI><a href="#[b8]">&gt;&gt;</a>&nbsp;&nbsp;&nbsp;negativStr
<LI><a href="#[af]">&gt;&gt;</a>&nbsp;&nbsp;&nbsp;SystemClock_Config
<LI><a href="#[9f]">&gt;&gt;</a>&nbsp;&nbsp;&nbsp;MX_TIM1_Init
<LI><a href="#[9e]">&gt;&gt;</a>&nbsp;&nbsp;&nbsp;MX_TIM17_Init
<LI><a href="#[9d]">&gt;&gt;</a>&nbsp;&nbsp;&nbsp;MX_TIM16_Init
<LI><a href="#[99]">&gt;&gt;</a>&nbsp;&nbsp;&nbsp;MX_I2C1_Init
<LI><a href="#[b2]">&gt;&gt;</a>&nbsp;&nbsp;&nbsp;MX_GPIO_Init
<LI><a href="#[bb]">&gt;&gt;</a>&nbsp;&nbsp;&nbsp;IsHatcher
<LI><a href="#[b3]">&gt;&gt;</a>&nbsp;&nbsp;&nbsp;HAL_TIM_Base_Start_IT
<LI><a href="#[58]">&gt;&gt;</a>&nbsp;&nbsp;&nbsp;HAL_Init
<LI><a href="#[bf]">&gt;&gt;</a>&nbsp;&nbsp;&nbsp;HAL_GPIO_TogglePin
<LI><a href="#[ba]">&gt;&gt;</a>&nbsp;&nbsp;&nbsp;FindProgNum
<LI><a href="#[b9]">&gt;&gt;</a>&nbsp;&nbsp;&nbsp;__2sprintf
<LI><a href="#[bd]">&gt;&gt;</a>&nbsp;&nbsp;&nbsp;memcmp
<LI><a href="#[bc]">&gt;&gt;</a>&nbsp;&nbsp;&nbsp;__aeabi_idiv
<LI><a href="#[42]">&gt;&gt;</a>&nbsp;&nbsp;&nbsp;__aeabi_uidiv
</UL>
<BR>[Address Reference Count : 1]<UL><LI> entry9a.o(.ARM.Collect$$$$0000000B)
</UL>
<P><STRONG><a name="[b8]"></a>negativStr</STRONG> (Thumb, 124 bytes, Stack size 16 bytes, main.o(.text.negativStr))
<BR><BR>[Stack]<UL><LI>Max Depth = 44<LI>Call Chain = negativStr &rArr; __aeabi_idivmod &rArr; __aeabi_uidivmod
</UL>
<BR>[Calls]<UL><LI><a href="#[b9]">&gt;&gt;</a>&nbsp;&nbsp;&nbsp;__2sprintf
<LI><a href="#[28]">&gt;&gt;</a>&nbsp;&nbsp;&nbsp;__aeabi_idivmod
<LI><a href="#[bc]">&gt;&gt;</a>&nbsp;&nbsp;&nbsp;__aeabi_idiv
</UL>
<BR>[Called By]<UL><LI><a href="#[1a]">&gt;&gt;</a>&nbsp;&nbsp;&nbsp;main
</UL>

<P><STRONG><a name="[8b]"></a>toggle_EN_pin</STRONG> (Thumb, 36 bytes, Stack size 16 bytes, lcd_ch.o(.text.toggle_EN_pin))
<BR><BR>[Stack]<UL><LI>Max Depth = 16<LI>Call Chain = toggle_EN_pin
</UL>
<BR>[Calls]<UL><LI><a href="#[b1]">&gt;&gt;</a>&nbsp;&nbsp;&nbsp;lcd_delay_us
<LI><a href="#[20]">&gt;&gt;</a>&nbsp;&nbsp;&nbsp;HAL_GPIO_WritePin
</UL>
<BR>[Called By]<UL><LI><a href="#[8a]">&gt;&gt;</a>&nbsp;&nbsp;&nbsp;LCD_4bit_send
</UL>

<P><STRONG><a name="[c0]"></a>__0sprintf$8</STRONG> (Thumb, 36 bytes, Stack size 24 bytes, printf8.o(i.__0sprintf$8), UNUSED)
<BR><BR>[Calls]<UL><LI><a href="#[25]">&gt;&gt;</a>&nbsp;&nbsp;&nbsp;_sputc
<LI><a href="#[c1]">&gt;&gt;</a>&nbsp;&nbsp;&nbsp;_printf_core
</UL>

<P><STRONG><a name="[d6]"></a>__1sprintf$8</STRONG> (Thumb, 0 bytes, Stack size 24 bytes, printf8.o(i.__0sprintf$8), UNUSED)

<P><STRONG><a name="[b9]"></a>__2sprintf</STRONG> (Thumb, 0 bytes, Stack size 24 bytes, printf8.o(i.__0sprintf$8))
<BR><BR>[Stack]<UL><LI>Max Depth = 24<LI>Call Chain = __2sprintf
</UL>
<BR>[Called By]<UL><LI><a href="#[b8]">&gt;&gt;</a>&nbsp;&nbsp;&nbsp;negativStr
<LI><a href="#[1a]">&gt;&gt;</a>&nbsp;&nbsp;&nbsp;main
</UL>

<P><STRONG><a name="[3c]"></a>__ARM_clz</STRONG> (Thumb, 46 bytes, Stack size 0 bytes, depilogue.o(i.__ARM_clz))
<BR><BR>[Called By]<UL><LI><a href="#[30]">&gt;&gt;</a>&nbsp;&nbsp;&nbsp;_double_epilogue
</UL>

<P><STRONG><a name="[d7]"></a>__scatterload_copy</STRONG> (Thumb, 14 bytes, Stack size unknown bytes, handlers.o(i.__scatterload_copy), UNUSED)

<P><STRONG><a name="[d8]"></a>__scatterload_null</STRONG> (Thumb, 2 bytes, Stack size unknown bytes, handlers.o(i.__scatterload_null), UNUSED)

<P><STRONG><a name="[d9]"></a>__scatterload_zeroinit</STRONG> (Thumb, 14 bytes, Stack size unknown bytes, handlers.o(i.__scatterload_zeroinit), UNUSED)
<P>
<H3>
Local Symbols
</H3>
<P><STRONG><a name="[80]"></a>I2C_Flush_TXDR</STRONG> (Thumb, 28 bytes, Stack size 0 bytes, stm32f0xx_hal_i2c.o(.text.I2C_Flush_TXDR))
<BR><BR>[Called By]<UL><LI><a href="#[7f]">&gt;&gt;</a>&nbsp;&nbsp;&nbsp;I2C_IsAcknowledgeFailed
</UL>

<P><STRONG><a name="[7f]"></a>I2C_IsAcknowledgeFailed</STRONG> (Thumb, 116 bytes, Stack size 16 bytes, stm32f0xx_hal_i2c.o(.text.I2C_IsAcknowledgeFailed))
<BR><BR>[Stack]<UL><LI>Max Depth = 16<LI>Call Chain = I2C_IsAcknowledgeFailed
</UL>
<BR>[Calls]<UL><LI><a href="#[4e]">&gt;&gt;</a>&nbsp;&nbsp;&nbsp;HAL_GetTick
<LI><a href="#[80]">&gt;&gt;</a>&nbsp;&nbsp;&nbsp;I2C_Flush_TXDR
</UL>
<BR>[Called By]<UL><LI><a href="#[56]">&gt;&gt;</a>&nbsp;&nbsp;&nbsp;I2C_WaitOnTXISFlagUntilTimeout
<LI><a href="#[54]">&gt;&gt;</a>&nbsp;&nbsp;&nbsp;I2C_WaitOnSTOPFlagUntilTimeout
</UL>

<P><STRONG><a name="[52]"></a>I2C_RequestMemoryRead</STRONG> (Thumb, 108 bytes, Stack size 40 bytes, stm32f0xx_hal_i2c.o(.text.I2C_RequestMemoryRead))
<BR><BR>[Stack]<UL><LI>Max Depth = 80<LI>Call Chain = I2C_RequestMemoryRead &rArr; I2C_WaitOnTXISFlagUntilTimeout &rArr; I2C_IsAcknowledgeFailed
</UL>
<BR>[Calls]<UL><LI><a href="#[56]">&gt;&gt;</a>&nbsp;&nbsp;&nbsp;I2C_WaitOnTXISFlagUntilTimeout
<LI><a href="#[51]">&gt;&gt;</a>&nbsp;&nbsp;&nbsp;I2C_WaitOnFlagUntilTimeout
<LI><a href="#[53]">&gt;&gt;</a>&nbsp;&nbsp;&nbsp;I2C_TransferConfig
</UL>
<BR>[Called By]<UL><LI><a href="#[45]">&gt;&gt;</a>&nbsp;&nbsp;&nbsp;HAL_I2C_Mem_Read
</UL>

<P><STRONG><a name="[55]"></a>I2C_RequestMemoryWrite</STRONG> (Thumb, 112 bytes, Stack size 40 bytes, stm32f0xx_hal_i2c.o(.text.I2C_RequestMemoryWrite))
<BR><BR>[Stack]<UL><LI>Max Depth = 80<LI>Call Chain = I2C_RequestMemoryWrite &rArr; I2C_WaitOnTXISFlagUntilTimeout &rArr; I2C_IsAcknowledgeFailed
</UL>
<BR>[Calls]<UL><LI><a href="#[56]">&gt;&gt;</a>&nbsp;&nbsp;&nbsp;I2C_WaitOnTXISFlagUntilTimeout
<LI><a href="#[51]">&gt;&gt;</a>&nbsp;&nbsp;&nbsp;I2C_WaitOnFlagUntilTimeout
<LI><a href="#[53]">&gt;&gt;</a>&nbsp;&nbsp;&nbsp;I2C_TransferConfig
</UL>
<BR>[Called By]<UL><LI><a href="#[47]">&gt;&gt;</a>&nbsp;&nbsp;&nbsp;HAL_I2C_Mem_Write
</UL>

<P><STRONG><a name="[53]"></a>I2C_TransferConfig</STRONG> (Thumb, 44 bytes, Stack size 16 bytes, stm32f0xx_hal_i2c.o(.text.I2C_TransferConfig))
<BR><BR>[Stack]<UL><LI>Max Depth = 16<LI>Call Chain = I2C_TransferConfig
</UL>
<BR>[Called By]<UL><LI><a href="#[47]">&gt;&gt;</a>&nbsp;&nbsp;&nbsp;HAL_I2C_Mem_Write
<LI><a href="#[45]">&gt;&gt;</a>&nbsp;&nbsp;&nbsp;HAL_I2C_Mem_Read
<LI><a href="#[55]">&gt;&gt;</a>&nbsp;&nbsp;&nbsp;I2C_RequestMemoryWrite
<LI><a href="#[52]">&gt;&gt;</a>&nbsp;&nbsp;&nbsp;I2C_RequestMemoryRead
</UL>

<P><STRONG><a name="[51]"></a>I2C_WaitOnFlagUntilTimeout</STRONG> (Thumb, 74 bytes, Stack size 24 bytes, stm32f0xx_hal_i2c.o(.text.I2C_WaitOnFlagUntilTimeout))
<BR><BR>[Stack]<UL><LI>Max Depth = 24<LI>Call Chain = I2C_WaitOnFlagUntilTimeout
</UL>
<BR>[Calls]<UL><LI><a href="#[4e]">&gt;&gt;</a>&nbsp;&nbsp;&nbsp;HAL_GetTick
</UL>
<BR>[Called By]<UL><LI><a href="#[47]">&gt;&gt;</a>&nbsp;&nbsp;&nbsp;HAL_I2C_Mem_Write
<LI><a href="#[45]">&gt;&gt;</a>&nbsp;&nbsp;&nbsp;HAL_I2C_Mem_Read
<LI><a href="#[44]">&gt;&gt;</a>&nbsp;&nbsp;&nbsp;HAL_I2C_IsDeviceReady
<LI><a href="#[55]">&gt;&gt;</a>&nbsp;&nbsp;&nbsp;I2C_RequestMemoryWrite
<LI><a href="#[52]">&gt;&gt;</a>&nbsp;&nbsp;&nbsp;I2C_RequestMemoryRead
</UL>

<P><STRONG><a name="[54]"></a>I2C_WaitOnSTOPFlagUntilTimeout</STRONG> (Thumb, 70 bytes, Stack size 24 bytes, stm32f0xx_hal_i2c.o(.text.I2C_WaitOnSTOPFlagUntilTimeout))
<BR><BR>[Stack]<UL><LI>Max Depth = 40<LI>Call Chain = I2C_WaitOnSTOPFlagUntilTimeout &rArr; I2C_IsAcknowledgeFailed
</UL>
<BR>[Calls]<UL><LI><a href="#[4e]">&gt;&gt;</a>&nbsp;&nbsp;&nbsp;HAL_GetTick
<LI><a href="#[7f]">&gt;&gt;</a>&nbsp;&nbsp;&nbsp;I2C_IsAcknowledgeFailed
</UL>
<BR>[Called By]<UL><LI><a href="#[47]">&gt;&gt;</a>&nbsp;&nbsp;&nbsp;HAL_I2C_Mem_Write
<LI><a href="#[45]">&gt;&gt;</a>&nbsp;&nbsp;&nbsp;HAL_I2C_Mem_Read
</UL>

<P><STRONG><a name="[56]"></a>I2C_WaitOnTXISFlagUntilTimeout</STRONG> (Thumb, 74 bytes, Stack size 24 bytes, stm32f0xx_hal_i2c.o(.text.I2C_WaitOnTXISFlagUntilTimeout))
<BR><BR>[Stack]<UL><LI>Max Depth = 40<LI>Call Chain = I2C_WaitOnTXISFlagUntilTimeout &rArr; I2C_IsAcknowledgeFailed
</UL>
<BR>[Calls]<UL><LI><a href="#[4e]">&gt;&gt;</a>&nbsp;&nbsp;&nbsp;HAL_GetTick
<LI><a href="#[7f]">&gt;&gt;</a>&nbsp;&nbsp;&nbsp;I2C_IsAcknowledgeFailed
</UL>
<BR>[Called By]<UL><LI><a href="#[47]">&gt;&gt;</a>&nbsp;&nbsp;&nbsp;HAL_I2C_Mem_Write
<LI><a href="#[55]">&gt;&gt;</a>&nbsp;&nbsp;&nbsp;I2C_RequestMemoryWrite
<LI><a href="#[52]">&gt;&gt;</a>&nbsp;&nbsp;&nbsp;I2C_RequestMemoryRead
</UL>

<P><STRONG><a name="[5d]"></a>__NVIC_SetPriority</STRONG> (Thumb, 64 bytes, Stack size 0 bytes, stm32f0xx_hal_cortex.o(.text.__NVIC_SetPriority))
<BR><BR>[Called By]<UL><LI><a href="#[5c]">&gt;&gt;</a>&nbsp;&nbsp;&nbsp;HAL_NVIC_SetPriority
</UL>

<P><STRONG><a name="[73]"></a>TIM_OC1_SetConfig</STRONG> (Thumb, 116 bytes, Stack size 20 bytes, stm32f0xx_hal_tim.o(.text.TIM_OC1_SetConfig))
<BR><BR>[Stack]<UL><LI>Max Depth = 20<LI>Call Chain = TIM_OC1_SetConfig
</UL>
<BR>[Called By]<UL><LI><a href="#[72]">&gt;&gt;</a>&nbsp;&nbsp;&nbsp;HAL_TIM_PWM_ConfigChannel
</UL>

<P><STRONG><a name="[75]"></a>TIM_OC3_SetConfig</STRONG> (Thumb, 120 bytes, Stack size 24 bytes, stm32f0xx_hal_tim.o(.text.TIM_OC3_SetConfig))
<BR><BR>[Stack]<UL><LI>Max Depth = 24<LI>Call Chain = TIM_OC3_SetConfig
</UL>
<BR>[Called By]<UL><LI><a href="#[72]">&gt;&gt;</a>&nbsp;&nbsp;&nbsp;HAL_TIM_PWM_ConfigChannel
</UL>

<P><STRONG><a name="[76]"></a>TIM_OC4_SetConfig</STRONG> (Thumb, 96 bytes, Stack size 16 bytes, stm32f0xx_hal_tim.o(.text.TIM_OC4_SetConfig))
<BR><BR>[Stack]<UL><LI>Max Depth = 16<LI>Call Chain = TIM_OC4_SetConfig
</UL>
<BR>[Called By]<UL><LI><a href="#[72]">&gt;&gt;</a>&nbsp;&nbsp;&nbsp;HAL_TIM_PWM_ConfigChannel
</UL>

<P><STRONG><a name="[67]"></a>TIM_TI1_ConfigInputStage</STRONG> (Thumb, 34 bytes, Stack size 16 bytes, stm32f0xx_hal_tim.o(.text.TIM_TI1_ConfigInputStage))
<BR><BR>[Stack]<UL><LI>Max Depth = 16<LI>Call Chain = TIM_TI1_ConfigInputStage
</UL>
<BR>[Called By]<UL><LI><a href="#[66]">&gt;&gt;</a>&nbsp;&nbsp;&nbsp;HAL_TIM_ConfigClockSource
</UL>

<P><STRONG><a name="[68]"></a>TIM_TI2_ConfigInputStage</STRONG> (Thumb, 38 bytes, Stack size 8 bytes, stm32f0xx_hal_tim.o(.text.TIM_TI2_ConfigInputStage))
<BR><BR>[Stack]<UL><LI>Max Depth = 8<LI>Call Chain = TIM_TI2_ConfigInputStage
</UL>
<BR>[Called By]<UL><LI><a href="#[66]">&gt;&gt;</a>&nbsp;&nbsp;&nbsp;HAL_TIM_ConfigClockSource
</UL>

<P><STRONG><a name="[c1]"></a>_printf_core</STRONG> (Thumb, 1020 bytes, Stack size 104 bytes, printf8.o(i._printf_core), UNUSED)
<BR><BR>[Calls]<UL><LI><a href="#[3b]">&gt;&gt;</a>&nbsp;&nbsp;&nbsp;__aeabi_uldivmod
<LI><a href="#[c2]">&gt;&gt;</a>&nbsp;&nbsp;&nbsp;_printf_pre_padding
<LI><a href="#[c3]">&gt;&gt;</a>&nbsp;&nbsp;&nbsp;_printf_post_padding
</UL>
<BR>[Called By]<UL><LI><a href="#[c0]">&gt;&gt;</a>&nbsp;&nbsp;&nbsp;__0sprintf$8
</UL>

<P><STRONG><a name="[c3]"></a>_printf_post_padding</STRONG> (Thumb, 32 bytes, Stack size 24 bytes, printf8.o(i._printf_post_padding), UNUSED)
<BR><BR>[Called By]<UL><LI><a href="#[c1]">&gt;&gt;</a>&nbsp;&nbsp;&nbsp;_printf_core
</UL>

<P><STRONG><a name="[c2]"></a>_printf_pre_padding</STRONG> (Thumb, 44 bytes, Stack size 40 bytes, printf8.o(i._printf_pre_padding), UNUSED)
<BR><BR>[Called By]<UL><LI><a href="#[c1]">&gt;&gt;</a>&nbsp;&nbsp;&nbsp;_printf_core
</UL>

<P><STRONG><a name="[25]"></a>_sputc</STRONG> (Thumb, 10 bytes, Stack size 0 bytes, printf8.o(i._sputc))
<BR><BR>[Called By]<UL><LI><a href="#[c0]">&gt;&gt;</a>&nbsp;&nbsp;&nbsp;__0sprintf$8
</UL>
<BR>[Address Reference Count : 1]<UL><LI> printf8.o(i.__0sprintf$8)
</UL><P>
<H3>
Undefined Global Symbols
</H3><HR></body></html>
