<html>
<body>
<pre>
<h1>µVision Build Log</h1>
<h2>Tool Versions:</h2>
IDE-Version: µVision V5.30.0.0
Copyright (C) 2020 ARM Ltd and ARM Germany GmbH. All rights reserved.
License Information: Mehdi mofidi, me, LIC=65ISZ-JDRY8-QDRKD-8FIWN-T25WM-PRL9Z
 
Tool Versions:
Toolchain:       MDK-ARM Plus  Version: 5.30.0.0
Toolchain Path:  C:\Keil_v5\ARM\ARMCLANG\Bin
C Compiler:      ArmClang.exe V6.14
Assembler:       Armasm.exe V6.14
Linker/Locator:  ArmLink.exe V6.14
Library Manager: ArmAr.exe V6.14
Hex Converter:   FromElf.exe V6.14
CPU DLL:         SARMCM3.DLL V5.30.0.0
Dialog DLL:      DARMCM1.DLL V1.19.3.0
Target DLL:      STLink\ST-LINKIII-KEIL_SWO.dll V3.0.7.0
Dialog DLL:      TARMCM1.DLL V1.14.2.0
 
<h2>Project:</h2>
D:\Designs\Industrial_Meter_projects\ME_1426_Egg_Incubator\ME_1426_Controller_V03\firmware\EggIncubator_HW41\EggIncubator_HW41\MDK-ARM\EggIncubator_HW41.uvprojx
Project File Date:  04/16/2022

<h2>Output:</h2>
*** Using Compiler 'V6.14', folder: 'C:\Keil_v5\ARM\ARMCLANG\Bin'
Build target 'EggIncubator_HW41'
compiling string_num.c...
compiling I2C_HAL.c...
../Core/Src/lcd_ch.c(408): warning: enumeration value 'AlignNone' not handled in switch [-Wswitch]
        switch(align)
               ^
../Core/Src/lcd_ch.c(428): warning: enumeration value 'AlignNone' not handled in switch [-Wswitch]
        switch(align)
               ^
2 warnings generated.
compiling lcd_ch.c...
compiling Buzzer.c...
compiling sht2x_BB.c...
compiling Keys.c...
compiling eeprom.c...
assembling startup_stm32f030x6.s...
../Core/Src/Bird.c(44): warning: excess elements in array initializer
                {.humidty=600,.temperature=375,.durationDays=7},//setter3
                ^~~~~~~~~~~~~~~~~~~~~~~~~~~~~~~~~~~~~~~~~~~~~~~
1 warning generated.
compiling Bird.c...
compiling user_time.c...
compiling Motor.c...
compiling user_sht.c...
compiling Heater_fan.c...
compiling gpio.c...
compiling i2c.c...
compiling iwdg.c...
compiling tim.c...
compiling stm32f0xx_it.c...
compiling stm32f0xx_hal_msp.c...
../Core/Src/main.c(716): warning: 11 enumeration values not handled in switch: 'MainMenu', 'SettingBirdMenu', 'SettingBirdDayMenu'... [-Wswitch]
                                        switch(curMenu)
                                               ^
../Core/Src/main.c(742): warning: 11 enumeration values not handled in switch: 'MainMenu', 'SettingBirdMenu', 'SettingBirdDayMenu'... [-Wswitch]
                                        switch(curMenu)
                                               ^
../Core/Src/main.c(768): warning: 11 enumeration values not handled in switch: 'MainMenu', 'SettingBirdMenu', 'SettingBirdDayMenu'... [-Wswitch]
                                        switch(curMenu)
                                               ^
../Core/Src/main.c(800): warning: 11 enumeration values not handled in switch: 'MainMenu', 'SettingBirdMenu', 'SettingBirdDayMenu'... [-Wswitch]
                                        switch(curMenu)
                                               ^
4 warnings generated.
compiling main.c...
compiling stm32f0xx_hal_i2c_ex.c...
compiling stm32f0xx_hal_rcc.c...
compiling stm32f0xx_hal_rcc_ex.c...
compiling stm32f0xx_hal_i2c.c...
compiling stm32f0xx_hal.c...
compiling stm32f0xx_hal_gpio.c...
compiling stm32f0xx_hal_dma.c...
compiling stm32f0xx_hal_cortex.c...
compiling stm32f0xx_hal_pwr_ex.c...
compiling stm32f0xx_hal_pwr.c...
compiling stm32f0xx_hal_flash.c...
compiling stm32f0xx_hal_exti.c...
compiling stm32f0xx_hal_flash_ex.c...
compiling stm32f0xx_hal_iwdg.c...
compiling stm32f0xx_hal_tim_ex.c...
compiling system_stm32f0xx.c...
compiling stm32f0xx_hal_tim.c...
linking...
Program Size: Code=20424 RO-data=672 RW-data=720 ZI-data=1552  
FromELF: creating hex file...
"EggIncubator_HW41\EggIncubator_HW41.axf" - 0 Error(s), 7 Warning(s).

<h2>Software Packages used:</h2>

Package Vendor: ARM
                http://www.keil.com/pack/ARM.CMSIS.5.7.0.pack
                ARM.CMSIS.5.7.0
                CMSIS (Cortex Microcontroller Software Interface Standard)
   * Component: CORE Version: 5.4.0

Package Vendor: Keil
                http://www.keil.com/pack/Keil.STM32F0xx_DFP.2.0.0.pack
                Keil.STM32F0xx_DFP.2.0.0
                STMicroelectronics STM32F0 Series Device Support, Drivers and Examples

<h2>Collection of Component include folders:</h2>
  .\RTE\_EggIncubator_HW41
  C:\Users\mehdi\AppData\Local\Arm\Packs\ARM\CMSIS\5.7.0\CMSIS\Core\Include
  C:\Users\mehdi\AppData\Local\Arm\Packs\Keil\STM32F0xx_DFP\2.0.0\Drivers\CMSIS\Device\ST\STM32F0xx\Include

<h2>Collection of Component Files used:</h2>

   * Component: ARM::CMSIS:CORE:5.4.0
      Include file:  CMSIS\Core\Include\tz_context.h
Build Time Elapsed:  00:00:16
</pre>
</body>
</html>
