<html>
<body>
<pre>
<h1>µVision Build Log</h1>
<h2>Tool Versions:</h2>
IDE-Version: µVision V5.30.0.0
Copyright (C) 2020 ARM Ltd and ARM Germany GmbH. All rights reserved.
License Information: Mehdi mofidi, me, LIC=65ISZ-JDRY8-QDRKD-8FIWN-T25WM-PRL9Z
 
Tool Versions:
Toolchain:       MDK-ARM Plus  Version: 5.30.0.0
Toolchain Path:  C:\Keil_v5\ARM\ARMCLANG\Bin
C Compiler:      ArmClang.exe V6.14
Assembler:       Armasm.exe V6.14
Linker/Locator:  ArmLink.exe V6.14
Library Manager: ArmAr.exe V6.14
Hex Converter:   FromElf.exe V6.14
CPU DLL:         SARMCM3.DLL V5.30.0.0
Dialog DLL:      DARMCM1.DLL V1.19.3.0
Target DLL:      STLink\ST-LINKIII-KEIL_SWO.dll V3.0.7.0
Dialog DLL:      TARMCM1.DLL V1.14.2.0
 
<h2>Project:</h2>
D:\Designs\Industrial_Meter_projects\ME_1426_Egg_Incubator\ME_1426_Controller_V03\firmware\EggIncubator_HW41\EggIncubator_HW41\MDK-ARM\EggIncubator_HW41.uvprojx
Project File Date:  04/19/2022

<h2>Output:</h2>
*** Using Compiler 'V6.14', folder: 'C:\Keil_v5\ARM\ARMCLANG\Bin'
Build target 'EggIncubator_HW41'
../Core/Src/main.c(770): warning: 11 enumeration values not handled in switch: 'MainMenu', 'SettingBirdMenu', 'SettingBirdDayMenu'... [-Wswitch]
                                        switch(curMenu)
                                               ^
../Core/Src/main.c(808): warning: 11 enumeration values not handled in switch: 'MainMenu', 'SettingBirdMenu', 'SettingBirdDayMenu'... [-Wswitch]
                                        switch(curMenu)
                                               ^
../Core/Src/main.c(834): warning: 11 enumeration values not handled in switch: 'MainMenu', 'SettingBirdMenu', 'SettingBirdDayMenu'... [-Wswitch]
                                        switch(curMenu)
                                               ^
../Core/Src/main.c(867): warning: 11 enumeration values not handled in switch: 'MainMenu', 'SettingBirdMenu', 'SettingBirdDayMenu'... [-Wswitch]
                                        switch(curMenu)
                                               ^
4 warnings generated.
compiling main.c...
linking...
Program Size: Code=20960 RO-data=708 RW-data=732 ZI-data=1556  
FromELF: creating hex file...
"EggIncubator_HW41\EggIncubator_HW41.axf" - 0 Error(s), 4 Warning(s).

<h2>Software Packages used:</h2>

Package Vendor: ARM
                http://www.keil.com/pack/ARM.CMSIS.5.7.0.pack
                ARM.CMSIS.5.7.0
                CMSIS (Cortex Microcontroller Software Interface Standard)
   * Component: CORE Version: 5.4.0

Package Vendor: Keil
                http://www.keil.com/pack/Keil.STM32F0xx_DFP.2.0.0.pack
                Keil.STM32F0xx_DFP.2.0.0
                STMicroelectronics STM32F0 Series Device Support, Drivers and Examples

<h2>Collection of Component include folders:</h2>
  .\RTE\_EggIncubator_HW41
  C:\Users\mehdi\AppData\Local\Arm\Packs\ARM\CMSIS\5.7.0\CMSIS\Core\Include
  C:\Users\mehdi\AppData\Local\Arm\Packs\Keil\STM32F0xx_DFP\2.0.0\Drivers\CMSIS\Device\ST\STM32F0xx\Include

<h2>Collection of Component Files used:</h2>

   * Component: ARM::CMSIS:CORE:5.4.0
      Include file:  CMSIS\Core\Include\tz_context.h
Build Time Elapsed:  00:00:02
</pre>
</body>
</html>
